Archive member included to satisfy reference by file (symbol)

../../libDaisy/build/libdaisy.a(daisy_seed.o)
                              build/TinyUsbCdcHidExternal.o (daisy::DaisySeed::Configure())
../../libDaisy/build/libdaisy.a(codec_ak4556.o)
                              ../../libDaisy/build/libdaisy.a(daisy_seed.o) (daisy::Ak4556::Init(dsy_gpio_pin))
../../libDaisy/build/libdaisy.a(codec_wm8731.o)
                              ../../libDaisy/build/libdaisy.a(daisy_seed.o) (daisy::Wm8731::Init(daisy::Wm8731::Config const&, daisy::I2CHandle))
../../libDaisy/build/libdaisy.a(sdram.o)
                              ../../libDaisy/build/libdaisy.a(daisy_seed.o) (SdramHandle::Init())
../../libDaisy/build/libdaisy.a(audio.o)
                              ../../libDaisy/build/libdaisy.a(daisy_seed.o) (daisy::AudioHandle::Init(daisy::AudioHandle::Config const&, daisy::SaiHandle))
../../libDaisy/build/libdaisy.a(usb.o)
                              build/TinyUsbCdcHidExternal.o (daisy::UsbHandle::Init(daisy::UsbHandle::UsbPeriph))
../../libDaisy/build/libdaisy.a(gpio.o)
                              ../../libDaisy/build/libdaisy.a(daisy_seed.o) (daisy::GPIO::Init(daisy::Pin, daisy::GPIO::Mode, daisy::GPIO::Pull, daisy::GPIO::Speed))
../../libDaisy/build/libdaisy.a(i2c.o)
                              ../../libDaisy/build/libdaisy.a(daisy_seed.o) (daisy::I2CHandle::Init(daisy::I2CHandle::Config const&))
../../libDaisy/build/libdaisy.a(qspi.o)
                              ../../libDaisy/build/libdaisy.a(daisy_seed.o) (daisy::QSPIHandle::Init(daisy::QSPIHandle::Config const&))
../../libDaisy/build/libdaisy.a(sai.o)
                              ../../libDaisy/build/libdaisy.a(daisy_seed.o) (daisy::SaiHandle::Init(daisy::SaiHandle::Config const&))
../../libDaisy/build/libdaisy.a(system.o)
                              ../../libDaisy/build/libdaisy.a(daisy_seed.o) (daisy::System::DeInit())
../../libDaisy/build/libdaisy.a(system_stm32h7xx.o)
                              build/startup_stm32h750xx.o (SystemInit)
../../libDaisy/build/libdaisy.a(usbd_cdc_if.o)
                              ../../libDaisy/build/libdaisy.a(usb.o) (CDC_Transmit_FS)
../../libDaisy/build/libdaisy.a(usbd_conf.o)
                              ../../libDaisy/build/libdaisy.a(system.o) (hpcd_USB_OTG_HS)
../../libDaisy/build/libdaisy.a(usbd_desc.o)
                              ../../libDaisy/build/libdaisy.a(usb.o) (HS_Desc)
../../libDaisy/build/libdaisy.a(usbh_conf.o)
                              ../../libDaisy/build/libdaisy.a(system.o) (hhcd_USB_OTG_HS)
../../libDaisy/build/libdaisy.a(hal_map.o)
                              ../../libDaisy/build/libdaisy.a(gpio.o) (dsy_hal_map_get_port)
../../libDaisy/build/libdaisy.a(stm32h7xx_hal.o)
                              ../../libDaisy/build/libdaisy.a(system.o) (HAL_Init)
../../libDaisy/build/libdaisy.a(stm32h7xx_hal_cortex.o)
                              ../../libDaisy/build/libdaisy.a(stm32h7xx_hal.o) (HAL_NVIC_SetPriorityGrouping)
../../libDaisy/build/libdaisy.a(stm32h7xx_hal_dma.o)
                              ../../libDaisy/build/libdaisy.a(i2c.o) (HAL_DMA_Init)
../../libDaisy/build/libdaisy.a(stm32h7xx_hal_gpio.o)
                              ../../libDaisy/build/libdaisy.a(sdram.o) (HAL_GPIO_Init)
../../libDaisy/build/libdaisy.a(stm32h7xx_hal_hcd.o)
                              ../../libDaisy/build/libdaisy.a(usbh_conf.o) (HAL_HCD_HC_Init)
../../libDaisy/build/libdaisy.a(stm32h7xx_hal_i2c.o)
                              ../../libDaisy/build/libdaisy.a(i2c.o) (HAL_I2C_Init)
../../libDaisy/build/libdaisy.a(stm32h7xx_hal_i2c_ex.o)
                              ../../libDaisy/build/libdaisy.a(i2c.o) (HAL_I2CEx_ConfigAnalogFilter)
../../libDaisy/build/libdaisy.a(stm32h7xx_hal_pcd.o)
                              ../../libDaisy/build/libdaisy.a(usbd_conf.o) (HAL_PCD_Init)
../../libDaisy/build/libdaisy.a(stm32h7xx_hal_pcd_ex.o)
                              ../../libDaisy/build/libdaisy.a(usbd_conf.o) (HAL_PCDEx_SetTxFiFo)
../../libDaisy/build/libdaisy.a(stm32h7xx_hal_pwr_ex.o)
                              ../../libDaisy/build/libdaisy.a(system.o) (HAL_PWREx_ConfigSupply)
../../libDaisy/build/libdaisy.a(stm32h7xx_hal_qspi.o)
                              ../../libDaisy/build/libdaisy.a(qspi.o) (HAL_QSPI_Init)
../../libDaisy/build/libdaisy.a(stm32h7xx_hal_rcc.o)
                              ../../libDaisy/build/libdaisy.a(system.o) (HAL_RCC_OscConfig)
../../libDaisy/build/libdaisy.a(stm32h7xx_hal_rcc_ex.o)
                              ../../libDaisy/build/libdaisy.a(system.o) (HAL_RCCEx_PeriphCLKConfig)
../../libDaisy/build/libdaisy.a(stm32h7xx_hal_sai.o)
                              ../../libDaisy/build/libdaisy.a(sai.o) (HAL_SAI_InitProtocol)
../../libDaisy/build/libdaisy.a(stm32h7xx_hal_sdram.o)
                              ../../libDaisy/build/libdaisy.a(sdram.o) (HAL_SDRAM_Init)
../../libDaisy/build/libdaisy.a(stm32h7xx_ll_fmc.o)
[...]
Memory Configuration

Name             Origin             Length             Attributes
FLASH            0x0000000008000000 0x0000000000020000 xr
DTCMRAM          0x0000000020000000 0x0000000000020000 xrw
SRAM             0x0000000024000000 0x0000000000080000 xrw
RAM_D2           0x0000000030000000 0x0000000000048000 xrw
RAM_D3           0x0000000038000000 0x0000000000010000 xrw
BACKUP_SRAM      0x0000000038800000 0x0000000000001000 xrw
ITCMRAM          0x0000000000000000 0x0000000000010000 xrw
SDRAM            0x00000000c0000000 0x0000000004000000 xrw
QSPIFLASH        0x0000000090000000 0x0000000000800000 xr
*default*        0x0000000000000000 0xffffffffffffffff

Linker script and memory map

LOAD /home/pi/Developer/gcc-arm-none-eabi-10-2020-q4-major/bin/../lib/gcc/arm-none-eabi/10.2.1/thumb/v7e-m+dp/hard/crti.o
LOAD /home/pi/Developer/gcc-arm-none-eabi-10-2020-q4-major/bin/../lib/gcc/arm-none-eabi/10.2.1/thumb/v7e-m+dp/hard/crtbegin.o
LOAD /home/pi/Developer/gcc-arm-none-eabi-10-2020-q4-major/bin/../lib/gcc/arm-none-eabi/10.2.1/../../../../arm-none-eabi/lib/thumb/v7e-m+dp/hard/crt0.o
LOAD build/usb_descriptors.o
LOAD build/tusb.o
LOAD build/tusb_fifo.o
LOAD build/usbd.o
LOAD build/cdc_device.o
LOAD build/hid_device.o
LOAD build/dcd_dwc2.o
LOAD build/dwc2_common.o
LOAD build/startup_stm32h750xx.o
LOAD build/TinyUsbCdcHidExternal.o
LOAD ../../libDaisy/build/libdaisy.a
LOAD /home/pi/Developer/gcc-arm-none-eabi-10-2020-q4-major/bin/../lib/gcc/arm-none-eabi/10.2.1/../../../../arm-none-eabi/lib/thumb/v7e-m+dp/hard/libnosys.a
LOAD ../../DaisySP/build/libdaisysp.a
LOAD /home/pi/Developer/gcc-arm-none-eabi-10-2020-q4-major/bin/../lib/gcc/arm-none-eabi/10.2.1/../../../../arm-none-eabi/lib/thumb/v7e-m+dp/hard/libstdc++_nano.a
LOAD /home/pi/Developer/gcc-arm-none-eabi-10-2020-q4-major/bin/../lib/gcc/arm-none-eabi/10.2.1/../../../../arm-none-eabi/lib/thumb/v7e-m+dp/hard/libm.a
LOAD /home/pi/Developer/gcc-arm-none-eabi-10-2020-q4-major/bin/../lib/gcc/arm-none-eabi/10.2.1/../../../../arm-none-eabi/lib/thumb/v7e-m+dp/hard/libc_nano.a
START GROUP
LOAD /home/pi/Developer/gcc-arm-none-eabi-10-2020-q4-major/bin/../lib/gcc/arm-none-eabi/10.2.1/thumb/v7e-m+dp/hard/libgcc.a
LOAD /home/pi/Developer/gcc-arm-none-eabi-10-2020-q4-major/bin/../lib/gcc/arm-none-eabi/10.2.1/../../../../arm-none-eabi/lib/thumb/v7e-m+dp/hard/libc_nano.a
END GROUP
START GROUP
LOAD /home/pi/Developer/gcc-arm-none-eabi-10-2020-q4-major/bin/../lib/gcc/arm-none-eabi/10.2.1/thumb/v7e-m+dp/hard/libgcc.a
LOAD /home/pi/Developer/gcc-arm-none-eabi-10-2020-q4-major/bin/../lib/gcc/arm-none-eabi/10.2.1/../../../../arm-none-eabi/lib/thumb/v7e-m+dp/hard/libc_nano.a
LOAD /home/pi/Developer/gcc-arm-none-eabi-10-2020-q4-major/bin/../lib/gcc/arm-none-eabi/10.2.1/../../../../arm-none-eabi/lib/thumb/v7e-m+dp/hard/libnosys.a
END GROUP
START GROUP
LOAD /home/pi/Developer/gcc-arm-none-eabi-10-2020-q4-major/bin/../lib/gcc/arm-none-eabi/10.2.1/thumb/v7e-m+dp/hard/libgcc.a
LOAD /home/pi/Developer/gcc-arm-none-eabi-10-2020-q4-major/bin/../lib/gcc/arm-none-eabi/10.2.1/../../../../arm-none-eabi/lib/thumb/v7e-m+dp/hard/libc_nano.a
LOAD /home/pi/Developer/gcc-arm-none-eabi-10-2020-q4-major/bin/../lib/gcc/arm-none-eabi/10.2.1/../../../../arm-none-eabi/lib/thumb/v7e-m+dp/hard/libnosys.a
END GROUP
LOAD /home/pi/Developer/gcc-arm-none-eabi-10-2020-q4-major/bin/../lib/gcc/arm-none-eabi/10.2.1/thumb/v7e-m+dp/hard/crtend.o
LOAD /home/pi/Developer/gcc-arm-none-eabi-10-2020-q4-major/bin/../lib/gcc/arm-none-eabi/10.2.1/thumb/v7e-m+dp/hard/crtn.o
                0x0000000020020000                _estack = 0x20020000

.isr_vector     0x0000000008000000      0x298
                0x0000000008000000                . = ALIGN (0x4)
 *(.isr_vector)
 .isr_vector    0x0000000008000000      0x298 build/startup_stm32h750xx.o
                0x0000000008000000                g_pfnVectors
                0x0000000008000298                . = ALIGN (0x4)

.text           0x00000000080002a0    0x138c8
                0x00000000080002a0                . = ALIGN (0x4)
                0x00000000080002a0                _stext = .
 *(.text)
 .text          0x00000000080002a0       0x40 /home/pi/Developer/gcc-arm-none-eabi-10-2020-q4-major/bin/../lib/gcc/arm-none-eabi/10.2.1/thumb/v7e-m+dp/hard/crtbegin.o
 .text          0x00000000080002e0       0x10 /home/pi/Developer/gcc-arm-none-eabi-10-2020-q4-major/bin/../lib/gcc/arm-none-eabi/10.2.1/../../../../arm-none-eabi/lib/thumb/v7e-m+dp/hard/libc_nano.a(lib_a-strlen.o)
                0x00000000080002e0                strlen
 .text          0x00000000080002f0       0xa0 /home/pi/Developer/gcc-arm-none-eabi-10-2020-q4-major/bin/../lib/gcc/arm-none-eabi/10.2.1/../../../../arm-none-eabi/lib/thumb/v7e-m+dp/hard/libc_nano.a(lib_a-memchr.o)
                0x00000000080002f0                memchr
 .text          0x0000000008000390       0x30 /home/pi/Developer/gcc-arm-none-eabi-10-2020-q4-major/bin/../lib/gcc/arm-none-eabi/10.2.1/thumb/v7e-m+dp/hard/libgcc.a(_aeabi_uldivmod.o)
                0x0000000008000390                __aeabi_uldivmod
 .text          0x00000000080003c0      0x2d0 /home/pi/Developer/gcc-arm-none-eabi-10-2020-q4-major/bin/../lib/gcc/arm-none-eabi/10.2.1/thumb/v7e-m+dp/hard/libgcc.a(_udivmoddi4.o)
                0x00000000080003c0                __udivmoddi4
 .text          0x0000000008000690        0x4 /home/pi/Developer/gcc-arm-none-eabi-10-2020-q4-major/bin/../lib/gcc/arm-none-eabi/10.2.1/thumb/v7e-m+dp/hard/libgcc.a(_dvmd_tls.o)
                0x0000000008000690                __aeabi_ldiv0
                0x0000000008000690                __aeabi_idiv0
 *(.text*)
 .text.tud_descriptor_device_cb
                0x0000000008000694        0x8 build/usb_descriptors.o
                0x0000000008000694                tud_descriptor_device_cb
 .text.tud_hid_descriptor_report_cb
                0x000000000800069c        0x8 build/usb_descriptors.o
                0x000000000800069c                tud_hid_descriptor_report_cb
 .text.tud_descriptor_configuration_cb
                0x00000000080006a4        0x8 build/usb_descriptors.o
                0x00000000080006a4                tud_descriptor_configuration_cb
 .text.tud_descriptor_string_cb
                0x00000000080006ac       0xd8 build/usb_descriptors.o
                0x00000000080006ac                tud_descriptor_string_cb
 .text.stream_xfer
                0x0000000008000784       0x3c build/tusb.o
 .text.tu_edpt_stream_read_xfer.part.0
                0x00000000080007c0       0x8c build/tusb.o
 .text.tusb_rhport_init
                0x000000000800084c       0x4c build/tusb.o
                0x000000000800084c                tusb_rhport_init
 .text.tu_edpt_claim
                0x0000000008000898       0x24 build/tusb.o
                0x0000000008000898                tu_edpt_claim
 .text.tu_edpt_release
                0x00000000080008bc       0x1c build/tusb.o
                0x00000000080008bc                tu_edpt_release
 .text.tu_bind_driver_to_ep_itf
                0x00000000080008d8       0x7c build/tusb.o
                0x00000000080008d8                tu_bind_driver_to_ep_itf
 .text.tu_edpt_stream_init
                0x0000000008000954       0x28 build/tusb.o
                0x0000000008000954                tu_edpt_stream_init
 .text.tu_edpt_stream_write_zlp_if_needed
                0x000000000800097c       0x50 build/tusb.o
                0x000000000800097c                tu_edpt_stream_write_zlp_if_needed
 .text.tu_edpt_stream_write_xfer
                0x00000000080009cc       0xa4 build/tusb.o
                0x00000000080009cc                tu_edpt_stream_write_xfer
 .text.tu_edpt_stream_write
                0x0000000008000a70       0x50 build/tusb.o
                0x0000000008000a70                tu_edpt_stream_write
 .text.tu_edpt_stream_read_xfer
                0x0000000008000ac0       0x3c build/tusb.o
                0x0000000008000ac0                tu_edpt_stream_read_xfer
 .text.tu_edpt_stream_read
                0x0000000008000afc       0x48 build/tusb.o
                0x0000000008000afc                tu_edpt_stream_read
 .text.tu_fifo_config
                0x0000000008000b44       0x28 build/tusb_fifo.o
                0x0000000008000b44                tu_fifo_config
 .text.tu_fifo_clear
                0x0000000008000b6c        0x8 build/tusb_fifo.o
                0x0000000008000b6c                tu_fifo_clear
 .text.tu_fifo_set_overwritable
                0x0000000008000b74        0xc build/tusb_fifo.o
                0x0000000008000b74                tu_fifo_set_overwritable
 .text.tu_hwfifo_write
                0x0000000008000b80       0x3c build/tusb_fifo.o
                0x0000000008000b80                tu_hwfifo_write
 .text.tu_fifo_peek_n_access_mode
                0x0000000008000bbc      0x1c0 build/tusb_fifo.o
                0x0000000008000bbc                tu_fifo_peek_n_access_mode
 .text.tu_fifo_read_n_access_mode
                0x0000000008000d7c       0x38 build/tusb_fifo.o
                0x0000000008000d7c                tu_fifo_read_n_access_mode
 .text.tu_fifo_write_n_access_mode
                0x0000000008000db4      0x294 build/tusb_fifo.o
                0x0000000008000db4                tu_fifo_write_n_access_mode
 .text.tu_fifo_get_read_info
                0x0000000008001048       0x84 build/tusb_fifo.o
                0x0000000008001048                tu_fifo_get_read_info
 .text.tud_vendor_control_xfer_cb
                0x00000000080010cc        0x4 build/usbd.o
                0x00000000080010cc                tud_vendor_control_xfer_cb
 .text.configuration_reset
                0x00000000080010d0       0xa8 build/usbd.o
 .text.usbd_int_set
                0x0000000008001178       0x14 build/usbd.o
                0x0000000008001178                usbd_int_set
 .text.tud_sof_cb
                0x000000000800118c        0x4 build/usbd.o
                0x000000000800118c                tud_sof_cb
 .text.tud_descriptor_bos_cb
                0x0000000008001190        0x4 build/usbd.o
                0x0000000008001190                tud_descriptor_bos_cb
 .text.tud_descriptor_device_qualifier_cb
                0x0000000008001194        0x4 build/usbd.o
                0x0000000008001194                tud_descriptor_device_qualifier_cb
 .text.tud_descriptor_other_speed_configuration_cb
                0x0000000008001198        0x4 build/usbd.o
                0x0000000008001198                tud_descriptor_other_speed_configuration_cb
 .text.usbd_app_driver_get_cb
                0x000000000800119c        0xc build/usbd.o
                0x000000000800119c                usbd_app_driver_get_cb
 .text.tud_mounted
                0x00000000080011a8       0x10 build/usbd.o
                0x00000000080011a8                tud_mounted
 .text.tud_suspended
                0x00000000080011b8       0x10 build/usbd.o
                0x00000000080011b8                tud_suspended
 .text.tud_rhport_init
                0x00000000080011c8      0x100 build/usbd.o
                0x00000000080011c8                tud_rhport_init
 .text.dcd_edpt0_status_complete
                0x00000000080012c8        0x4 build/usbd.o
                0x00000000080012c8                dcd_edpt0_status_complete
 .text.usbd_spin_lock
                0x00000000080012cc       0x1c build/usbd.o
                0x00000000080012cc                usbd_spin_lock
 .text.usbd_spin_unlock
                0x00000000080012e8       0x1c build/usbd.o
                0x00000000080012e8                usbd_spin_unlock
 .text.usbd_open_edpt_pair
                0x0000000008001304       0x8c build/usbd.o
                0x0000000008001304                usbd_open_edpt_pair
 .text.usbd_edpt_open
                0x0000000008001390       0x30 build/usbd.o
                0x0000000008001390                usbd_edpt_open
 .text.usbd_edpt_claim
                0x00000000080013c0       0x1c build/usbd.o
                0x00000000080013c0                usbd_edpt_claim
 .text.usbd_edpt_release
                0x00000000080013dc       0x1c build/usbd.o
                0x00000000080013dc                usbd_edpt_release
 .text.usbd_edpt_xfer
                0x00000000080013f8       0x74 build/usbd.o
                0x00000000080013f8                usbd_edpt_xfer
 .text.tud_control_status
                0x000000000800146c       0x30 build/usbd.o
                0x000000000800146c                tud_control_status
 .text.data_stage_xact
                0x000000000800149c       0x74 build/usbd.o
 .text.tud_control_xfer
                0x0000000008001510       0x64 build/usbd.o
                0x0000000008001510                tud_control_xfer
 .text.tud_task_ext
                0x0000000008001574      0x79c build/usbd.o
                0x0000000008001574                tud_task_ext
 .text.usbd_edpt_xfer_fifo
                0x0000000008001d10       0x74 build/usbd.o
                0x0000000008001d10                usbd_edpt_xfer_fifo
 .text.usbd_edpt_busy
                0x0000000008001d84       0x1c build/usbd.o
                0x0000000008001d84                usbd_edpt_busy
 .text.tud_cdc_rx_cb
                0x0000000008001da0        0x4 build/cdc_device.o
                0x0000000008001da0                tud_cdc_rx_cb
 .text.tud_cdc_rx_wanted_cb
                0x0000000008001da4        0x4 build/cdc_device.o
                0x0000000008001da4                tud_cdc_rx_wanted_cb
 .text.tud_cdc_tx_complete_cb
                0x0000000008001da8        0x4 build/cdc_device.o
                0x0000000008001da8                tud_cdc_tx_complete_cb
 .text.tud_cdc_notify_complete_cb
                0x0000000008001dac        0x4 build/cdc_device.o
                0x0000000008001dac                tud_cdc_notify_complete_cb
 .text.tud_cdc_line_state_cb
                0x0000000008001db0        0x4 build/cdc_device.o
                0x0000000008001db0                tud_cdc_line_state_cb
 .text.tud_cdc_line_coding_cb
                0x0000000008001db4        0x4 build/cdc_device.o
                0x0000000008001db4                tud_cdc_line_coding_cb
 .text.tud_cdc_send_break_cb
                0x0000000008001db8        0x4 build/cdc_device.o
                0x0000000008001db8                tud_cdc_send_break_cb
 .text.tud_cdc_n_connected
                0x0000000008001dbc       0x30 build/cdc_device.o
                0x0000000008001dbc                tud_cdc_n_connected
 .text.tud_cdc_n_available
                0x0000000008001dec       0x34 build/cdc_device.o
                0x0000000008001dec                tud_cdc_n_available
 .text.tud_cdc_n_read
                0x0000000008001e20       0x10 build/cdc_device.o
                0x0000000008001e20                tud_cdc_n_read
 .text.tud_cdc_n_write
                0x0000000008001e30       0x10 build/cdc_device.o
                0x0000000008001e30                tud_cdc_n_write
 .text.tud_cdc_n_write_flush
                0x0000000008001e40       0x10 build/cdc_device.o
                0x0000000008001e40                tud_cdc_n_write_flush
 .text.cdcd_init
                0x0000000008001e50       0x58 build/cdc_device.o
                0x0000000008001e50                cdcd_init
 .text.cdcd_deinit
                0x0000000008001ea8        0x4 build/cdc_device.o
                0x0000000008001ea8                cdcd_deinit
 .text.cdcd_reset
                0x0000000008001eac       0x20 build/cdc_device.o
                0x0000000008001eac                cdcd_reset
 .text.cdcd_open
                0x0000000008001ecc      0x188 build/cdc_device.o
                0x0000000008001ecc                cdcd_open
 .text.cdcd_control_xfer_cb
                0x0000000008002054       0xb4 build/cdc_device.o
                0x0000000008002054                cdcd_control_xfer_cb
 .text.cdcd_xfer_cb
                0x0000000008002108      0x12c build/cdc_device.o
                0x0000000008002108                cdcd_xfer_cb
 .text.tud_hid_set_protocol_cb
                0x0000000008002234        0x4 build/hid_device.o
                0x0000000008002234                tud_hid_set_protocol_cb
 .text.tud_hid_set_idle_cb
                0x0000000008002238        0x4 build/hid_device.o
                0x0000000008002238                tud_hid_set_idle_cb
 .text.tud_hid_report_complete_cb
                0x000000000800223c        0x4 build/hid_device.o
                0x000000000800223c                tud_hid_report_complete_cb
 .text.tud_hid_report_failed_cb
                0x0000000008002240        0x4 build/hid_device.o
                0x0000000008002240                tud_hid_report_failed_cb
 .text.tud_hid_n_ready
                0x0000000008002244       0x40 build/hid_device.o
                0x0000000008002244                tud_hid_n_ready
 .text.tud_hid_n_keyboard_report
                0x0000000008002284       0x80 build/hid_device.o
                0x0000000008002284                tud_hid_n_keyboard_report
 .text.hidd_init
                0x0000000008002304       0x10 build/hid_device.o
                0x0000000008002304                hidd_init
 .text.hidd_deinit
                0x0000000008002314        0x4 build/hid_device.o
                0x0000000008002314                hidd_deinit
 .text.hidd_reset
                0x0000000008002318       0x10 build/hid_device.o
                0x0000000008002318                hidd_reset
 .text.hidd_open
                0x0000000008002328       0xbc build/hid_device.o
                0x0000000008002328                hidd_open
 .text.hidd_control_xfer_cb
                0x00000000080023e4      0x1d4 build/hid_device.o
                0x00000000080023e4                hidd_control_xfer_cb
 .text.hidd_xfer_cb
                0x00000000080025b8       0xa8 build/hid_device.o
                0x00000000080025b8                hidd_xfer_cb
 .text.dfifo_alloc
                0x0000000008002660       0xf4 build/dcd_dwc2.o
 .text.dfifo_device_init
                0x0000000008002754       0x50 build/dcd_dwc2.o
 .text.edpt_activate
                0x00000000080027a4       0xb8 build/dcd_dwc2.o
 .text.edpt_disable
                0x000000000800285c      0x124 build/dcd_dwc2.o
 .text.epin_write_tx_fifo
                0x0000000008002980       0xa4 build/dcd_dwc2.o
 .text.edpt_schedule_packets
                0x0000000008002a24       0xdc build/dcd_dwc2.o
 .text.dcd_init
                0x0000000008002b00      0x124 build/dcd_dwc2.o
                0x0000000008002b00                dcd_init
 .text.dcd_int_enable
                0x0000000008002c24       0x30 build/dcd_dwc2.o
                0x0000000008002c24                dcd_int_enable
 .text.dcd_int_disable
                0x0000000008002c54       0x38 build/dcd_dwc2.o
                0x0000000008002c54                dcd_int_disable
 .text.dcd_set_address
                0x0000000008002c8c       0x64 build/dcd_dwc2.o
                0x0000000008002c8c                dcd_set_address
 .text.dcd_sof_enable
                0x0000000008002cf0       0x3c build/dcd_dwc2.o
                0x0000000008002cf0                dcd_sof_enable
 .text.dcd_edpt_open
                0x0000000008002d2c       0x44 build/dcd_dwc2.o
                0x0000000008002d2c                dcd_edpt_open
 .text.dcd_edpt_close_all
                0x0000000008002d70       0xbc build/dcd_dwc2.o
                0x0000000008002d70                dcd_edpt_close_all
 .text.dcd_edpt_xfer
                0x0000000008002e2c       0x68 build/dcd_dwc2.o
                0x0000000008002e2c                dcd_edpt_xfer
 .text.dcd_edpt_xfer_fifo
                0x0000000008002e94       0x6c build/dcd_dwc2.o
                0x0000000008002e94                dcd_edpt_xfer_fifo
 .text.dcd_edpt_stall
                0x0000000008002f00       0x30 build/dcd_dwc2.o
                0x0000000008002f00                dcd_edpt_stall
 .text.dcd_edpt_clear_stall
                0x0000000008002f30       0x48 build/dcd_dwc2.o
                0x0000000008002f30                dcd_edpt_clear_stall
 .text.reset_core
                0x0000000008002f78       0x40 build/dwc2_common.o
 .text.dwc2_core_is_highspeed_phy
                0x0000000008002fb8       0x1c build/dwc2_common.o
                0x0000000008002fb8                dwc2_core_is_highspeed_phy
 .text.dwc2_core_init
                0x0000000008002fd4      0x358 build/dwc2_common.o
                0x0000000008002fd4                dwc2_core_init
 .text.Default_Handler
                0x000000000800332c        0x4 build/startup_stm32h750xx.o
                0x000000000800332c                RTC_Alarm_IRQHandler
                0x000000000800332c                HASH_RNG_IRQHandler
                0x000000000800332c                EXTI2_IRQHandler
                0x000000000800332c                TIM8_CC_IRQHandler
                0x000000000800332c                HRTIM1_Master_IRQHandler
                0x000000000800332c                DebugMon_Handler
                0x000000000800332c                TIM1_CC_IRQHandler
                0x000000000800332c                BDMA_Channel6_IRQHandler
                0x000000000800332c                DMA2_Stream5_IRQHandler
                0x000000000800332c                HRTIM1_FLT_IRQHandler
                0x000000000800332c                JPEG_IRQHandler
                0x000000000800332c                BDMA_Channel1_IRQHandler
                0x000000000800332c                HRTIM1_TIMD_IRQHandler
                0x000000000800332c                TAMP_STAMP_IRQHandler
                0x000000000800332c                PendSV_Handler
                0x000000000800332c                NMI_Handler
                0x000000000800332c                EXTI3_IRQHandler
                0x000000000800332c                LPTIM4_IRQHandler
                0x000000000800332c                TIM8_TRG_COM_TIM14_IRQHandler
                0x000000000800332c                LPTIM2_IRQHandler
                0x000000000800332c                DFSDM1_FLT1_IRQHandler
                0x000000000800332c                DMAMUX2_OVR_IRQHandler
                0x000000000800332c                TIM8_UP_TIM13_IRQHandler
                0x000000000800332c                I2C3_ER_IRQHandler
                0x000000000800332c                DFSDM1_FLT2_IRQHandler
                0x000000000800332c                MDMA_IRQHandler
                0x000000000800332c                LPTIM3_IRQHandler
                0x000000000800332c                HSEM1_IRQHandler
                0x000000000800332c                EXTI0_IRQHandler
                0x000000000800332c                DMA1_Stream2_IRQHandler
                0x000000000800332c                FPU_IRQHandler
                0x000000000800332c                OTG_HS_WKUP_IRQHandler
                0x000000000800332c                FDCAN1_IT1_IRQHandler
                0x000000000800332c                UsageFault_Handler
                0x000000000800332c                LTDC_ER_IRQHandler
                0x000000000800332c                HRTIM1_TIME_IRQHandler
                0x000000000800332c                TIM6_DAC_IRQHandler
                0x000000000800332c                DCMI_IRQHandler
                0x000000000800332c                HRTIM1_TIMC_IRQHandler
                0x000000000800332c                SAI2_IRQHandler
                0x000000000800332c                DFSDM1_FLT3_IRQHandler
                0x000000000800332c                TIM17_IRQHandler
                0x000000000800332c                CRYP_IRQHandler
                0x000000000800332c                BDMA_Channel7_IRQHandler
                0x000000000800332c                LPTIM5_IRQHandler
                0x000000000800332c                ADC3_IRQHandler
                0x000000000800332c                DMA2_Stream0_IRQHandler
                0x000000000800332c                BDMA_Channel2_IRQHandler
                0x000000000800332c                DMAMUX1_OVR_IRQHandler
                0x000000000800332c                TIM16_IRQHandler
                0x000000000800332c                BDMA_Channel5_IRQHandler
                0x000000000800332c                RCC_IRQHandler
                0x000000000800332c                TIM8_BRK_TIM12_IRQHandler
                0x000000000800332c                TIM1_TRG_COM_IRQHandler
                0x000000000800332c                Default_Handler
                0x000000000800332c                ECC_IRQHandler
                0x000000000800332c                CEC_IRQHandler
                0x000000000800332c                EXTI15_10_IRQHandler
                0x000000000800332c                BDMA_Channel0_IRQHandler
                0x000000000800332c                ADC_IRQHandler
                0x000000000800332c                DMA1_Stream7_IRQHandler
                0x000000000800332c                HRTIM1_TIMA_IRQHandler
                0x000000000800332c                TIM7_IRQHandler
                0x000000000800332c                SDMMC1_IRQHandler
                0x000000000800332c                DMA2_Stream7_IRQHandler
                0x000000000800332c                TIM15_IRQHandler
                0x000000000800332c                PVD_AVD_IRQHandler
                0x000000000800332c                EXTI9_5_IRQHandler
                0x000000000800332c                RTC_WKUP_IRQHandler
                0x000000000800332c                LTDC_IRQHandler
                0x000000000800332c                SAI3_IRQHandler
                0x000000000800332c                ETH_WKUP_IRQHandler
                0x000000000800332c                SPDIF_RX_IRQHandler
                0x000000000800332c                MemManage_Handler
                0x000000000800332c                SVC_Handler
                0x000000000800332c                CRS_IRQHandler
                0x000000000800332c                EXTI4_IRQHandler
                0x000000000800332c                HRTIM1_TIMB_IRQHandler
                0x000000000800332c                FDCAN2_IT1_IRQHandler
                0x000000000800332c                ETH_IRQHandler
                0x000000000800332c                TIM1_UP_IRQHandler
                0x000000000800332c                BDMA_Channel4_IRQHandler
                0x000000000800332c                WWDG_IRQHandler
                0x000000000800332c                SPI6_IRQHandler
                0x000000000800332c                I2C4_EV_IRQHandler
                0x000000000800332c                MDIOS_IRQHandler
                0x000000000800332c                FDCAN2_IT0_IRQHandler
                0x000000000800332c                FDCAN1_IT0_IRQHandler
                0x000000000800332c                OTG_FS_WKUP_IRQHandler
                0x000000000800332c                DMA2D_IRQHandler
                0x000000000800332c                TIM1_BRK_IRQHandler
                0x000000000800332c                EXTI1_IRQHandler
                0x000000000800332c                SDMMC2_IRQHandler
                0x000000000800332c                BDMA_Channel3_IRQHandler
                0x000000000800332c                MDIOS_WKUP_IRQHandler
                0x000000000800332c                DFSDM1_FLT0_IRQHandler
                0x000000000800332c                SAI4_IRQHandler
                0x000000000800332c                I2C2_ER_IRQHandler
                0x000000000800332c                DMA2_Stream1_IRQHandler
                0x000000000800332c                FLASH_IRQHandler
                0x000000000800332c                BusFault_Handler
                0x000000000800332c                WAKEUP_PIN_IRQHandler
                0x000000000800332c                I2C1_ER_IRQHandler
                0x000000000800332c                FMC_IRQHandler
                0x000000000800332c                FDCAN_CAL_IRQHandler
                0x000000000800332c                SWPMI1_IRQHandler
                0x000000000800332c                COMP1_IRQHandler
                0x000000000800332c                LPTIM1_IRQHandler
                0x000000000800332c                I2C4_ER_IRQHandler
                0x000000000800332c                DMA2_Stream6_IRQHandler
                0x000000000800332c                SAI1_IRQHandler
 .text.Reset_Handler
                0x0000000008003330       0x44 build/startup_stm32h750xx.o
                0x0000000008003330                Reset_Handler
 .text._ZN5daisy9DaisySeedD2Ev
                0x0000000008003374        0x4 build/TinyUsbCdcHidExternal.o
                0x0000000008003374                daisy::DaisySeed::~DaisySeed()
                0x0000000008003374                daisy::DaisySeed::~DaisySeed()
 .text.board_get_unique_id
                0x0000000008003378       0x38 build/TinyUsbCdcHidExternal.o
                0x0000000008003378                board_get_unique_id
 .text.tud_mount_cb
                0x00000000080033b0       0x10 build/TinyUsbCdcHidExternal.o
                0x00000000080033b0                tud_mount_cb
 .text.tud_umount_cb
                0x00000000080033c0        0xc build/TinyUsbCdcHidExternal.o
                0x00000000080033c0                tud_umount_cb
 .text.tud_suspend_cb
                0x00000000080033cc       0x10 build/TinyUsbCdcHidExternal.o
                0x00000000080033cc                tud_suspend_cb
 .text.tud_resume_cb
                0x00000000080033dc       0x1c build/TinyUsbCdcHidExternal.o
                0x00000000080033dc                tud_resume_cb
 .text.tud_hid_get_report_cb
                0x00000000080033f8        0x4 build/TinyUsbCdcHidExternal.o
                0x00000000080033f8                tud_hid_get_report_cb
 .text.tud_hid_set_report_cb
                0x00000000080033fc        0x4 build/TinyUsbCdcHidExternal.o
                0x00000000080033fc                tud_hid_set_report_cb
 .text.startup.main
                0x0000000008003400      0x14c build/TinyUsbCdcHidExternal.o
                0x0000000008003400                main
 .text.startup._GLOBAL__sub_I_hw
                0x000000000800354c       0x20 build/TinyUsbCdcHidExternal.o
 .text._ZN5daisy9DaisySeed9ConfigureEv
                0x000000000800356c        0x4 ../../libDaisy/build/libdaisy.a(daisy_seed.o)
                0x000000000800356c                daisy::DaisySeed::Configure()
 .text._ZN5daisy9DaisySeed6SetLedEb
                0x0000000008003570        0x8 ../../libDaisy/build/libdaisy.a(daisy_seed.o)
                0x0000000008003570                daisy::DaisySeed::SetLed(bool)
 .text._ZN5daisy9DaisySeed17CheckBoardVersionEv
                0x0000000008003578       0x6c ../../libDaisy/build/libdaisy.a(daisy_seed.o)
                0x0000000008003578                daisy::DaisySeed::CheckBoardVersion()
 .text._ZN5daisy9DaisySeed14ConfigureAudioEv
                0x00000000080035e4      0x10c ../../libDaisy/build/libdaisy.a(daisy_seed.o)
                0x00000000080035e4                daisy::DaisySeed::ConfigureAudio()
 .text._ZN5daisy9DaisySeed4InitEb
                0x00000000080036f0      0x108 ../../libDaisy/build/libdaisy.a(daisy_seed.o)
                0x00000000080036f0                daisy::DaisySeed::Init(bool)
 .text._ZN5daisy6Ak45564InitE12dsy_gpio_pin
                0x00000000080037f8       0x44 ../../libDaisy/build/libdaisy.a(codec_ak4556.o)
                0x00000000080037f8                daisy::Ak4556::Init(dsy_gpio_pin)
 .text._ZN5daisy6Wm873120WriteControlRegisterEht
                0x000000000800383c       0x3c ../../libDaisy/build/libdaisy.a(codec_wm8731.o)
                0x000000000800383c                daisy::Wm8731::WriteControlRegister(unsigned char, unsigned short)
 .text._ZN5daisy6Wm87314InitERKNS0_6ConfigENS_9I2CHandleE
                0x0000000008003878      0x1bc ../../libDaisy/build/libdaisy.a(codec_wm8731.o)
                0x0000000008003878                daisy::Wm8731::Init(daisy::Wm8731::Config const&, daisy::I2CHandle)
 .text._ZN11SdramHandle10DeviceInitEv
                0x0000000008003a34       0x98 ../../libDaisy/build/libdaisy.a(sdram.o)
                0x0000000008003a34                SdramHandle::DeviceInit()
 .text._ZN11SdramHandle4InitEv
                0x0000000008003acc       0x7c ../../libDaisy/build/libdaisy.a(sdram.o)
                0x0000000008003acc                SdramHandle::Init()
 .text.HAL_SDRAM_MspInit
                0x0000000008003b48      0x1a8 ../../libDaisy/build/libdaisy.a(sdram.o)
                0x0000000008003b48                HAL_SDRAM_MspInit
 .text._ZN5daisy11AudioHandle4InitERKNS0_6ConfigENS_9SaiHandleE
                0x0000000008003cf0       0x70 ../../libDaisy/build/libdaisy.a(audio.o)
                0x0000000008003cf0                daisy::AudioHandle::Init(daisy::AudioHandle::Config const&, daisy::SaiHandle)
 .text._ZNK5daisy11AudioHandle9GetConfigEv
                0x0000000008003d60        0x8 ../../libDaisy/build/libdaisy.a(audio.o)
                0x0000000008003d60                daisy::AudioHandle::GetConfig() const
 .text._ZN5daisy11AudioHandle13GetSampleRateEv
                0x0000000008003d68        0x8 ../../libDaisy/build/libdaisy.a(audio.o)
                0x0000000008003d68                daisy::AudioHandle::GetSampleRate()
 .text.startup._GLOBAL__sub_I__ZN5daisy11AudioHandle4Impl4InitENS0_6ConfigENS_9SaiHandleE
                0x0000000008003d70       0x24 ../../libDaisy/build/libdaisy.a(audio.o)
 .text.DummyRxCallback
                0x0000000008003d94        0x4 ../../libDaisy/build/libdaisy.a(usb.o)
                0x0000000008003d94                DummyRxCallback
 .text._ZN5daisy9UsbHandle4InitENS0_9UsbPeriphE
                0x0000000008003d98      0x10c ../../libDaisy/build/libdaisy.a(usb.o)
                0x0000000008003d98                daisy::UsbHandle::Init(daisy::UsbHandle::UsbPeriph)
 .text.OTG_FS_EP1_OUT_IRQHandler
                0x0000000008003ea4        0xc ../../libDaisy/build/libdaisy.a(usb.o)
                0x0000000008003ea4                OTG_FS_EP1_OUT_IRQHandler
 .text.OTG_FS_EP1_IN_IRQHandler
                0x0000000008003eb0        0xc ../../libDaisy/build/libdaisy.a(usb.o)
                0x0000000008003eb0                OTG_FS_EP1_IN_IRQHandler
 .text.OTG_FS_IRQHandler
                0x0000000008003ebc        0xc ../../libDaisy/build/libdaisy.a(usb.o)
                0x0000000008003ebc                OTG_FS_IRQHandler
 .text._ZN5daisy4GPIO4InitENS_3PinENS0_4ModeENS0_4PullENS0_5SpeedE
                0x0000000008003ec8      0x1cc ../../libDaisy/build/libdaisy.a(gpio.o)
                0x0000000008003ec8                daisy::GPIO::Init(daisy::Pin, daisy::GPIO::Mode, daisy::GPIO::Pull, daisy::GPIO::Speed)
 .text._ZN5daisy4GPIO4ReadEv
                0x0000000008004094       0x18 ../../libDaisy/build/libdaisy.a(gpio.o)
                0x0000000008004094                daisy::GPIO::Read()
 .text._ZN5daisy4GPIO5WriteEb
                0x00000000080040ac       0x14 ../../libDaisy/build/libdaisy.a(gpio.o)
                0x00000000080040ac                daisy::GPIO::Write(bool)
 .text.dsy_gpio_init
                0x00000000080040c0      0x1b8 ../../libDaisy/build/libdaisy.a(gpio.o)
                0x00000000080040c0                dsy_gpio_init
 .text.dsy_gpio_write
                0x0000000008004278       0x24 ../../libDaisy/build/libdaisy.a(gpio.o)
                0x0000000008004278                dsy_gpio_write
 .text._ZN5daisy9I2CHandle4Impl8InitPinsEv
                0x000000000800429c       0x58 ../../libDaisy/build/libdaisy.a(i2c.o)
                0x000000000800429c                daisy::I2CHandle::Impl::InitPins()
 .text.HAL_I2C_MspInit
                0x00000000080042f4      0x1b4 ../../libDaisy/build/libdaisy.a(i2c.o)
                0x00000000080042f4                HAL_I2C_MspInit
 .text.dsy_i2c_global_init
                0x00000000080044a8       0x78 ../../libDaisy/build/libdaisy.a(i2c.o)
                0x00000000080044a8                dsy_i2c_global_init
 .text.DMA1_Stream6_IRQHandler
                0x0000000008004520       0x34 ../../libDaisy/build/libdaisy.a(i2c.o)
                0x0000000008004520                DMA1_Stream6_IRQHandler
 .text.I2C1_EV_IRQHandler
                0x0000000008004554        0xc ../../libDaisy/build/libdaisy.a(i2c.o)
                0x0000000008004554                I2C1_EV_IRQHandler
 .text.I2C2_EV_IRQHandler
                0x0000000008004560        0xc ../../libDaisy/build/libdaisy.a(i2c.o)
                0x0000000008004560                I2C2_EV_IRQHandler
 .text.I2C3_EV_IRQHandler
                0x000000000800456c        0xc ../../libDaisy/build/libdaisy.a(i2c.o)
                0x000000000800456c                I2C3_EV_IRQHandler
 .text._ZN5daisy9I2CHandle4InitERKNS0_6ConfigE
                0x0000000008004578      0x12c ../../libDaisy/build/libdaisy.a(i2c.o)
                0x0000000008004578                daisy::I2CHandle::Init(daisy::I2CHandle::Config const&)
 .text._ZN5daisy9I2CHandle16TransmitBlockingEtPhtm
                0x00000000080046a4       0x50 ../../libDaisy/build/libdaisy.a(i2c.o)
                0x00000000080046a4                daisy::I2CHandle::TransmitBlocking(unsigned short, unsigned char*, unsigned short, unsigned long)
 .text.startup._GLOBAL__sub_I__ZN5daisy9I2CHandle4Impl10GlobalInitEv
                0x00000000080046f4       0x18 ../../libDaisy/build/libdaisy.a(i2c.o)
 .text._ZN5daisy10QSPIHandle4Impl11WriteEnableEv
                0x000000000800470c       0x8c ../../libDaisy/build/libdaisy.a(qspi.o)
                0x000000000800470c                daisy::QSPIHandle::Impl::WriteEnable()
 .text._ZN5daisy10QSPIHandle4Impl17DummyCyclesConfigENS0_6Config6DeviceE
                0x0000000008004798      0x118 ../../libDaisy/build/libdaisy.a(qspi.o)
                0x0000000008004798                daisy::QSPIHandle::Impl::DummyCyclesConfig(daisy::QSPIHandle::Config::Device)
 .text._ZN5daisy10QSPIHandle4Impl10QuadEnableEv
                0x00000000080048b0      0x158 ../../libDaisy/build/libdaisy.a(qspi.o)
                0x00000000080048b0                daisy::QSPIHandle::Impl::QuadEnable()
 .text._ZN5daisy10QSPIHandle4InitERKNS0_6ConfigE
                0x0000000008004a08      0x198 ../../libDaisy/build/libdaisy.a(qspi.o)
                0x0000000008004a08                daisy::QSPIHandle::Init(daisy::QSPIHandle::Config const&)
 .text.HAL_QSPI_MspInit
                0x0000000008004ba0      0x11c ../../libDaisy/build/libdaisy.a(qspi.o)
                0x0000000008004ba0                HAL_QSPI_MspInit
 .text.HAL_QSPI_MspDeInit
                0x0000000008004cbc       0x54 ../../libDaisy/build/libdaisy.a(qspi.o)
                0x0000000008004cbc                HAL_QSPI_MspDeInit
 .text.QUADSPI_IRQHandler
                0x0000000008004d10        0xc ../../libDaisy/build/libdaisy.a(qspi.o)
                0x0000000008004d10                QUADSPI_IRQHandler
 .text.startup._GLOBAL__sub_I__ZN5daisy10QSPIHandle4Impl4InitERKNS0_6ConfigE
                0x0000000008004d1c       0x28 ../../libDaisy/build/libdaisy.a(qspi.o)
 .text._ZN5daisy9SaiHandle4Impl7InitDmaENS1_15PeripheralBlockE
                0x0000000008004d44       0xa0 ../../libDaisy/build/libdaisy.a(sai.o)
                0x0000000008004d44                daisy::SaiHandle::Impl::InitDma(daisy::SaiHandle::Impl::PeripheralBlock)
 .text._ZN5daisy9SaiHandle4Impl8InitPinsEv
                0x0000000008004de4       0xa8 ../../libDaisy/build/libdaisy.a(sai.o)
                0x0000000008004de4                daisy::SaiHandle::Impl::InitPins()
 .text.HAL_SAI_MspInit
                0x0000000008004e8c      0x164 ../../libDaisy/build/libdaisy.a(sai.o)
                0x0000000008004e8c                HAL_SAI_MspInit
 .text.DMA1_Stream0_IRQHandler
                0x0000000008004ff0        0xc ../../libDaisy/build/libdaisy.a(sai.o)
                0x0000000008004ff0                DMA1_Stream0_IRQHandler
 .text.DMA1_Stream1_IRQHandler
                0x0000000008004ffc        0xc ../../libDaisy/build/libdaisy.a(sai.o)
                0x0000000008004ffc                DMA1_Stream1_IRQHandler
 .text.DMA1_Stream3_IRQHandler
                0x0000000008005008        0xc ../../libDaisy/build/libdaisy.a(sai.o)
                0x0000000008005008                DMA1_Stream3_IRQHandler
 .text.DMA1_Stream4_IRQHandler
                0x0000000008005014        0xc ../../libDaisy/build/libdaisy.a(sai.o)
                0x0000000008005014                DMA1_Stream4_IRQHandler
 .text._ZN5daisy9SaiHandle4InitERKNS0_6ConfigE
                0x0000000008005020      0x1f0 ../../libDaisy/build/libdaisy.a(sai.o)
                0x0000000008005020                daisy::SaiHandle::Init(daisy::SaiHandle::Config const&)
 .text._ZNK5daisy9SaiHandle9GetConfigEv
                0x0000000008005210        0x4 ../../libDaisy/build/libdaisy.a(sai.o)
                0x0000000008005210                daisy::SaiHandle::GetConfig() const
 .text._ZN5daisy9SaiHandle13GetSampleRateEv
                0x0000000008005214       0x24 ../../libDaisy/build/libdaisy.a(sai.o)
                0x0000000008005214                daisy::SaiHandle::GetSampleRate()
 .text._ZN5daisy11TimerHandleD2Ev
                0x0000000008005238        0x4 ../../libDaisy/build/libdaisy.a(system.o)
                0x0000000008005238                daisy::TimerHandle::~TimerHandle()
                0x0000000008005238                daisy::TimerHandle::~TimerHandle()
 .text.SysTick_Handler
                0x000000000800523c       0x10 ../../libDaisy/build/libdaisy.a(system.o)
                0x000000000800523c                SysTick_Handler
 .text.OTG_HS_EP1_OUT_IRQHandler
                0x000000000800524c       0x24 ../../libDaisy/build/libdaisy.a(system.o)
                0x000000000800524c                OTG_HS_EP1_OUT_IRQHandler
 .text.OTG_HS_EP1_IN_IRQHandler
                0x0000000008005270       0x24 ../../libDaisy/build/libdaisy.a(system.o)
                0x0000000008005270                OTG_HS_EP1_IN_IRQHandler
 .text.OTG_HS_IRQHandler
                0x0000000008005294       0x24 ../../libDaisy/build/libdaisy.a(system.o)
                0x0000000008005294                OTG_HS_IRQHandler
 .text.HardFault_Handler
                0x00000000080052b8       0xe0 ../../libDaisy/build/libdaisy.a(system.o)
                0x00000000080052b8                HardFault_Handler
 .text._ZN5daisy6System6GetNowEv
                0x0000000008005398        0x4 ../../libDaisy/build/libdaisy.a(system.o)
                0x0000000008005398                daisy::System::GetNow()
 .text._ZN5daisy6System5DelayEm
                0x000000000800539c        0x4 ../../libDaisy/build/libdaisy.a(system.o)
                0x000000000800539c                daisy::System::Delay(unsigned long)
 .text._ZN5daisy6System20GetBootloaderVersionEv
                0x00000000080053a0       0x34 ../../libDaisy/build/libdaisy.a(system.o)
                0x00000000080053a0                daisy::System::GetBootloaderVersion()
 .text._ZN5daisy6System15ConfigureClocksEv
                0x00000000080053d4      0x194 ../../libDaisy/build/libdaisy.a(system.o)
                0x00000000080053d4                daisy::System::ConfigureClocks()
 .text._ZN5daisy6System12ConfigureMpuEv
                0x0000000008005568       0x7c ../../libDaisy/build/libdaisy.a(system.o)
                0x0000000008005568                daisy::System::ConfigureMpu()
 .text._ZN5daisy6System4InitERKNS0_6ConfigE
                0x00000000080055e4       0xec ../../libDaisy/build/libdaisy.a(system.o)
                0x00000000080055e4                daisy::System::Init(daisy::System::Config const&)
 .text._ZN5daisy6System12GetPClk1FreqEv
                0x00000000080056d0        0x4 ../../libDaisy/build/libdaisy.a(system.o)
                0x00000000080056d0                daisy::System::GetPClk1Freq()
 .text._ZN5daisy6System22GetProgramMemoryRegionEv
                0x00000000080056d4       0x78 ../../libDaisy/build/libdaisy.a(system.o)
                0x00000000080056d4                daisy::System::GetProgramMemoryRegion()
 .text.startup._GLOBAL__sub_I__ZN5daisy9boot_infoE
                0x000000000800574c       0x1c ../../libDaisy/build/libdaisy.a(system.o)
 .text.SystemInit
                0x0000000008005768       0x9c ../../libDaisy/build/libdaisy.a(system_stm32h7xx.o)
                0x0000000008005768                SystemInit
 .text.dummy_rx_callback
                0x0000000008005804        0x4 ../../libDaisy/build/libdaisy.a(usbd_cdc_if.o)
                0x0000000008005804                dummy_rx_callback
 .text.CDC_DeInit_FS
                0x0000000008005808        0x4 ../../libDaisy/build/libdaisy.a(usbd_cdc_if.o)
 .text.CDC_Receive_FS
                0x000000000800580c       0x2c ../../libDaisy/build/libdaisy.a(usbd_cdc_if.o)
 .text.CDC_Receive_HS
                0x0000000008005838       0x2c ../../libDaisy/build/libdaisy.a(usbd_cdc_if.o)
 .text.CDC_Init_FS
                0x0000000008005864       0x3c ../../libDaisy/build/libdaisy.a(usbd_cdc_if.o)
 .text.CDC_Init_HS
                0x00000000080058a0       0x3c ../../libDaisy/build/libdaisy.a(usbd_cdc_if.o)
 .text.CDC_Control_FS
                0x00000000080058dc       0x34 ../../libDaisy/build/libdaisy.a(usbd_cdc_if.o)
 .text.CDC_Control_HS
                0x0000000008005910       0x34 ../../libDaisy/build/libdaisy.a(usbd_cdc_if.o)
 .text.CDC_DeInit_HS
                0x0000000008005944        0x4 ../../libDaisy/build/libdaisy.a(usbd_cdc_if.o)
 .text.HAL_PCD_MspInit
                0x0000000008005948      0x144 ../../libDaisy/build/libdaisy.a(usbd_conf.o)
                0x0000000008005948                HAL_PCD_MspInit
 .text.HAL_PCD_SetupStageCallback
                0x0000000008005a8c        0xc ../../libDaisy/build/libdaisy.a(usbd_conf.o)
                0x0000000008005a8c                HAL_PCD_SetupStageCallback
 .text.HAL_PCD_DataOutStageCallback
                0x0000000008005a98       0x14 ../../libDaisy/build/libdaisy.a(usbd_conf.o)
                0x0000000008005a98                HAL_PCD_DataOutStageCallback
 .text.HAL_PCD_DataInStageCallback
                0x0000000008005aac       0x14 ../../libDaisy/build/libdaisy.a(usbd_conf.o)
                0x0000000008005aac                HAL_PCD_DataInStageCallback
 .text.HAL_PCD_SOFCallback
                0x0000000008005ac0        0x8 ../../libDaisy/build/libdaisy.a(usbd_conf.o)
                0x0000000008005ac0                HAL_PCD_SOFCallback
 .text.HAL_PCD_ResetCallback
                0x0000000008005ac8       0x24 ../../libDaisy/build/libdaisy.a(usbd_conf.o)
                0x0000000008005ac8                HAL_PCD_ResetCallback
 .text.HAL_PCD_SuspendCallback
                0x0000000008005aec       0x30 ../../libDaisy/build/libdaisy.a(usbd_conf.o)
                0x0000000008005aec                HAL_PCD_SuspendCallback
 .text.HAL_PCD_ResumeCallback
                0x0000000008005b1c        0x8 ../../libDaisy/build/libdaisy.a(usbd_conf.o)
                0x0000000008005b1c                HAL_PCD_ResumeCallback
 .text.HAL_PCD_ISOOUTIncompleteCallback
                0x0000000008005b24        0x8 ../../libDaisy/build/libdaisy.a(usbd_conf.o)
                0x0000000008005b24                HAL_PCD_ISOOUTIncompleteCallback
 .text.HAL_PCD_ISOINIncompleteCallback
                0x0000000008005b2c        0x8 ../../libDaisy/build/libdaisy.a(usbd_conf.o)
                0x0000000008005b2c                HAL_PCD_ISOINIncompleteCallback
 .text.HAL_PCD_ConnectCallback
                0x0000000008005b34        0x8 ../../libDaisy/build/libdaisy.a(usbd_conf.o)
                0x0000000008005b34                HAL_PCD_ConnectCallback
 .text.HAL_PCD_DisconnectCallback
                0x0000000008005b3c        0x8 ../../libDaisy/build/libdaisy.a(usbd_conf.o)
                0x0000000008005b3c                HAL_PCD_DisconnectCallback
 .text.USBD_LL_Init
                0x0000000008005b44       0xe4 ../../libDaisy/build/libdaisy.a(usbd_conf.o)
                0x0000000008005b44                USBD_LL_Init
 .text.USBD_LL_Start
                0x0000000008005c28       0x1c ../../libDaisy/build/libdaisy.a(usbd_conf.o)
                0x0000000008005c28                USBD_LL_Start
 .text.USBD_LL_OpenEP
                0x0000000008005c44       0x24 ../../libDaisy/build/libdaisy.a(usbd_conf.o)
                0x0000000008005c44                USBD_LL_OpenEP
 .text.USBD_LL_CloseEP
                0x0000000008005c68       0x1c ../../libDaisy/build/libdaisy.a(usbd_conf.o)
                0x0000000008005c68                USBD_LL_CloseEP
 .text.USBD_LL_StallEP
                0x0000000008005c84       0x1c ../../libDaisy/build/libdaisy.a(usbd_conf.o)
                0x0000000008005c84                USBD_LL_StallEP
 .text.USBD_LL_ClearStallEP
                0x0000000008005ca0       0x1c ../../libDaisy/build/libdaisy.a(usbd_conf.o)
                0x0000000008005ca0                USBD_LL_ClearStallEP
 .text.USBD_LL_IsStallEP
                0x0000000008005cbc       0x28 ../../libDaisy/build/libdaisy.a(usbd_conf.o)
                0x0000000008005cbc                USBD_LL_IsStallEP
 .text.USBD_LL_SetUSBAddress
                0x0000000008005ce4       0x1c ../../libDaisy/build/libdaisy.a(usbd_conf.o)
                0x0000000008005ce4                USBD_LL_SetUSBAddress
 .text.USBD_LL_Transmit
                0x0000000008005d00       0x1c ../../libDaisy/build/libdaisy.a(usbd_conf.o)
                0x0000000008005d00                USBD_LL_Transmit
 .text.USBD_LL_PrepareReceive
                0x0000000008005d1c       0x1c ../../libDaisy/build/libdaisy.a(usbd_conf.o)
                0x0000000008005d1c                USBD_LL_PrepareReceive
 .text.USBD_LL_GetRxDataSize
                0x0000000008005d38        0x8 ../../libDaisy/build/libdaisy.a(usbd_conf.o)
                0x0000000008005d38                USBD_LL_GetRxDataSize
 .text.USBD_HS_DeviceDescriptor
                0x0000000008005d40        0xc ../../libDaisy/build/libdaisy.a(usbd_desc.o)
                0x0000000008005d40                USBD_HS_DeviceDescriptor
 .text.USBD_FS_DeviceDescriptor
                0x0000000008005d4c        0xc ../../libDaisy/build/libdaisy.a(usbd_desc.o)
                0x0000000008005d4c                USBD_FS_DeviceDescriptor
 .text.USBD_FS_LangIDStrDescriptor
                0x0000000008005d58        0xc ../../libDaisy/build/libdaisy.a(usbd_desc.o)
                0x0000000008005d58                USBD_FS_LangIDStrDescriptor
 .text.USBD_FS_ManufacturerStrDescriptor
                0x0000000008005d64       0x1c ../../libDaisy/build/libdaisy.a(usbd_desc.o)
                0x0000000008005d64                USBD_FS_ManufacturerStrDescriptor
 .text.USBD_HS_ProductStrDescriptor
                0x0000000008005d80       0x1c ../../libDaisy/build/libdaisy.a(usbd_desc.o)
                0x0000000008005d80                USBD_HS_ProductStrDescriptor
 .text.USBD_FS_ConfigStrDescriptor
                0x0000000008005d9c       0x1c ../../libDaisy/build/libdaisy.a(usbd_desc.o)
                0x0000000008005d9c                USBD_FS_ConfigStrDescriptor
 .text.USBD_FS_InterfaceStrDescriptor
                0x0000000008005db8       0x1c ../../libDaisy/build/libdaisy.a(usbd_desc.o)
                0x0000000008005db8                USBD_FS_InterfaceStrDescriptor
 .text.USBD_FS_ProductStrDescriptor
                0x0000000008005dd4       0x1c ../../libDaisy/build/libdaisy.a(usbd_desc.o)
                0x0000000008005dd4                USBD_FS_ProductStrDescriptor
 .text.USBD_HS_LangIDStrDescriptor
                0x0000000008005df0        0xc ../../libDaisy/build/libdaisy.a(usbd_desc.o)
                0x0000000008005df0                USBD_HS_LangIDStrDescriptor
 .text.USBD_HS_ManufacturerStrDescriptor
                0x0000000008005dfc       0x1c ../../libDaisy/build/libdaisy.a(usbd_desc.o)
                0x0000000008005dfc                USBD_HS_ManufacturerStrDescriptor
 .text.USBD_FS_SerialStrDescriptor
                0x0000000008005e18      0x124 ../../libDaisy/build/libdaisy.a(usbd_desc.o)
                0x0000000008005e18                USBD_FS_SerialStrDescriptor
 .text.USBD_HS_SerialStrDescriptor
                0x0000000008005f3c      0x124 ../../libDaisy/build/libdaisy.a(usbd_desc.o)
                0x0000000008005f3c                USBD_HS_SerialStrDescriptor
 .text.USBD_HS_InterfaceStrDescriptor
                0x0000000008006060       0x1c ../../libDaisy/build/libdaisy.a(usbd_desc.o)
                0x0000000008006060                USBD_HS_InterfaceStrDescriptor
 .text.USBD_HS_ConfigStrDescriptor
                0x000000000800607c       0x1c ../../libDaisy/build/libdaisy.a(usbd_desc.o)
                0x000000000800607c                USBD_HS_ConfigStrDescriptor
 .text.HAL_HCD_SOF_Callback
                0x0000000008006098        0x8 ../../libDaisy/build/libdaisy.a(usbh_conf.o)
                0x0000000008006098                HAL_HCD_SOF_Callback
 .text.HAL_HCD_Connect_Callback
                0x00000000080060a0        0x8 ../../libDaisy/build/libdaisy.a(usbh_conf.o)
                0x00000000080060a0                HAL_HCD_Connect_Callback
 .text.HAL_HCD_Disconnect_Callback
                0x00000000080060a8        0x8 ../../libDaisy/build/libdaisy.a(usbh_conf.o)
                0x00000000080060a8                HAL_HCD_Disconnect_Callback
 .text.HAL_HCD_HC_NotifyURBChange_Callback
                0x00000000080060b0        0x4 ../../libDaisy/build/libdaisy.a(usbh_conf.o)
                0x00000000080060b0                HAL_HCD_HC_NotifyURBChange_Callback
 .text.HAL_HCD_PortEnabled_Callback
                0x00000000080060b4        0x8 ../../libDaisy/build/libdaisy.a(usbh_conf.o)
                0x00000000080060b4                HAL_HCD_PortEnabled_Callback
 .text.HAL_HCD_PortDisabled_Callback
                0x00000000080060bc        0x8 ../../libDaisy/build/libdaisy.a(usbh_conf.o)
                0x00000000080060bc                HAL_HCD_PortDisabled_Callback
 .text.USBH_LL_Stop
                0x00000000080060c4       0x1c ../../libDaisy/build/libdaisy.a(usbh_conf.o)
                0x00000000080060c4                USBH_LL_Stop
 .text.dsy_hal_map_get_port
                0x00000000080060e0       0x10 ../../libDaisy/build/libdaisy.a(hal_map.o)
                0x00000000080060e0                dsy_hal_map_get_port
 .text.dsy_hal_map_get_pin
                0x00000000080060f0       0x10 ../../libDaisy/build/libdaisy.a(hal_map.o)
                0x00000000080060f0                dsy_hal_map_get_pin
 .text.dsy_hal_map_gpio_clk_enable
                0x0000000008006100      0x150 ../../libDaisy/build/libdaisy.a(hal_map.o)
                0x0000000008006100                dsy_hal_map_gpio_clk_enable
 .text.HAL_MspInit
                0x0000000008006250        0x4 ../../libDaisy/build/libdaisy.a(stm32h7xx_hal.o)
                0x0000000008006250                HAL_MspInit
 .text.HAL_InitTick
                0x0000000008006254       0x4c ../../libDaisy/build/libdaisy.a(stm32h7xx_hal.o)
                0x0000000008006254                HAL_InitTick
 .text.HAL_Init
                0x00000000080062a0       0x60 ../../libDaisy/build/libdaisy.a(stm32h7xx_hal.o)
                0x00000000080062a0                HAL_Init
 .text.HAL_IncTick
                0x0000000008006300       0x18 ../../libDaisy/build/libdaisy.a(stm32h7xx_hal.o)
                0x0000000008006300                HAL_IncTick
 .text.HAL_GetTick
                0x0000000008006318        0xc ../../libDaisy/build/libdaisy.a(stm32h7xx_hal.o)
                0x0000000008006318                HAL_GetTick
 .text.HAL_Delay
                0x0000000008006324       0x24 ../../libDaisy/build/libdaisy.a(stm32h7xx_hal.o)
                0x0000000008006324                HAL_Delay
 .text.HAL_GetREVID
                0x0000000008006348        0xc ../../libDaisy/build/libdaisy.a(stm32h7xx_hal.o)
                0x0000000008006348                HAL_GetREVID
 .text.HAL_NVIC_SetPriorityGrouping
                0x0000000008006354       0x24 ../../libDaisy/build/libdaisy.a(stm32h7xx_hal_cortex.o)
                0x0000000008006354                HAL_NVIC_SetPriorityGrouping
 .text.HAL_NVIC_SetPriority
                0x0000000008006378       0x7c ../../libDaisy/build/libdaisy.a(stm32h7xx_hal_cortex.o)
                0x0000000008006378                HAL_NVIC_SetPriority
 .text.HAL_NVIC_EnableIRQ
                0x00000000080063f4       0x1c ../../libDaisy/build/libdaisy.a(stm32h7xx_hal_cortex.o)
                0x00000000080063f4                HAL_NVIC_EnableIRQ
 .text.HAL_NVIC_DisableIRQ
                0x0000000008006410       0x28 ../../libDaisy/build/libdaisy.a(stm32h7xx_hal_cortex.o)
                0x0000000008006410                HAL_NVIC_DisableIRQ
 .text.HAL_SYSTICK_Config
                0x0000000008006438       0x2c ../../libDaisy/build/libdaisy.a(stm32h7xx_hal_cortex.o)
                0x0000000008006438                HAL_SYSTICK_Config
 .text.HAL_MPU_Disable
                0x0000000008006464       0x1c ../../libDaisy/build/libdaisy.a(stm32h7xx_hal_cortex.o)
                0x0000000008006464                HAL_MPU_Disable
 .text.HAL_MPU_Enable
                0x0000000008006480       0x20 ../../libDaisy/build/libdaisy.a(stm32h7xx_hal_cortex.o)
                0x0000000008006480                HAL_MPU_Enable
 .text.HAL_MPU_ConfigRegion
                0x00000000080064a0       0x64 ../../libDaisy/build/libdaisy.a(stm32h7xx_hal_cortex.o)
                0x00000000080064a0                HAL_MPU_ConfigRegion
 .text.HAL_SYSTICK_Callback
                0x0000000008006504        0x4 ../../libDaisy/build/libdaisy.a(stm32h7xx_hal_cortex.o)
                0x0000000008006504                HAL_SYSTICK_Callback
 .text.HAL_SYSTICK_IRQHandler
                0x0000000008006508        0x8 ../../libDaisy/build/libdaisy.a(stm32h7xx_hal_cortex.o)
                0x0000000008006508                HAL_SYSTICK_IRQHandler
 .text.DMA_CalcBaseAndBitshift
                0x0000000008006510       0xf4 ../../libDaisy/build/libdaisy.a(stm32h7xx_hal_dma.o)
 .text.DMA_CalcDMAMUXChannelBaseAndMask
                0x0000000008006604       0xd8 ../../libDaisy/build/libdaisy.a(stm32h7xx_hal_dma.o)
 .text.HAL_DMA_Init
                0x00000000080066dc      0x37c ../../libDaisy/build/libdaisy.a(stm32h7xx_hal_dma.o)
                0x00000000080066dc                HAL_DMA_Init
 .text.HAL_DMA_Start_IT
                0x0000000008006a58      0x240 ../../libDaisy/build/libdaisy.a(stm32h7xx_hal_dma.o)
                0x0000000008006a58                HAL_DMA_Start_IT
 .text.HAL_DMA_Abort_IT
                0x0000000008006c98      0x134 ../../libDaisy/build/libdaisy.a(stm32h7xx_hal_dma.o)
                0x0000000008006c98                HAL_DMA_Abort_IT
 .text.HAL_DMA_IRQHandler
                0x0000000008006dcc      0x6a0 ../../libDaisy/build/libdaisy.a(stm32h7xx_hal_dma.o)
                0x0000000008006dcc                HAL_DMA_IRQHandler
 .text.HAL_DMA_GetError
                0x000000000800746c        0x4 ../../libDaisy/build/libdaisy.a(stm32h7xx_hal_dma.o)
                0x000000000800746c                HAL_DMA_GetError
 .text.HAL_GPIO_Init
                0x0000000008007470      0x280 ../../libDaisy/build/libdaisy.a(stm32h7xx_hal_gpio.o)
                0x0000000008007470                HAL_GPIO_Init
 .text.HAL_GPIO_DeInit
                0x00000000080076f0      0x190 ../../libDaisy/build/libdaisy.a(stm32h7xx_hal_gpio.o)
                0x00000000080076f0                HAL_GPIO_DeInit
 .text.HAL_GPIO_ReadPin
                0x0000000008007880        0xc ../../libDaisy/build/libdaisy.a(stm32h7xx_hal_gpio.o)
                0x0000000008007880                HAL_GPIO_ReadPin
 .text.HAL_GPIO_WritePin
                0x000000000800788c        0x8 ../../libDaisy/build/libdaisy.a(stm32h7xx_hal_gpio.o)
                0x000000000800788c                HAL_GPIO_WritePin
 .text.HAL_HCD_IRQHandler
                0x0000000008007894      0x780 ../../libDaisy/build/libdaisy.a(stm32h7xx_hal_hcd.o)
                0x0000000008007894                HAL_HCD_IRQHandler
 .text.HAL_HCD_Stop
                0x0000000008008014       0x28 ../../libDaisy/build/libdaisy.a(stm32h7xx_hal_hcd.o)
                0x0000000008008014                HAL_HCD_Stop
 .text.I2C_WaitOnTXISFlagUntilTimeout
                0x000000000800803c       0xb8 ../../libDaisy/build/libdaisy.a(stm32h7xx_hal_i2c.o)
 .text.I2C_WaitOnSTOPFlagUntilTimeout
                0x00000000080080f4       0xac ../../libDaisy/build/libdaisy.a(stm32h7xx_hal_i2c.o)
 .text.HAL_I2C_Init
                0x00000000080081a0       0xac ../../libDaisy/build/libdaisy.a(stm32h7xx_hal_i2c.o)
                0x00000000080081a0                HAL_I2C_Init
 .text.HAL_I2C_Master_Transmit
                0x000000000800824c      0x1a8 ../../libDaisy/build/libdaisy.a(stm32h7xx_hal_i2c.o)
                0x000000000800824c                HAL_I2C_Master_Transmit
 .text.HAL_I2C_Slave_Transmit
                0x00000000080083f4      0x1c8 ../../libDaisy/build/libdaisy.a(stm32h7xx_hal_i2c.o)
                0x00000000080083f4                HAL_I2C_Slave_Transmit
 .text.HAL_I2C_EV_IRQHandler
                0x00000000080085bc       0x10 ../../libDaisy/build/libdaisy.a(stm32h7xx_hal_i2c.o)
                0x00000000080085bc                HAL_I2C_EV_IRQHandler
 .text.HAL_I2C_GetState
                0x00000000080085cc        0x8 ../../libDaisy/build/libdaisy.a(stm32h7xx_hal_i2c.o)
                0x00000000080085cc                HAL_I2C_GetState
 .text.HAL_I2CEx_ConfigAnalogFilter
                0x00000000080085d4       0x54 ../../libDaisy/build/libdaisy.a(stm32h7xx_hal_i2c_ex.o)
                0x00000000080085d4                HAL_I2CEx_ConfigAnalogFilter
 .text.HAL_I2CEx_ConfigDigitalFilter
                0x0000000008008628       0x58 ../../libDaisy/build/libdaisy.a(stm32h7xx_hal_i2c_ex.o)
                0x0000000008008628                HAL_I2CEx_ConfigDigitalFilter
 .text.HAL_PCD_Init
                0x0000000008008680      0x12c ../../libDaisy/build/libdaisy.a(stm32h7xx_hal_pcd.o)
                0x0000000008008680                HAL_PCD_Init
 .text.HAL_PCD_Start
                0x00000000080087ac       0x44 ../../libDaisy/build/libdaisy.a(stm32h7xx_hal_pcd.o)
                0x00000000080087ac                HAL_PCD_Start
 .text.HAL_PCD_IRQHandler
                0x00000000080087f0      0x69c ../../libDaisy/build/libdaisy.a(stm32h7xx_hal_pcd.o)
                0x00000000080087f0                HAL_PCD_IRQHandler
 .text.HAL_PCD_SetAddress
                0x0000000008008e8c       0x2c ../../libDaisy/build/libdaisy.a(stm32h7xx_hal_pcd.o)
                0x0000000008008e8c                HAL_PCD_SetAddress
 .text.HAL_PCD_EP_Open
                0x0000000008008eb8       0x7c ../../libDaisy/build/libdaisy.a(stm32h7xx_hal_pcd.o)
                0x0000000008008eb8                HAL_PCD_EP_Open
 .text.HAL_PCD_EP_Close
                0x0000000008008f34       0x6c ../../libDaisy/build/libdaisy.a(stm32h7xx_hal_pcd.o)
                0x0000000008008f34                HAL_PCD_EP_Close
 .text.HAL_PCD_EP_Receive
                0x0000000008008fa0       0x50 ../../libDaisy/build/libdaisy.a(stm32h7xx_hal_pcd.o)
                0x0000000008008fa0                HAL_PCD_EP_Receive
 .text.HAL_PCD_EP_GetRxCount
                0x0000000008008ff0       0x14 ../../libDaisy/build/libdaisy.a(stm32h7xx_hal_pcd.o)
                0x0000000008008ff0                HAL_PCD_EP_GetRxCount
 .text.HAL_PCD_EP_Transmit
                0x0000000008009004       0x50 ../../libDaisy/build/libdaisy.a(stm32h7xx_hal_pcd.o)
                0x0000000008009004                HAL_PCD_EP_Transmit
 .text.HAL_PCD_EP_SetStall
                0x0000000008009054       0x88 ../../libDaisy/build/libdaisy.a(stm32h7xx_hal_pcd.o)
                0x0000000008009054                HAL_PCD_EP_SetStall
 .text.HAL_PCD_EP_ClrStall
                0x00000000080090dc       0x78 ../../libDaisy/build/libdaisy.a(stm32h7xx_hal_pcd.o)
                0x00000000080090dc                HAL_PCD_EP_ClrStall
 .text.HAL_PCDEx_SetTxFiFo
                0x0000000008009154       0x54 ../../libDaisy/build/libdaisy.a(stm32h7xx_hal_pcd_ex.o)
                0x0000000008009154                HAL_PCDEx_SetTxFiFo
 .text.HAL_PCDEx_SetRxFiFo
                0x00000000080091a8        0xc ../../libDaisy/build/libdaisy.a(stm32h7xx_hal_pcd_ex.o)
                0x00000000080091a8                HAL_PCDEx_SetRxFiFo
 .text.HAL_PCDEx_ActivateLPM
                0x00000000080091b4       0x30 ../../libDaisy/build/libdaisy.a(stm32h7xx_hal_pcd_ex.o)
                0x00000000080091b4                HAL_PCDEx_ActivateLPM
 .text.HAL_PCDEx_LPM_Callback
                0x00000000080091e4        0x4 ../../libDaisy/build/libdaisy.a(stm32h7xx_hal_pcd_ex.o)
                0x00000000080091e4                HAL_PCDEx_LPM_Callback
 .text.HAL_PWREx_ConfigSupply
                0x00000000080091e8       0x4c ../../libDaisy/build/libdaisy.a(stm32h7xx_hal_pwr_ex.o)
                0x00000000080091e8                HAL_PWREx_ConfigSupply
 .text.HAL_PWREx_EnableUSBVoltageDetector
                0x0000000008009234       0x10 ../../libDaisy/build/libdaisy.a(stm32h7xx_hal_pwr_ex.o)
                0x0000000008009234                HAL_PWREx_EnableUSBVoltageDetector
 .text.QSPI_Config
                0x0000000008009244      0x174 ../../libDaisy/build/libdaisy.a(stm32h7xx_hal_qspi.o)
 .text.HAL_QSPI_Init
                0x00000000080093b8       0xd8 ../../libDaisy/build/libdaisy.a(stm32h7xx_hal_qspi.o)
                0x00000000080093b8                HAL_QSPI_Init
 .text.HAL_QSPI_DeInit
                0x0000000008009490       0x3c ../../libDaisy/build/libdaisy.a(stm32h7xx_hal_qspi.o)
                0x0000000008009490                HAL_QSPI_DeInit
 .text.HAL_QSPI_Command
                0x00000000080094cc       0xd4 ../../libDaisy/build/libdaisy.a(stm32h7xx_hal_qspi.o)
                0x00000000080094cc                HAL_QSPI_Command
 .text.HAL_QSPI_Transmit
                0x00000000080095a0       0xfc ../../libDaisy/build/libdaisy.a(stm32h7xx_hal_qspi.o)
                0x00000000080095a0                HAL_QSPI_Transmit
 .text.HAL_QSPI_Receive
                0x000000000800969c      0x108 ../../libDaisy/build/libdaisy.a(stm32h7xx_hal_qspi.o)
                0x000000000800969c                HAL_QSPI_Receive
 .text.HAL_QSPI_AutoPolling
                0x00000000080097a4       0xf0 ../../libDaisy/build/libdaisy.a(stm32h7xx_hal_qspi.o)
                0x00000000080097a4                HAL_QSPI_AutoPolling
 .text.HAL_QSPI_MemoryMapped
                0x0000000008009894       0xc0 ../../libDaisy/build/libdaisy.a(stm32h7xx_hal_qspi.o)
                0x0000000008009894                HAL_QSPI_MemoryMapped
 .text.HAL_QSPI_ErrorCallback
                0x0000000008009954        0x4 ../../libDaisy/build/libdaisy.a(stm32h7xx_hal_qspi.o)
                0x0000000008009954                HAL_QSPI_ErrorCallback
 .text.QSPI_DMAAbortCplt
                0x0000000008009958       0x38 ../../libDaisy/build/libdaisy.a(stm32h7xx_hal_qspi.o)
 .text.HAL_QSPI_AbortCpltCallback
                0x0000000008009990        0x4 ../../libDaisy/build/libdaisy.a(stm32h7xx_hal_qspi.o)
                0x0000000008009990                HAL_QSPI_AbortCpltCallback
 .text.HAL_QSPI_CmdCpltCallback
                0x0000000008009994        0x4 ../../libDaisy/build/libdaisy.a(stm32h7xx_hal_qspi.o)
                0x0000000008009994                HAL_QSPI_CmdCpltCallback
 .text.HAL_QSPI_RxCpltCallback
                0x0000000008009998        0x4 ../../libDaisy/build/libdaisy.a(stm32h7xx_hal_qspi.o)
                0x0000000008009998                HAL_QSPI_RxCpltCallback
 .text.HAL_QSPI_TxCpltCallback
                0x000000000800999c        0x4 ../../libDaisy/build/libdaisy.a(stm32h7xx_hal_qspi.o)
                0x000000000800999c                HAL_QSPI_TxCpltCallback
 .text.HAL_QSPI_FifoThresholdCallback
                0x00000000080099a0        0x4 ../../libDaisy/build/libdaisy.a(stm32h7xx_hal_qspi.o)
                0x00000000080099a0                HAL_QSPI_FifoThresholdCallback
 .text.HAL_QSPI_StatusMatchCallback
                0x00000000080099a4        0x4 ../../libDaisy/build/libdaisy.a(stm32h7xx_hal_qspi.o)
                0x00000000080099a4                HAL_QSPI_StatusMatchCallback
 .text.HAL_QSPI_TimeOutCallback
                0x00000000080099a8        0x4 ../../libDaisy/build/libdaisy.a(stm32h7xx_hal_qspi.o)
                0x00000000080099a8                HAL_QSPI_TimeOutCallback
 .text.HAL_QSPI_IRQHandler
                0x00000000080099ac      0x210 ../../libDaisy/build/libdaisy.a(stm32h7xx_hal_qspi.o)
                0x00000000080099ac                HAL_QSPI_IRQHandler
 .text.HAL_RCC_OscConfig
                0x0000000008009bbc      0x51c ../../libDaisy/build/libdaisy.a(stm32h7xx_hal_rcc.o)
                0x0000000008009bbc                HAL_RCC_OscConfig
 .text.HAL_RCC_GetSysClockFreq
                0x000000000800a0d8      0x140 ../../libDaisy/build/libdaisy.a(stm32h7xx_hal_rcc.o)
                0x000000000800a0d8                HAL_RCC_GetSysClockFreq
 .text.HAL_RCC_ClockConfig
                0x000000000800a218      0x234 ../../libDaisy/build/libdaisy.a(stm32h7xx_hal_rcc.o)
                0x000000000800a218                HAL_RCC_ClockConfig
 .text.HAL_RCC_GetHCLKFreq
                0x000000000800a44c       0x2c ../../libDaisy/build/libdaisy.a(stm32h7xx_hal_rcc.o)
                0x000000000800a44c                HAL_RCC_GetHCLKFreq
 .text.HAL_RCC_GetPCLK1Freq
                0x000000000800a478       0x38 ../../libDaisy/build/libdaisy.a(stm32h7xx_hal_rcc.o)
                0x000000000800a478                HAL_RCC_GetPCLK1Freq
 .text.HAL_RCC_GetPCLK2Freq
                0x000000000800a4b0       0x38 ../../libDaisy/build/libdaisy.a(stm32h7xx_hal_rcc.o)
                0x000000000800a4b0                HAL_RCC_GetPCLK2Freq
 .text.RCCEx_PLL2_Config
                0x000000000800a4e8       0xf4 ../../libDaisy/build/libdaisy.a(stm32h7xx_hal_rcc_ex.o)
 .text.RCCEx_PLL3_Config
                0x000000000800a5dc       0xf4 ../../libDaisy/build/libdaisy.a(stm32h7xx_hal_rcc_ex.o)
 .text.HAL_RCCEx_PeriphCLKConfig
                0x000000000800a6d0      0xa7c ../../libDaisy/build/libdaisy.a(stm32h7xx_hal_rcc_ex.o)
                0x000000000800a6d0                HAL_RCCEx_PeriphCLKConfig
 .text.HAL_RCCEx_GetD3PCLK1Freq
                0x000000000800b14c       0x24 ../../libDaisy/build/libdaisy.a(stm32h7xx_hal_rcc_ex.o)
                0x000000000800b14c                HAL_RCCEx_GetD3PCLK1Freq
 .text.HAL_RCCEx_GetPLL2ClockFreq
                0x000000000800b170      0x17c ../../libDaisy/build/libdaisy.a(stm32h7xx_hal_rcc_ex.o)
                0x000000000800b170                HAL_RCCEx_GetPLL2ClockFreq
 .text.HAL_RCCEx_GetPLL3ClockFreq
                0x000000000800b2ec      0x17c ../../libDaisy/build/libdaisy.a(stm32h7xx_hal_rcc_ex.o)
                0x000000000800b2ec                HAL_RCCEx_GetPLL3ClockFreq
 .text.HAL_RCCEx_GetPLL1ClockFreq
                0x000000000800b468      0x17c ../../libDaisy/build/libdaisy.a(stm32h7xx_hal_rcc_ex.o)
                0x000000000800b468                HAL_RCCEx_GetPLL1ClockFreq
 .text.HAL_RCCEx_GetPeriphCLKFreq
                0x000000000800b5e4      0x198 ../../libDaisy/build/libdaisy.a(stm32h7xx_hal_rcc_ex.o)
                0x000000000800b5e4                HAL_RCCEx_GetPeriphCLKFreq
 .text.HAL_RCCEx_GetD1SysClockFreq
                0x000000000800b77c       0x2c ../../libDaisy/build/libdaisy.a(stm32h7xx_hal_rcc_ex.o)
                0x000000000800b77c                HAL_RCCEx_GetD1SysClockFreq
 .text.HAL_SAI_Init.part.0
                0x000000000800b7a8      0x348 ../../libDaisy/build/libdaisy.a(stm32h7xx_hal_sai.o)
 .text.HAL_SAI_InitProtocol
                0x000000000800baf0      0x178 ../../libDaisy/build/libdaisy.a(stm32h7xx_hal_sai.o)
                0x000000000800baf0                HAL_SAI_InitProtocol
 .text.HAL_SDRAM_Init
                0x000000000800bc68       0x54 ../../libDaisy/build/libdaisy.a(stm32h7xx_hal_sdram.o)
                0x000000000800bc68                HAL_SDRAM_Init
 .text.HAL_SDRAM_SendCommand
                0x000000000800bcbc       0x40 ../../libDaisy/build/libdaisy.a(stm32h7xx_hal_sdram.o)
                0x000000000800bcbc                HAL_SDRAM_SendCommand
 .text.HAL_SDRAM_ProgramRefreshRate
                0x000000000800bcfc       0x30 ../../libDaisy/build/libdaisy.a(stm32h7xx_hal_sdram.o)
                0x000000000800bcfc                HAL_SDRAM_ProgramRefreshRate
 .text.FMC_SDRAM_Init
                0x000000000800bd2c       0x7c ../../libDaisy/build/libdaisy.a(stm32h7xx_ll_fmc.o)
                0x000000000800bd2c                FMC_SDRAM_Init
 .text.FMC_SDRAM_Timing_Init
                0x000000000800bda8       0x98 ../../libDaisy/build/libdaisy.a(stm32h7xx_ll_fmc.o)
                0x000000000800bda8                FMC_SDRAM_Timing_Init
 .text.FMC_SDRAM_SendCommand
                0x000000000800be40       0x28 ../../libDaisy/build/libdaisy.a(stm32h7xx_ll_fmc.o)
                0x000000000800be40                FMC_SDRAM_SendCommand
 .text.FMC_SDRAM_ProgramRefreshRate
                0x000000000800be68       0x1c ../../libDaisy/build/libdaisy.a(stm32h7xx_ll_fmc.o)
                0x000000000800be68                FMC_SDRAM_ProgramRefreshRate
 .text.USB_CoreInit
                0x000000000800be84      0x124 ../../libDaisy/build/libdaisy.a(stm32h7xx_ll_usb.o)
                0x000000000800be84                USB_CoreInit
 .text.USB_SetTurnaroundTime
                0x000000000800bfa8      0x104 ../../libDaisy/build/libdaisy.a(stm32h7xx_ll_usb.o)
                0x000000000800bfa8                USB_SetTurnaroundTime
 .text.USB_EnableGlobalInt
                0x000000000800c0ac       0x10 ../../libDaisy/build/libdaisy.a(stm32h7xx_ll_usb.o)
                0x000000000800c0ac                USB_EnableGlobalInt
 .text.USB_DisableGlobalInt
                0x000000000800c0bc       0x10 ../../libDaisy/build/libdaisy.a(stm32h7xx_ll_usb.o)
                0x000000000800c0bc                USB_DisableGlobalInt
 .text.USB_SetCurrentMode
                0x000000000800c0cc       0x30 ../../libDaisy/build/libdaisy.a(stm32h7xx_ll_usb.o)
                0x000000000800c0cc                USB_SetCurrentMode
 .text.USB_DevInit
                0x000000000800c0fc      0x20c ../../libDaisy/build/libdaisy.a(stm32h7xx_ll_usb.o)
                0x000000000800c0fc                USB_DevInit
 .text.USB_FlushTxFifo
                0x000000000800c308       0x34 ../../libDaisy/build/libdaisy.a(stm32h7xx_ll_usb.o)
                0x000000000800c308                USB_FlushTxFifo
 .text.USB_GetDevSpeed
                0x000000000800c33c       0x24 ../../libDaisy/build/libdaisy.a(stm32h7xx_ll_usb.o)
                0x000000000800c33c                USB_GetDevSpeed
 .text.USB_ActivateEndpoint
                0x000000000800c360       0x90 ../../libDaisy/build/libdaisy.a(stm32h7xx_ll_usb.o)
                0x000000000800c360                USB_ActivateEndpoint
 .text.USB_DeactivateEndpoint
                0x000000000800c3f0       0x84 ../../libDaisy/build/libdaisy.a(stm32h7xx_ll_usb.o)
                0x000000000800c3f0                USB_DeactivateEndpoint
 .text.USB_EPStartXfer
                0x000000000800c474      0x230 ../../libDaisy/build/libdaisy.a(stm32h7xx_ll_usb.o)
                0x000000000800c474                USB_EPStartXfer
 .text.USB_EP0StartXfer
                0x000000000800c6a4      0x174 ../../libDaisy/build/libdaisy.a(stm32h7xx_ll_usb.o)
                0x000000000800c6a4                USB_EP0StartXfer
 .text.USB_WritePacket
                0x000000000800c818       0x2c ../../libDaisy/build/libdaisy.a(stm32h7xx_ll_usb.o)
                0x000000000800c818                USB_WritePacket
 .text.USB_ReadPacket
                0x000000000800c844       0x20 ../../libDaisy/build/libdaisy.a(stm32h7xx_ll_usb.o)
                0x000000000800c844                USB_ReadPacket
 .text.USB_EPSetStall
                0x000000000800c864       0x68 ../../libDaisy/build/libdaisy.a(stm32h7xx_ll_usb.o)
                0x000000000800c864                USB_EPSetStall
 .text.USB_EPClearStall
                0x000000000800c8cc       0x58 ../../libDaisy/build/libdaisy.a(stm32h7xx_ll_usb.o)
                0x000000000800c8cc                USB_EPClearStall
 .text.USB_SetDevAddress
                0x000000000800c924       0x24 ../../libDaisy/build/libdaisy.a(stm32h7xx_ll_usb.o)
                0x000000000800c924                USB_SetDevAddress
 .text.USB_DevConnect
                0x000000000800c948       0x1c ../../libDaisy/build/libdaisy.a(stm32h7xx_ll_usb.o)
                0x000000000800c948                USB_DevConnect
 .text.USB_DevDisconnect
                0x000000000800c964       0x1c ../../libDaisy/build/libdaisy.a(stm32h7xx_ll_usb.o)
                0x000000000800c964                USB_DevDisconnect
 .text.USB_ReadInterrupts
                0x000000000800c980       0x14 ../../libDaisy/build/libdaisy.a(stm32h7xx_ll_usb.o)
                0x000000000800c980                USB_ReadInterrupts
 .text.USB_ReadDevAllOutEpInterrupt
                0x000000000800c994       0x1c ../../libDaisy/build/libdaisy.a(stm32h7xx_ll_usb.o)
                0x000000000800c994                USB_ReadDevAllOutEpInterrupt
 .text.USB_ReadDevAllInEpInterrupt
                0x000000000800c9b0       0x1c ../../libDaisy/build/libdaisy.a(stm32h7xx_ll_usb.o)
                0x000000000800c9b0                USB_ReadDevAllInEpInterrupt
 .text.USB_ReadDevOutEPInterrupt
                0x000000000800c9cc       0x1c ../../libDaisy/build/libdaisy.a(stm32h7xx_ll_usb.o)
                0x000000000800c9cc                USB_ReadDevOutEPInterrupt
 .text.USB_ReadDevInEPInterrupt
                0x000000000800c9e8       0x38 ../../libDaisy/build/libdaisy.a(stm32h7xx_ll_usb.o)
                0x000000000800c9e8                USB_ReadDevInEPInterrupt
 .text.USB_GetMode
                0x000000000800ca20        0x8 ../../libDaisy/build/libdaisy.a(stm32h7xx_ll_usb.o)
                0x000000000800ca20                USB_GetMode
 .text.USB_ActivateSetup
                0x000000000800ca28       0x38 ../../libDaisy/build/libdaisy.a(stm32h7xx_ll_usb.o)
                0x000000000800ca28                USB_ActivateSetup
 .text.USB_EP0_OutStart
                0x000000000800ca60       0x58 ../../libDaisy/build/libdaisy.a(stm32h7xx_ll_usb.o)
                0x000000000800ca60                USB_EP0_OutStart
 .text.USB_InitFSLSPClkSel
                0x000000000800cab8       0x44 ../../libDaisy/build/libdaisy.a(stm32h7xx_ll_usb.o)
                0x000000000800cab8                USB_InitFSLSPClkSel
 .text.USB_HC_ReadInterrupt
                0x000000000800cafc        0x8 ../../libDaisy/build/libdaisy.a(stm32h7xx_ll_usb.o)
                0x000000000800cafc                USB_HC_ReadInterrupt
 .text.USB_HC_Halt
                0x000000000800cb04       0xc0 ../../libDaisy/build/libdaisy.a(stm32h7xx_ll_usb.o)
                0x000000000800cb04                USB_HC_Halt
 .text.USB_StopHost
                0x000000000800cbc4      0x2ec ../../libDaisy/build/libdaisy.a(stm32h7xx_ll_usb.o)
                0x000000000800cbc4                USB_StopHost
 .text.USBD_CDC_EP0_RxReady
                0x000000000800ceb0       0x2c ../../libDaisy/build/libdaisy.a(usbd_cdc.o)
 .text.USBD_CDC_GetFSCfgDesc
                0x000000000800cedc       0x24 ../../libDaisy/build/libdaisy.a(usbd_cdc.o)
 .text.USBD_CDC_GetHSCfgDesc
                0x000000000800cf00       0x24 ../../libDaisy/build/libdaisy.a(usbd_cdc.o)
 .text.USBD_CDC_GetOtherSpeedCfgDesc
                0x000000000800cf24       0x24 ../../libDaisy/build/libdaisy.a(usbd_cdc.o)
 .text.USBD_CDC_GetDeviceQualifierDescriptor
                0x000000000800cf48       0x10 ../../libDaisy/build/libdaisy.a(usbd_cdc.o)
                0x000000000800cf48                USBD_CDC_GetDeviceQualifierDescriptor
 .text.USBD_CDC_DataOut
                0x000000000800cf58       0x30 ../../libDaisy/build/libdaisy.a(usbd_cdc.o)
 .text.USBD_CDC_DataIn
                0x000000000800cf88       0x50 ../../libDaisy/build/libdaisy.a(usbd_cdc.o)
 .text.USBD_CDC_Setup
                0x000000000800cfd8       0xcc ../../libDaisy/build/libdaisy.a(usbd_cdc.o)
 .text.USBD_CDC_DeInit
                0x000000000800d0a4       0x44 ../../libDaisy/build/libdaisy.a(usbd_cdc.o)
 .text.USBD_CDC_Init
                0x000000000800d0e8       0x94 ../../libDaisy/build/libdaisy.a(usbd_cdc.o)
 .text.USBD_CDC_RegisterInterface
                0x000000000800d17c       0x10 ../../libDaisy/build/libdaisy.a(usbd_cdc.o)
                0x000000000800d17c                USBD_CDC_RegisterInterface
 .text.USBD_CDC_SetTxBuffer
                0x000000000800d18c       0x14 ../../libDaisy/build/libdaisy.a(usbd_cdc.o)
                0x000000000800d18c                USBD_CDC_SetTxBuffer
 .text.USBD_CDC_SetRxBuffer
                0x000000000800d1a0       0x10 ../../libDaisy/build/libdaisy.a(usbd_cdc.o)
                0x000000000800d1a0                USBD_CDC_SetRxBuffer
 .text.USBD_CDC_ReceivePacket
                0x000000000800d1b0       0x38 ../../libDaisy/build/libdaisy.a(usbd_cdc.o)
                0x000000000800d1b0                USBD_CDC_ReceivePacket
 .text.USBD_Init
                0x000000000800d1e8       0x44 ../../libDaisy/build/libdaisy.a(usbd_core.o)
                0x000000000800d1e8                USBD_Init
 .text.USBD_RegisterClass
                0x000000000800d22c       0x2c ../../libDaisy/build/libdaisy.a(usbd_core.o)
                0x000000000800d22c                USBD_RegisterClass
 .text.USBD_Start
                0x000000000800d258        0xc ../../libDaisy/build/libdaisy.a(usbd_core.o)
                0x000000000800d258                USBD_Start
 .text.USBD_SetClassConfig
                0x000000000800d264       0x14 ../../libDaisy/build/libdaisy.a(usbd_core.o)
                0x000000000800d264                USBD_SetClassConfig
 .text.USBD_ClrClassConfig
                0x000000000800d278       0x10 ../../libDaisy/build/libdaisy.a(usbd_core.o)
                0x000000000800d278                USBD_ClrClassConfig
 .text.USBD_LL_SetupStage
                0x000000000800d288       0x5c ../../libDaisy/build/libdaisy.a(usbd_core.o)
                0x000000000800d288                USBD_LL_SetupStage
 .text.USBD_LL_DataOutStage
                0x000000000800d2e4       0x7c ../../libDaisy/build/libdaisy.a(usbd_core.o)
                0x000000000800d2e4                USBD_LL_DataOutStage
 .text.USBD_LL_DataInStage
                0x000000000800d360       0xcc ../../libDaisy/build/libdaisy.a(usbd_core.o)
                0x000000000800d360                USBD_LL_DataInStage
 .text.USBD_LL_Reset
                0x000000000800d42c       0x50 ../../libDaisy/build/libdaisy.a(usbd_core.o)
                0x000000000800d42c                USBD_LL_Reset
 .text.USBD_LL_SetSpeed
                0x000000000800d47c        0x8 ../../libDaisy/build/libdaisy.a(usbd_core.o)
                0x000000000800d47c                USBD_LL_SetSpeed
 .text.USBD_LL_Suspend
                0x000000000800d484       0x14 ../../libDaisy/build/libdaisy.a(usbd_core.o)
                0x000000000800d484                USBD_LL_Suspend
 .text.USBD_LL_Resume
                0x000000000800d498       0x10 ../../libDaisy/build/libdaisy.a(usbd_core.o)
                0x000000000800d498                USBD_LL_Resume
 .text.USBD_LL_SOF
                0x000000000800d4a8       0x1c ../../libDaisy/build/libdaisy.a(usbd_core.o)
                0x000000000800d4a8                USBD_LL_SOF
 .text.USBD_LL_IsoINIncomplete
                0x000000000800d4c4        0x4 ../../libDaisy/build/libdaisy.a(usbd_core.o)
                0x000000000800d4c4                USBD_LL_IsoINIncomplete
 .text.USBD_LL_IsoOUTIncomplete
                0x000000000800d4c8        0x4 ../../libDaisy/build/libdaisy.a(usbd_core.o)
                0x000000000800d4c8                USBD_LL_IsoOUTIncomplete
 .text.USBD_LL_DevConnected
                0x000000000800d4cc        0x4 ../../libDaisy/build/libdaisy.a(usbd_core.o)
                0x000000000800d4cc                USBD_LL_DevConnected
 .text.USBD_LL_DevDisconnected
                0x000000000800d4d0       0x18 ../../libDaisy/build/libdaisy.a(usbd_core.o)
                0x000000000800d4d0                USBD_LL_DevDisconnected
 .text.USBD_StdDevReq
                0x000000000800d4e8      0x304 ../../libDaisy/build/libdaisy.a(usbd_ctlreq.o)
                0x000000000800d4e8                USBD_StdDevReq
 .text.USBD_StdItfReq
                0x000000000800d7ec       0x68 ../../libDaisy/build/libdaisy.a(usbd_ctlreq.o)
                0x000000000800d7ec                USBD_StdItfReq
 .text.USBD_StdEPReq
                0x000000000800d854      0x13c ../../libDaisy/build/libdaisy.a(usbd_ctlreq.o)
                0x000000000800d854                USBD_StdEPReq
 .text.USBD_ParseSetupRequest
                0x000000000800d990       0x28 ../../libDaisy/build/libdaisy.a(usbd_ctlreq.o)
                0x000000000800d990                USBD_ParseSetupRequest
 .text.USBD_CtlError
                0x000000000800d9b8       0x18 ../../libDaisy/build/libdaisy.a(usbd_ctlreq.o)
                0x000000000800d9b8                USBD_CtlError
 .text.USBD_GetString
                0x000000000800d9d0       0x54 ../../libDaisy/build/libdaisy.a(usbd_ctlreq.o)
                0x000000000800d9d0                USBD_GetString
 .text.USBD_CtlSendData
                0x000000000800da24       0x1c ../../libDaisy/build/libdaisy.a(usbd_ioreq.o)
                0x000000000800da24                USBD_CtlSendData
 .text.USBD_CtlContinueSendData
                0x000000000800da40       0x14 ../../libDaisy/build/libdaisy.a(usbd_ioreq.o)
                0x000000000800da40                USBD_CtlContinueSendData
 .text.USBD_CtlPrepareRx
                0x000000000800da54       0x1c ../../libDaisy/build/libdaisy.a(usbd_ioreq.o)
                0x000000000800da54                USBD_CtlPrepareRx
 .text.USBD_CtlContinueRx
                0x000000000800da70       0x14 ../../libDaisy/build/libdaisy.a(usbd_ioreq.o)
                0x000000000800da70                USBD_CtlContinueRx
 .text.USBD_CtlSendStatus
                0x000000000800da84       0x18 ../../libDaisy/build/libdaisy.a(usbd_ioreq.o)
                0x000000000800da84                USBD_CtlSendStatus
 .text.USBD_CtlReceiveStatus
                0x000000000800da9c       0x18 ../../libDaisy/build/libdaisy.a(usbd_ioreq.o)
                0x000000000800da9c                USBD_CtlReceiveStatus
 .text.USBH_LL_IncTimer
                0x000000000800dab4       0x20 ../../libDaisy/build/libdaisy.a(usbh_core.o)
                0x000000000800dab4                USBH_LL_IncTimer
 .text.USBH_LL_PortEnabled
                0x000000000800dad4        0x8 ../../libDaisy/build/libdaisy.a(usbh_core.o)
                0x000000000800dad4                USBH_LL_PortEnabled
 .text.USBH_LL_PortDisabled
                0x000000000800dadc        0x8 ../../libDaisy/build/libdaisy.a(usbh_core.o)
                0x000000000800dadc                USBH_LL_PortDisabled
 .text.USBH_LL_Connect
                0x000000000800dae4       0x18 ../../libDaisy/build/libdaisy.a(usbh_core.o)
                0x000000000800dae4                USBH_LL_Connect
 .text.USBH_LL_Disconnect
                0x000000000800dafc       0x2c ../../libDaisy/build/libdaisy.a(usbh_core.o)
                0x000000000800dafc                USBH_LL_Disconnect
 .text.USBH_FreePipe
                0x000000000800db28       0x18 ../../libDaisy/build/libdaisy.a(usbh_pipes.o)
                0x000000000800db28                USBH_FreePipe
 .text._ZN5daisy6Random4InitEv
                0x000000000800db40       0x3c ../../libDaisy/build/libdaisy.a(rng.o)
                0x000000000800db40                daisy::Random::Init()
 .text._ZN5daisy9SpiHandle4Impl7InitDmaEv
                0x000000000800db7c       0xec ../../libDaisy/build/libdaisy.a(spi.o)
                0x000000000800db7c                daisy::SpiHandle::Impl::InitDma()
 .text._ZN5daisy9SpiHandle4Impl10StartDmaTxEPhjPFvPvEPFvS3_NS0_6ResultEES3_
                0x000000000800dc68       0xc8 ../../libDaisy/build/libdaisy.a(spi.o)
                0x000000000800dc68                daisy::SpiHandle::Impl::StartDmaTx(unsigned char*, unsigned int, void (*)(void*), void (*)(void*, daisy::SpiHandle::Result), void*)
 .text._ZN5daisy9SpiHandle4Impl10StartDmaRxEPhjPFvPvEPFvS3_NS0_6ResultEES3_
                0x000000000800dd30       0xc8 ../../libDaisy/build/libdaisy.a(spi.o)
                0x000000000800dd30                daisy::SpiHandle::Impl::StartDmaRx(unsigned char*, unsigned int, void (*)(void*), void (*)(void*, daisy::SpiHandle::Result), void*)
 .text._ZN5daisy9SpiHandle4Impl12StartDmaRxTxEPhS2_jPFvPvEPFvS3_NS0_6ResultEES3_
                0x000000000800ddf8       0xcc ../../libDaisy/build/libdaisy.a(spi.o)
                0x000000000800ddf8                daisy::SpiHandle::Impl::StartDmaRxTx(unsigned char*, unsigned char*, unsigned int, void (*)(void*), void (*)(void*, daisy::SpiHandle::Result), void*)
 .text._ZN5daisy9SpiHandle4Impl8InitPinsEv
                0x000000000800dec4      0x274 ../../libDaisy/build/libdaisy.a(spi.o)
                0x000000000800dec4                daisy::SpiHandle::Impl::InitPins()
 .text.HAL_SPI_MspInit
                0x000000000800e138      0x1a8 ../../libDaisy/build/libdaisy.a(spi.o)
                0x000000000800e138                HAL_SPI_MspInit
 .text.dsy_spi_global_init
                0x000000000800e2e0       0x80 ../../libDaisy/build/libdaisy.a(spi.o)
                0x000000000800e2e0                dsy_spi_global_init
 .text.SPI1_IRQHandler
                0x000000000800e360        0xc ../../libDaisy/build/libdaisy.a(spi.o)
                0x000000000800e360                SPI1_IRQHandler
 .text.SPI2_IRQHandler
                0x000000000800e36c        0xc ../../libDaisy/build/libdaisy.a(spi.o)
                0x000000000800e36c                SPI2_IRQHandler
 .text.SPI3_IRQHandler
                0x000000000800e378        0xc ../../libDaisy/build/libdaisy.a(spi.o)
                0x000000000800e378                SPI3_IRQHandler
 .text.SPI4_IRQHandler
                0x000000000800e384        0xc ../../libDaisy/build/libdaisy.a(spi.o)
                0x000000000800e384                SPI4_IRQHandler
 .text.SPI5_IRQHandler
                0x000000000800e390        0xc ../../libDaisy/build/libdaisy.a(spi.o)
                0x000000000800e390                SPI5_IRQHandler
 .text.DMA2_Stream2_IRQHandler
                0x000000000800e39c       0x34 ../../libDaisy/build/libdaisy.a(spi.o)
                0x000000000800e39c                DMA2_Stream2_IRQHandler
 .text.DMA2_Stream3_IRQHandler
                0x000000000800e3d0       0x38 ../../libDaisy/build/libdaisy.a(spi.o)
                0x000000000800e3d0                DMA2_Stream3_IRQHandler
 .text.HAL_SPI_TxCpltCallback
                0x000000000800e408       0xc4 ../../libDaisy/build/libdaisy.a(spi.o)
                0x000000000800e408                HAL_SPI_TxCpltCallback
 .text.HAL_SPI_RxCpltCallback
                0x000000000800e4cc       0xc4 ../../libDaisy/build/libdaisy.a(spi.o)
                0x000000000800e4cc                HAL_SPI_RxCpltCallback
 .text.HAL_SPI_TxRxCpltCallback
                0x000000000800e590       0xc4 ../../libDaisy/build/libdaisy.a(spi.o)
                0x000000000800e590                HAL_SPI_TxRxCpltCallback
 .text.HAL_SPI_ErrorCallback
                0x000000000800e654       0xc8 ../../libDaisy/build/libdaisy.a(spi.o)
                0x000000000800e654                HAL_SPI_ErrorCallback
 .text.startup._GLOBAL__sub_I__Z19MapInstanceToHandleP11SPI_TypeDef
                0x000000000800e71c      0x1b0 ../../libDaisy/build/libdaisy.a(spi.o)
 .text.HAL_TIM_Base_MspInit
                0x000000000800e8cc      0x1e0 ../../libDaisy/build/libdaisy.a(tim.o)
                0x000000000800e8cc                HAL_TIM_Base_MspInit
 .text.HAL_TIM_PeriodElapsedCallback
                0x000000000800eaac       0x44 ../../libDaisy/build/libdaisy.a(tim.o)
                0x000000000800eaac                HAL_TIM_PeriodElapsedCallback
 .text.TIM2_IRQHandler
                0x000000000800eaf0        0xc ../../libDaisy/build/libdaisy.a(tim.o)
                0x000000000800eaf0                TIM2_IRQHandler
 .text.TIM3_IRQHandler
                0x000000000800eafc        0xc ../../libDaisy/build/libdaisy.a(tim.o)
                0x000000000800eafc                TIM3_IRQHandler
 .text.TIM4_IRQHandler
                0x000000000800eb08        0xc ../../libDaisy/build/libdaisy.a(tim.o)
                0x000000000800eb08                TIM4_IRQHandler
 .text.TIM5_IRQHandler
                0x000000000800eb14        0xc ../../libDaisy/build/libdaisy.a(tim.o)
                0x000000000800eb14                TIM5_IRQHandler
 .text._ZN5daisy11TimerHandle4InitERKNS0_6ConfigE
                0x000000000800eb20       0xd0 ../../libDaisy/build/libdaisy.a(tim.o)
                0x000000000800eb20                daisy::TimerHandle::Init(daisy::TimerHandle::Config const&)
 .text._ZN5daisy11TimerHandle5StartEv
                0x000000000800ebf0       0x24 ../../libDaisy/build/libdaisy.a(tim.o)
                0x000000000800ebf0                daisy::TimerHandle::Start()
 .text.startup._GLOBAL__sub_I__ZN5daisy11TimerHandle4Impl4InitERKNS0_6ConfigE
                0x000000000800ec14       0x38 ../../libDaisy/build/libdaisy.a(tim.o)
 .text._ZL20UART_CheckRxListenerPN5daisy11UartHandler4ImplE
                0x000000000800ec4c       0x84 ../../libDaisy/build/libdaisy.a(uart.o)
 .text._ZN5daisy11UartHandler4Impl10StartDmaTxEPhjPFvPvEPFvS3_NS0_6ResultEES3_
                0x000000000800ecd0      0x184 ../../libDaisy/build/libdaisy.a(uart.o)
                0x000000000800ecd0                daisy::UartHandler::Impl::StartDmaTx(unsigned char*, unsigned int, void (*)(void*), void (*)(void*, daisy::UartHandler::Result), void*)
 .text._ZN5daisy11UartHandler4Impl10StartDmaRxEPhjPFvPvEPFvS3_NS0_6ResultEES3_
                0x000000000800ee54      0x184 ../../libDaisy/build/libdaisy.a(uart.o)
                0x000000000800ee54                daisy::UartHandler::Impl::StartDmaRx(unsigned char*, unsigned int, void (*)(void*), void (*)(void*, daisy::UartHandler::Result), void*)
 .text._ZN5daisy11UartHandler4Impl19DmaTransferFinishedEP20__UART_HandleTypeDefNS0_6ResultE
                0x000000000800efd8       0xc0 ../../libDaisy/build/libdaisy.a(uart.o)