Archive member included to satisfy reference by file (symbol)

../../libDaisy/build/libdaisy.a(daisy_seed.o)
                              build/TinyUsbCdcExternal.o (daisy::DaisySeed::Configure())
../../libDaisy/build/libdaisy.a(codec_ak4556.o)
                              ../../libDaisy/build/libdaisy.a(daisy_seed.o) (daisy::Ak4556::Init(dsy_gpio_pin))
../../libDaisy/build/libdaisy.a(codec_wm8731.o)
                              ../../libDaisy/build/libdaisy.a(daisy_seed.o) (daisy::Wm8731::Init(daisy::Wm8731::Config const&, daisy::I2CHandle))
../../libDaisy/build/libdaisy.a(sdram.o)
                              ../../libDaisy/build/libdaisy.a(daisy_seed.o) (SdramHandle::Init())
../../libDaisy/build/libdaisy.a(audio.o)
                              ../../libDaisy/build/libdaisy.a(daisy_seed.o) (daisy::AudioHandle::Init(daisy::AudioHandle::Config const&, daisy::SaiHandle))
../../libDaisy/build/libdaisy.a(usb.o)
                              build/TinyUsbCdcExternal.o (daisy::UsbHandle::Init(daisy::UsbHandle::UsbPeriph))
../../libDaisy/build/libdaisy.a(gpio.o)
                              ../../libDaisy/build/libdaisy.a(daisy_seed.o) (daisy::GPIO::Init(daisy::Pin, daisy::GPIO::Mode, daisy::GPIO::Pull, daisy::GPIO::Speed))
../../libDaisy/build/libdaisy.a(i2c.o)
                              ../../libDaisy/build/libdaisy.a(daisy_seed.o) (daisy::I2CHandle::Init(daisy::I2CHandle::Config const&))
../../libDaisy/build/libdaisy.a(qspi.o)
                              ../../libDaisy/build/libdaisy.a(daisy_seed.o) (daisy::QSPIHandle::Init(daisy::QSPIHandle::Config const&))
../../libDaisy/build/libdaisy.a(sai.o)
                              ../../libDaisy/build/libdaisy.a(daisy_seed.o) (daisy::SaiHandle::Init(daisy::SaiHandle::Config const&))
../../libDaisy/build/libdaisy.a(system.o)
                              ../../libDaisy/build/libdaisy.a(daisy_seed.o) (daisy::System::DeInit())
../../libDaisy/build/libdaisy.a(system_stm32h7xx.o)
                              build/startup_stm32h750xx.o (SystemInit)
../../libDaisy/build/libdaisy.a(usbd_cdc_if.o)
                              ../../libDaisy/build/libdaisy.a(usb.o) (CDC_Transmit_FS)
../../libDaisy/build/libdaisy.a(usbd_conf.o)
                              ../../libDaisy/build/libdaisy.a(system.o) (hpcd_USB_OTG_HS)
../../libDaisy/build/libdaisy.a(usbd_desc.o)
                              ../../libDaisy/build/libdaisy.a(usb.o) (HS_Desc)
../../libDaisy/build/libdaisy.a(usbh_conf.o)
                              ../../libDaisy/build/libdaisy.a(system.o) (hhcd_USB_OTG_HS)
../../libDaisy/build/libdaisy.a(hal_map.o)
                              ../../libDaisy/build/libdaisy.a(gpio.o) (dsy_hal_map_get_port)
../../libDaisy/build/libdaisy.a(stm32h7xx_hal.o)
                              ../../libDaisy/build/libdaisy.a(system.o) (HAL_Init)
../../libDaisy/build/libdaisy.a(stm32h7xx_hal_cortex.o)
                              ../../libDaisy/build/libdaisy.a(stm32h7xx_hal.o) (HAL_NVIC_SetPriorityGrouping)
../../libDaisy/build/libdaisy.a(stm32h7xx_hal_dma.o)
                              ../../libDaisy/build/libdaisy.a(i2c.o) (HAL_DMA_Init)
../../libDaisy/build/libdaisy.a(stm32h7xx_hal_gpio.o)
                              ../../libDaisy/build/libdaisy.a(sdram.o) (HAL_GPIO_Init)
../../libDaisy/build/libdaisy.a(stm32h7xx_hal_hcd.o)
                              ../../libDaisy/build/libdaisy.a(usbh_conf.o) (HAL_HCD_HC_Init)
../../libDaisy/build/libdaisy.a(stm32h7xx_hal_i2c.o)
                              ../../libDaisy/build/libdaisy.a(i2c.o) (HAL_I2C_Init)
../../libDaisy/build/libdaisy.a(stm32h7xx_hal_i2c_ex.o)
                              ../../libDaisy/build/libdaisy.a(i2c.o) (HAL_I2CEx_ConfigAnalogFilter)
../../libDaisy/build/libdaisy.a(stm32h7xx_hal_pcd.o)
                              ../../libDaisy/build/libdaisy.a(usbd_conf.o) (HAL_PCD_Init)
../../libDaisy/build/libdaisy.a(stm32h7xx_hal_pcd_ex.o)
                              ../../libDaisy/build/libdaisy.a(usbd_conf.o) (HAL_PCDEx_SetTxFiFo)
../../libDaisy/build/libdaisy.a(stm32h7xx_hal_pwr_ex.o)
                              ../../libDaisy/build/libdaisy.a(system.o) (HAL_PWREx_ConfigSupply)
../../libDaisy/build/libdaisy.a(stm32h7xx_hal_qspi.o)
                              ../../libDaisy/build/libdaisy.a(qspi.o) (HAL_QSPI_Init)
../../libDaisy/build/libdaisy.a(stm32h7xx_hal_rcc.o)
                              ../../libDaisy/build/libdaisy.a(system.o) (HAL_RCC_OscConfig)
../../libDaisy/build/libdaisy.a(stm32h7xx_hal_rcc_ex.o)
                              ../../libDaisy/build/libdaisy.a(system.o) (HAL_RCCEx_PeriphCLKConfig)
../../libDaisy/build/libdaisy.a(stm32h7xx_hal_sai.o)
                              ../../libDaisy/build/libdaisy.a(sai.o) (HAL_SAI_InitProtocol)
../../libDaisy/build/libdaisy.a(stm32h7xx_hal_sdram.o)
                              ../../libDaisy/build/libdaisy.a(sdram.o) (HAL_SDRAM_Init)
../../libDaisy/build/libdaisy.a(stm32h7xx_ll_fmc.o)
[...]
Memory Configuration

Name             Origin             Length             Attributes
FLASH            0x0000000008000000 0x0000000000020000 xr
DTCMRAM          0x0000000020000000 0x0000000000020000 xrw
SRAM             0x0000000024000000 0x0000000000080000 xrw
RAM_D2           0x0000000030000000 0x0000000000048000 xrw
RAM_D3           0x0000000038000000 0x0000000000010000 xrw
BACKUP_SRAM      0x0000000038800000 0x0000000000001000 xrw
ITCMRAM          0x0000000000000000 0x0000000000010000 xrw
SDRAM            0x00000000c0000000 0x0000000004000000 xrw
QSPIFLASH        0x0000000090000000 0x0000000000800000 xr
*default*        0x0000000000000000 0xffffffffffffffff

Linker script and memory map

LOAD /home/pi/Developer/gcc-arm-none-eabi-10-2020-q4-major/bin/../lib/gcc/arm-none-eabi/10.2.1/thumb/v7e-m+dp/hard/crti.o
LOAD /home/pi/Developer/gcc-arm-none-eabi-10-2020-q4-major/bin/../lib/gcc/arm-none-eabi/10.2.1/thumb/v7e-m+dp/hard/crtbegin.o
LOAD /home/pi/Developer/gcc-arm-none-eabi-10-2020-q4-major/bin/../lib/gcc/arm-none-eabi/10.2.1/../../../../arm-none-eabi/lib/thumb/v7e-m+dp/hard/crt0.o
LOAD build/usb_descriptors.o
LOAD build/tusb.o
LOAD build/tusb_fifo.o
LOAD build/usbd.o
LOAD build/cdc_device.o
LOAD build/dcd_dwc2.o
LOAD build/dwc2_common.o
LOAD build/startup_stm32h750xx.o
LOAD build/TinyUsbCdcExternal.o
LOAD ../../libDaisy/build/libdaisy.a
LOAD /home/pi/Developer/gcc-arm-none-eabi-10-2020-q4-major/bin/../lib/gcc/arm-none-eabi/10.2.1/../../../../arm-none-eabi/lib/thumb/v7e-m+dp/hard/libnosys.a
LOAD ../../DaisySP/build/libdaisysp.a
LOAD /home/pi/Developer/gcc-arm-none-eabi-10-2020-q4-major/bin/../lib/gcc/arm-none-eabi/10.2.1/../../../../arm-none-eabi/lib/thumb/v7e-m+dp/hard/libstdc++_nano.a
LOAD /home/pi/Developer/gcc-arm-none-eabi-10-2020-q4-major/bin/../lib/gcc/arm-none-eabi/10.2.1/../../../../arm-none-eabi/lib/thumb/v7e-m+dp/hard/libm.a
LOAD /home/pi/Developer/gcc-arm-none-eabi-10-2020-q4-major/bin/../lib/gcc/arm-none-eabi/10.2.1/../../../../arm-none-eabi/lib/thumb/v7e-m+dp/hard/libc_nano.a
START GROUP
LOAD /home/pi/Developer/gcc-arm-none-eabi-10-2020-q4-major/bin/../lib/gcc/arm-none-eabi/10.2.1/thumb/v7e-m+dp/hard/libgcc.a
LOAD /home/pi/Developer/gcc-arm-none-eabi-10-2020-q4-major/bin/../lib/gcc/arm-none-eabi/10.2.1/../../../../arm-none-eabi/lib/thumb/v7e-m+dp/hard/libc_nano.a
END GROUP
START GROUP
LOAD /home/pi/Developer/gcc-arm-none-eabi-10-2020-q4-major/bin/../lib/gcc/arm-none-eabi/10.2.1/thumb/v7e-m+dp/hard/libgcc.a
LOAD /home/pi/Developer/gcc-arm-none-eabi-10-2020-q4-major/bin/../lib/gcc/arm-none-eabi/10.2.1/../../../../arm-none-eabi/lib/thumb/v7e-m+dp/hard/libc_nano.a
LOAD /home/pi/Developer/gcc-arm-none-eabi-10-2020-q4-major/bin/../lib/gcc/arm-none-eabi/10.2.1/../../../../arm-none-eabi/lib/thumb/v7e-m+dp/hard/libnosys.a
END GROUP
START GROUP
LOAD /home/pi/Developer/gcc-arm-none-eabi-10-2020-q4-major/bin/../lib/gcc/arm-none-eabi/10.2.1/thumb/v7e-m+dp/hard/libgcc.a
LOAD /home/pi/Developer/gcc-arm-none-eabi-10-2020-q4-major/bin/../lib/gcc/arm-none-eabi/10.2.1/../../../../arm-none-eabi/lib/thumb/v7e-m+dp/hard/libc_nano.a
LOAD /home/pi/Developer/gcc-arm-none-eabi-10-2020-q4-major/bin/../lib/gcc/arm-none-eabi/10.2.1/../../../../arm-none-eabi/lib/thumb/v7e-m+dp/hard/libnosys.a
END GROUP
LOAD /home/pi/Developer/gcc-arm-none-eabi-10-2020-q4-major/bin/../lib/gcc/arm-none-eabi/10.2.1/thumb/v7e-m+dp/hard/crtend.o
LOAD /home/pi/Developer/gcc-arm-none-eabi-10-2020-q4-major/bin/../lib/gcc/arm-none-eabi/10.2.1/thumb/v7e-m+dp/hard/crtn.o
                0x0000000020020000                _estack = 0x20020000

.isr_vector     0x0000000008000000      0x298
                0x0000000008000000                . = ALIGN (0x4)
 *(.isr_vector)
 .isr_vector    0x0000000008000000      0x298 build/startup_stm32h750xx.o
                0x0000000008000000                g_pfnVectors
                0x0000000008000298                . = ALIGN (0x4)

.text           0x00000000080002a0    0x131bc
                0x00000000080002a0                . = ALIGN (0x4)
                0x00000000080002a0                _stext = .
 *(.text)
 .text          0x00000000080002a0       0x40 /home/pi/Developer/gcc-arm-none-eabi-10-2020-q4-major/bin/../lib/gcc/arm-none-eabi/10.2.1/thumb/v7e-m+dp/hard/crtbegin.o
 .text          0x00000000080002e0       0x10 /home/pi/Developer/gcc-arm-none-eabi-10-2020-q4-major/bin/../lib/gcc/arm-none-eabi/10.2.1/../../../../arm-none-eabi/lib/thumb/v7e-m+dp/hard/libc_nano.a(lib_a-strlen.o)
                0x00000000080002e0                strlen
 .text          0x00000000080002f0       0xa0 /home/pi/Developer/gcc-arm-none-eabi-10-2020-q4-major/bin/../lib/gcc/arm-none-eabi/10.2.1/../../../../arm-none-eabi/lib/thumb/v7e-m+dp/hard/libc_nano.a(lib_a-memchr.o)
                0x00000000080002f0                memchr
 .text          0x0000000008000390       0x30 /home/pi/Developer/gcc-arm-none-eabi-10-2020-q4-major/bin/../lib/gcc/arm-none-eabi/10.2.1/thumb/v7e-m+dp/hard/libgcc.a(_aeabi_uldivmod.o)
                0x0000000008000390                __aeabi_uldivmod
 .text          0x00000000080003c0      0x2d0 /home/pi/Developer/gcc-arm-none-eabi-10-2020-q4-major/bin/../lib/gcc/arm-none-eabi/10.2.1/thumb/v7e-m+dp/hard/libgcc.a(_udivmoddi4.o)
                0x00000000080003c0                __udivmoddi4
 .text          0x0000000008000690        0x4 /home/pi/Developer/gcc-arm-none-eabi-10-2020-q4-major/bin/../lib/gcc/arm-none-eabi/10.2.1/thumb/v7e-m+dp/hard/libgcc.a(_dvmd_tls.o)
                0x0000000008000690                __aeabi_ldiv0
                0x0000000008000690                __aeabi_idiv0
 *(.text*)
 .text.tud_descriptor_device_cb
                0x0000000008000694        0x8 build/usb_descriptors.o
                0x0000000008000694                tud_descriptor_device_cb
 .text.tud_descriptor_configuration_cb
                0x000000000800069c        0x8 build/usb_descriptors.o
                0x000000000800069c                tud_descriptor_configuration_cb
 .text.tud_descriptor_string_cb
                0x00000000080006a4       0xd8 build/usb_descriptors.o
                0x00000000080006a4                tud_descriptor_string_cb
 .text.stream_xfer
                0x000000000800077c       0x3c build/tusb.o
 .text.tu_edpt_stream_read_xfer.part.0
                0x00000000080007b8       0x8c build/tusb.o
 .text.tusb_rhport_init
                0x0000000008000844       0x4c build/tusb.o
                0x0000000008000844                tusb_rhport_init
 .text.tu_edpt_claim
                0x0000000008000890       0x24 build/tusb.o
                0x0000000008000890                tu_edpt_claim
 .text.tu_edpt_release
                0x00000000080008b4       0x1c build/tusb.o
                0x00000000080008b4                tu_edpt_release
 .text.tu_bind_driver_to_ep_itf
                0x00000000080008d0       0x7c build/tusb.o
                0x00000000080008d0                tu_bind_driver_to_ep_itf
 .text.tu_edpt_stream_init
                0x000000000800094c       0x28 build/tusb.o
                0x000000000800094c                tu_edpt_stream_init
 .text.tu_edpt_stream_write_zlp_if_needed
                0x0000000008000974       0x50 build/tusb.o
                0x0000000008000974                tu_edpt_stream_write_zlp_if_needed
 .text.tu_edpt_stream_write_xfer
                0x00000000080009c4       0xa4 build/tusb.o
                0x00000000080009c4                tu_edpt_stream_write_xfer
 .text.tu_edpt_stream_write
                0x0000000008000a68       0x50 build/tusb.o
                0x0000000008000a68                tu_edpt_stream_write
 .text.tu_edpt_stream_read_xfer
                0x0000000008000ab8       0x3c build/tusb.o
                0x0000000008000ab8                tu_edpt_stream_read_xfer
 .text.tu_edpt_stream_read
                0x0000000008000af4       0x48 build/tusb.o
                0x0000000008000af4                tu_edpt_stream_read
 .text.tu_fifo_config
                0x0000000008000b3c       0x28 build/tusb_fifo.o
                0x0000000008000b3c                tu_fifo_config
 .text.tu_fifo_clear
                0x0000000008000b64        0x8 build/tusb_fifo.o
                0x0000000008000b64                tu_fifo_clear
 .text.tu_fifo_set_overwritable
                0x0000000008000b6c        0xc build/tusb_fifo.o
                0x0000000008000b6c                tu_fifo_set_overwritable
 .text.tu_hwfifo_write
                0x0000000008000b78       0x3c build/tusb_fifo.o
                0x0000000008000b78                tu_hwfifo_write
 .text.tu_fifo_peek_n_access_mode
                0x0000000008000bb4      0x1c0 build/tusb_fifo.o
                0x0000000008000bb4                tu_fifo_peek_n_access_mode
 .text.tu_fifo_read_n_access_mode
                0x0000000008000d74       0x38 build/tusb_fifo.o
                0x0000000008000d74                tu_fifo_read_n_access_mode
 .text.tu_fifo_write_n_access_mode
                0x0000000008000dac      0x294 build/tusb_fifo.o
                0x0000000008000dac                tu_fifo_write_n_access_mode
 .text.tu_fifo_get_read_info
                0x0000000008001040       0x84 build/tusb_fifo.o
                0x0000000008001040                tu_fifo_get_read_info
 .text.tud_vendor_control_xfer_cb
                0x00000000080010c4        0x4 build/usbd.o
                0x00000000080010c4                tud_vendor_control_xfer_cb
 .text.configuration_reset
                0x00000000080010c8       0x98 build/usbd.o
 .text.usbd_int_set
                0x0000000008001160       0x14 build/usbd.o
                0x0000000008001160                usbd_int_set
 .text.tud_sof_cb
                0x0000000008001174        0x4 build/usbd.o
                0x0000000008001174                tud_sof_cb
 .text.tud_descriptor_bos_cb
                0x0000000008001178        0x4 build/usbd.o
                0x0000000008001178                tud_descriptor_bos_cb
 .text.tud_descriptor_device_qualifier_cb
                0x000000000800117c        0x4 build/usbd.o
                0x000000000800117c                tud_descriptor_device_qualifier_cb
 .text.tud_descriptor_other_speed_configuration_cb
                0x0000000008001180        0x4 build/usbd.o
                0x0000000008001180                tud_descriptor_other_speed_configuration_cb
 .text.tud_mount_cb
                0x0000000008001184        0x4 build/usbd.o
                0x0000000008001184                tud_mount_cb
 .text.tud_umount_cb
                0x0000000008001188        0x4 build/usbd.o
                0x0000000008001188                tud_umount_cb
 .text.tud_suspend_cb
                0x000000000800118c        0x4 build/usbd.o
                0x000000000800118c                tud_suspend_cb
 .text.tud_resume_cb
                0x0000000008001190        0x4 build/usbd.o
                0x0000000008001190                tud_resume_cb
 .text.usbd_app_driver_get_cb
                0x0000000008001194        0xc build/usbd.o
                0x0000000008001194                usbd_app_driver_get_cb
 .text.tud_mounted
                0x00000000080011a0       0x10 build/usbd.o
                0x00000000080011a0                tud_mounted
 .text.tud_rhport_init
                0x00000000080011b0       0xec build/usbd.o
                0x00000000080011b0                tud_rhport_init
 .text.dcd_edpt0_status_complete
                0x000000000800129c        0x4 build/usbd.o
                0x000000000800129c                dcd_edpt0_status_complete
 .text.usbd_spin_lock
                0x00000000080012a0       0x1c build/usbd.o
                0x00000000080012a0                usbd_spin_lock
 .text.usbd_spin_unlock
                0x00000000080012bc       0x1c build/usbd.o
                0x00000000080012bc                usbd_spin_unlock
 .text.usbd_edpt_open
                0x00000000080012d8       0x30 build/usbd.o
                0x00000000080012d8                usbd_edpt_open
 .text.usbd_edpt_claim
                0x0000000008001308       0x1c build/usbd.o
                0x0000000008001308                usbd_edpt_claim
 .text.usbd_edpt_release
                0x0000000008001324       0x1c build/usbd.o
                0x0000000008001324                usbd_edpt_release
 .text.usbd_edpt_xfer
                0x0000000008001340       0x74 build/usbd.o
                0x0000000008001340                usbd_edpt_xfer
 .text.tud_control_status
                0x00000000080013b4       0x30 build/usbd.o
                0x00000000080013b4                tud_control_status
 .text.data_stage_xact
                0x00000000080013e4       0x74 build/usbd.o
 .text.tud_control_xfer
                0x0000000008001458       0x64 build/usbd.o
                0x0000000008001458                tud_control_xfer
 .text.tud_task_ext
                0x00000000080014bc      0x76c build/usbd.o
                0x00000000080014bc                tud_task_ext
 .text.usbd_edpt_xfer_fifo
                0x0000000008001c28       0x74 build/usbd.o
                0x0000000008001c28                usbd_edpt_xfer_fifo
 .text.tud_cdc_rx_cb
                0x0000000008001c9c        0x4 build/cdc_device.o
                0x0000000008001c9c                tud_cdc_rx_cb
 .text.tud_cdc_rx_wanted_cb
                0x0000000008001ca0        0x4 build/cdc_device.o
                0x0000000008001ca0                tud_cdc_rx_wanted_cb
 .text.tud_cdc_tx_complete_cb
                0x0000000008001ca4        0x4 build/cdc_device.o
                0x0000000008001ca4                tud_cdc_tx_complete_cb
 .text.tud_cdc_notify_complete_cb
                0x0000000008001ca8        0x4 build/cdc_device.o
                0x0000000008001ca8                tud_cdc_notify_complete_cb
 .text.tud_cdc_line_state_cb
                0x0000000008001cac        0x4 build/cdc_device.o
                0x0000000008001cac                tud_cdc_line_state_cb
 .text.tud_cdc_line_coding_cb
                0x0000000008001cb0        0x4 build/cdc_device.o
                0x0000000008001cb0                tud_cdc_line_coding_cb
 .text.tud_cdc_send_break_cb
                0x0000000008001cb4        0x4 build/cdc_device.o
                0x0000000008001cb4                tud_cdc_send_break_cb
 .text.tud_cdc_n_available
                0x0000000008001cb8       0x34 build/cdc_device.o
                0x0000000008001cb8                tud_cdc_n_available
 .text.tud_cdc_n_read
                0x0000000008001cec       0x10 build/cdc_device.o
                0x0000000008001cec                tud_cdc_n_read
 .text.tud_cdc_n_write
                0x0000000008001cfc       0x10 build/cdc_device.o
                0x0000000008001cfc                tud_cdc_n_write
 .text.tud_cdc_n_write_flush
                0x0000000008001d0c       0x10 build/cdc_device.o
                0x0000000008001d0c                tud_cdc_n_write_flush
 .text.cdcd_init
                0x0000000008001d1c       0x58 build/cdc_device.o
                0x0000000008001d1c                cdcd_init
 .text.cdcd_deinit
                0x0000000008001d74        0x4 build/cdc_device.o
                0x0000000008001d74                cdcd_deinit
 .text.cdcd_reset
                0x0000000008001d78       0x20 build/cdc_device.o
                0x0000000008001d78                cdcd_reset
 .text.cdcd_open
                0x0000000008001d98      0x188 build/cdc_device.o
                0x0000000008001d98                cdcd_open
 .text.cdcd_control_xfer_cb
                0x0000000008001f20       0xb4 build/cdc_device.o
                0x0000000008001f20                cdcd_control_xfer_cb
 .text.cdcd_xfer_cb
                0x0000000008001fd4      0x12c build/cdc_device.o
                0x0000000008001fd4                cdcd_xfer_cb
 .text.dfifo_alloc
                0x0000000008002100       0xf4 build/dcd_dwc2.o
 .text.dfifo_device_init
                0x00000000080021f4       0x50 build/dcd_dwc2.o
 .text.edpt_activate
                0x0000000008002244       0xb8 build/dcd_dwc2.o
 .text.edpt_disable
                0x00000000080022fc      0x124 build/dcd_dwc2.o
 .text.epin_write_tx_fifo
                0x0000000008002420       0xa4 build/dcd_dwc2.o
 .text.edpt_schedule_packets
                0x00000000080024c4       0xdc build/dcd_dwc2.o
 .text.dcd_init
                0x00000000080025a0      0x124 build/dcd_dwc2.o
                0x00000000080025a0                dcd_init
 .text.dcd_int_enable
                0x00000000080026c4       0x30 build/dcd_dwc2.o
                0x00000000080026c4                dcd_int_enable
 .text.dcd_int_disable
                0x00000000080026f4       0x38 build/dcd_dwc2.o
                0x00000000080026f4                dcd_int_disable
 .text.dcd_set_address
                0x000000000800272c       0x64 build/dcd_dwc2.o
                0x000000000800272c                dcd_set_address
 .text.dcd_sof_enable
                0x0000000008002790       0x3c build/dcd_dwc2.o
                0x0000000008002790                dcd_sof_enable
 .text.dcd_edpt_open
                0x00000000080027cc       0x44 build/dcd_dwc2.o
                0x00000000080027cc                dcd_edpt_open
 .text.dcd_edpt_close_all
                0x0000000008002810       0xbc build/dcd_dwc2.o
                0x0000000008002810                dcd_edpt_close_all
 .text.dcd_edpt_xfer
                0x00000000080028cc       0x68 build/dcd_dwc2.o
                0x00000000080028cc                dcd_edpt_xfer
 .text.dcd_edpt_xfer_fifo
                0x0000000008002934       0x6c build/dcd_dwc2.o
                0x0000000008002934                dcd_edpt_xfer_fifo
 .text.dcd_edpt_stall
                0x00000000080029a0       0x30 build/dcd_dwc2.o
                0x00000000080029a0                dcd_edpt_stall
 .text.dcd_edpt_clear_stall
                0x00000000080029d0       0x48 build/dcd_dwc2.o
                0x00000000080029d0                dcd_edpt_clear_stall
 .text.reset_core
                0x0000000008002a18       0x40 build/dwc2_common.o
 .text.dwc2_core_is_highspeed_phy
                0x0000000008002a58       0x1c build/dwc2_common.o
                0x0000000008002a58                dwc2_core_is_highspeed_phy
 .text.dwc2_core_init
                0x0000000008002a74      0x358 build/dwc2_common.o
                0x0000000008002a74                dwc2_core_init
 .text.Default_Handler
                0x0000000008002dcc        0x4 build/startup_stm32h750xx.o
                0x0000000008002dcc                RTC_Alarm_IRQHandler
                0x0000000008002dcc                HASH_RNG_IRQHandler
                0x0000000008002dcc                EXTI2_IRQHandler
                0x0000000008002dcc                TIM8_CC_IRQHandler
                0x0000000008002dcc                HRTIM1_Master_IRQHandler
                0x0000000008002dcc                DebugMon_Handler
                0x0000000008002dcc                TIM1_CC_IRQHandler
                0x0000000008002dcc                BDMA_Channel6_IRQHandler
                0x0000000008002dcc                DMA2_Stream5_IRQHandler
                0x0000000008002dcc                HRTIM1_FLT_IRQHandler
                0x0000000008002dcc                JPEG_IRQHandler
                0x0000000008002dcc                BDMA_Channel1_IRQHandler
                0x0000000008002dcc                HRTIM1_TIMD_IRQHandler
                0x0000000008002dcc                TAMP_STAMP_IRQHandler
                0x0000000008002dcc                PendSV_Handler
                0x0000000008002dcc                NMI_Handler
                0x0000000008002dcc                EXTI3_IRQHandler
                0x0000000008002dcc                LPTIM4_IRQHandler
                0x0000000008002dcc                TIM8_TRG_COM_TIM14_IRQHandler
                0x0000000008002dcc                LPTIM2_IRQHandler
                0x0000000008002dcc                DFSDM1_FLT1_IRQHandler
                0x0000000008002dcc                DMAMUX2_OVR_IRQHandler
                0x0000000008002dcc                TIM8_UP_TIM13_IRQHandler
                0x0000000008002dcc                I2C3_ER_IRQHandler
                0x0000000008002dcc                DFSDM1_FLT2_IRQHandler
                0x0000000008002dcc                MDMA_IRQHandler
                0x0000000008002dcc                LPTIM3_IRQHandler
                0x0000000008002dcc                HSEM1_IRQHandler
                0x0000000008002dcc                EXTI0_IRQHandler
                0x0000000008002dcc                DMA1_Stream2_IRQHandler
                0x0000000008002dcc                FPU_IRQHandler
                0x0000000008002dcc                OTG_HS_WKUP_IRQHandler
                0x0000000008002dcc                FDCAN1_IT1_IRQHandler
                0x0000000008002dcc                UsageFault_Handler
                0x0000000008002dcc                LTDC_ER_IRQHandler
                0x0000000008002dcc                HRTIM1_TIME_IRQHandler
                0x0000000008002dcc                TIM6_DAC_IRQHandler
                0x0000000008002dcc                DCMI_IRQHandler
                0x0000000008002dcc                HRTIM1_TIMC_IRQHandler
                0x0000000008002dcc                SAI2_IRQHandler
                0x0000000008002dcc                DFSDM1_FLT3_IRQHandler
                0x0000000008002dcc                TIM17_IRQHandler
                0x0000000008002dcc                CRYP_IRQHandler
                0x0000000008002dcc                BDMA_Channel7_IRQHandler
                0x0000000008002dcc                LPTIM5_IRQHandler
                0x0000000008002dcc                ADC3_IRQHandler
                0x0000000008002dcc                DMA2_Stream0_IRQHandler
                0x0000000008002dcc                BDMA_Channel2_IRQHandler
                0x0000000008002dcc                DMAMUX1_OVR_IRQHandler
                0x0000000008002dcc                TIM16_IRQHandler
                0x0000000008002dcc                BDMA_Channel5_IRQHandler
                0x0000000008002dcc                RCC_IRQHandler
                0x0000000008002dcc                TIM8_BRK_TIM12_IRQHandler
                0x0000000008002dcc                TIM1_TRG_COM_IRQHandler
                0x0000000008002dcc                Default_Handler
                0x0000000008002dcc                ECC_IRQHandler
                0x0000000008002dcc                CEC_IRQHandler
                0x0000000008002dcc                EXTI15_10_IRQHandler
                0x0000000008002dcc                BDMA_Channel0_IRQHandler
                0x0000000008002dcc                ADC_IRQHandler
                0x0000000008002dcc                DMA1_Stream7_IRQHandler
                0x0000000008002dcc                HRTIM1_TIMA_IRQHandler
                0x0000000008002dcc                TIM7_IRQHandler
                0x0000000008002dcc                SDMMC1_IRQHandler
                0x0000000008002dcc                DMA2_Stream7_IRQHandler
                0x0000000008002dcc                TIM15_IRQHandler
                0x0000000008002dcc                PVD_AVD_IRQHandler
                0x0000000008002dcc                EXTI9_5_IRQHandler
                0x0000000008002dcc                RTC_WKUP_IRQHandler
                0x0000000008002dcc                LTDC_IRQHandler
                0x0000000008002dcc                SAI3_IRQHandler
                0x0000000008002dcc                ETH_WKUP_IRQHandler
                0x0000000008002dcc                SPDIF_RX_IRQHandler
                0x0000000008002dcc                MemManage_Handler
                0x0000000008002dcc                SVC_Handler
                0x0000000008002dcc                CRS_IRQHandler
                0x0000000008002dcc                EXTI4_IRQHandler
                0x0000000008002dcc                HRTIM1_TIMB_IRQHandler
                0x0000000008002dcc                FDCAN2_IT1_IRQHandler
                0x0000000008002dcc                ETH_IRQHandler
                0x0000000008002dcc                TIM1_UP_IRQHandler
                0x0000000008002dcc                BDMA_Channel4_IRQHandler
                0x0000000008002dcc                WWDG_IRQHandler
                0x0000000008002dcc                SPI6_IRQHandler
                0x0000000008002dcc                I2C4_EV_IRQHandler
                0x0000000008002dcc                MDIOS_IRQHandler
                0x0000000008002dcc                FDCAN2_IT0_IRQHandler
                0x0000000008002dcc                FDCAN1_IT0_IRQHandler
                0x0000000008002dcc                OTG_FS_WKUP_IRQHandler
                0x0000000008002dcc                DMA2D_IRQHandler
                0x0000000008002dcc                TIM1_BRK_IRQHandler
                0x0000000008002dcc                EXTI1_IRQHandler
                0x0000000008002dcc                SDMMC2_IRQHandler
                0x0000000008002dcc                BDMA_Channel3_IRQHandler
                0x0000000008002dcc                MDIOS_WKUP_IRQHandler
                0x0000000008002dcc                DFSDM1_FLT0_IRQHandler
                0x0000000008002dcc                SAI4_IRQHandler
                0x0000000008002dcc                I2C2_ER_IRQHandler
                0x0000000008002dcc                DMA2_Stream1_IRQHandler
                0x0000000008002dcc                FLASH_IRQHandler
                0x0000000008002dcc                BusFault_Handler
                0x0000000008002dcc                WAKEUP_PIN_IRQHandler
                0x0000000008002dcc                I2C1_ER_IRQHandler
                0x0000000008002dcc                FMC_IRQHandler
                0x0000000008002dcc                FDCAN_CAL_IRQHandler
                0x0000000008002dcc                SWPMI1_IRQHandler
                0x0000000008002dcc                COMP1_IRQHandler
                0x0000000008002dcc                LPTIM1_IRQHandler
                0x0000000008002dcc                I2C4_ER_IRQHandler
                0x0000000008002dcc                DMA2_Stream6_IRQHandler
                0x0000000008002dcc                SAI1_IRQHandler
 .text.Reset_Handler
                0x0000000008002dd0       0x44 build/startup_stm32h750xx.o
                0x0000000008002dd0                Reset_Handler
 .text._ZN5daisy9DaisySeedD2Ev
                0x0000000008002e14        0x4 build/TinyUsbCdcExternal.o
                0x0000000008002e14                daisy::DaisySeed::~DaisySeed()
                0x0000000008002e14                daisy::DaisySeed::~DaisySeed()
 .text.board_get_unique_id
                0x0000000008002e18       0x38 build/TinyUsbCdcExternal.o
                0x0000000008002e18                board_get_unique_id
 .text.startup.main
                0x0000000008002e50       0xa4 build/TinyUsbCdcExternal.o
                0x0000000008002e50                main
 .text.startup._GLOBAL__sub_I_hw
                0x0000000008002ef4       0x20 build/TinyUsbCdcExternal.o
 .text._ZN5daisy9DaisySeed9ConfigureEv
                0x0000000008002f14        0x4 ../../libDaisy/build/libdaisy.a(daisy_seed.o)
                0x0000000008002f14                daisy::DaisySeed::Configure()
 .text._ZN5daisy9DaisySeed6SetLedEb
                0x0000000008002f18        0x8 ../../libDaisy/build/libdaisy.a(daisy_seed.o)
                0x0000000008002f18                daisy::DaisySeed::SetLed(bool)
 .text._ZN5daisy9DaisySeed17CheckBoardVersionEv
                0x0000000008002f20       0x6c ../../libDaisy/build/libdaisy.a(daisy_seed.o)
                0x0000000008002f20                daisy::DaisySeed::CheckBoardVersion()
 .text._ZN5daisy9DaisySeed14ConfigureAudioEv
                0x0000000008002f8c      0x10c ../../libDaisy/build/libdaisy.a(daisy_seed.o)
                0x0000000008002f8c                daisy::DaisySeed::ConfigureAudio()
 .text._ZN5daisy9DaisySeed4InitEb
                0x0000000008003098      0x108 ../../libDaisy/build/libdaisy.a(daisy_seed.o)
                0x0000000008003098                daisy::DaisySeed::Init(bool)
 .text._ZN5daisy6Ak45564InitE12dsy_gpio_pin
                0x00000000080031a0       0x44 ../../libDaisy/build/libdaisy.a(codec_ak4556.o)
                0x00000000080031a0                daisy::Ak4556::Init(dsy_gpio_pin)
 .text._ZN5daisy6Wm873120WriteControlRegisterEht
                0x00000000080031e4       0x3c ../../libDaisy/build/libdaisy.a(codec_wm8731.o)
                0x00000000080031e4                daisy::Wm8731::WriteControlRegister(unsigned char, unsigned short)
 .text._ZN5daisy6Wm87314InitERKNS0_6ConfigENS_9I2CHandleE
                0x0000000008003220      0x1bc ../../libDaisy/build/libdaisy.a(codec_wm8731.o)
                0x0000000008003220                daisy::Wm8731::Init(daisy::Wm8731::Config const&, daisy::I2CHandle)
 .text._ZN11SdramHandle10DeviceInitEv
                0x00000000080033dc       0x98 ../../libDaisy/build/libdaisy.a(sdram.o)
                0x00000000080033dc                SdramHandle::DeviceInit()
 .text._ZN11SdramHandle4InitEv
                0x0000000008003474       0x7c ../../libDaisy/build/libdaisy.a(sdram.o)
                0x0000000008003474                SdramHandle::Init()
 .text.HAL_SDRAM_MspInit
                0x00000000080034f0      0x1a8 ../../libDaisy/build/libdaisy.a(sdram.o)
                0x00000000080034f0                HAL_SDRAM_MspInit
 .text._ZN5daisy11AudioHandle4InitERKNS0_6ConfigENS_9SaiHandleE
                0x0000000008003698       0x70 ../../libDaisy/build/libdaisy.a(audio.o)
                0x0000000008003698                daisy::AudioHandle::Init(daisy::AudioHandle::Config const&, daisy::SaiHandle)
 .text._ZNK5daisy11AudioHandle9GetConfigEv
                0x0000000008003708        0x8 ../../libDaisy/build/libdaisy.a(audio.o)
                0x0000000008003708                daisy::AudioHandle::GetConfig() const
 .text._ZN5daisy11AudioHandle13GetSampleRateEv
                0x0000000008003710        0x8 ../../libDaisy/build/libdaisy.a(audio.o)
                0x0000000008003710                daisy::AudioHandle::GetSampleRate()
 .text.startup._GLOBAL__sub_I__ZN5daisy11AudioHandle4Impl4InitENS0_6ConfigENS_9SaiHandleE
                0x0000000008003718       0x24 ../../libDaisy/build/libdaisy.a(audio.o)
 .text.DummyRxCallback
                0x000000000800373c        0x4 ../../libDaisy/build/libdaisy.a(usb.o)
                0x000000000800373c                DummyRxCallback
 .text._ZN5daisy9UsbHandle4InitENS0_9UsbPeriphE
                0x0000000008003740      0x10c ../../libDaisy/build/libdaisy.a(usb.o)
                0x0000000008003740                daisy::UsbHandle::Init(daisy::UsbHandle::UsbPeriph)
 .text.OTG_FS_EP1_OUT_IRQHandler
                0x000000000800384c        0xc ../../libDaisy/build/libdaisy.a(usb.o)
                0x000000000800384c                OTG_FS_EP1_OUT_IRQHandler
 .text.OTG_FS_EP1_IN_IRQHandler
                0x0000000008003858        0xc ../../libDaisy/build/libdaisy.a(usb.o)
                0x0000000008003858                OTG_FS_EP1_IN_IRQHandler
 .text.OTG_FS_IRQHandler
                0x0000000008003864        0xc ../../libDaisy/build/libdaisy.a(usb.o)
                0x0000000008003864                OTG_FS_IRQHandler
 .text._ZN5daisy4GPIO4InitENS_3PinENS0_4ModeENS0_4PullENS0_5SpeedE
                0x0000000008003870      0x1cc ../../libDaisy/build/libdaisy.a(gpio.o)
                0x0000000008003870                daisy::GPIO::Init(daisy::Pin, daisy::GPIO::Mode, daisy::GPIO::Pull, daisy::GPIO::Speed)
 .text._ZN5daisy4GPIO4ReadEv
                0x0000000008003a3c       0x18 ../../libDaisy/build/libdaisy.a(gpio.o)
                0x0000000008003a3c                daisy::GPIO::Read()
 .text._ZN5daisy4GPIO5WriteEb
                0x0000000008003a54       0x14 ../../libDaisy/build/libdaisy.a(gpio.o)
                0x0000000008003a54                daisy::GPIO::Write(bool)
 .text.dsy_gpio_init
                0x0000000008003a68      0x1b8 ../../libDaisy/build/libdaisy.a(gpio.o)
                0x0000000008003a68                dsy_gpio_init
 .text.dsy_gpio_write
                0x0000000008003c20       0x24 ../../libDaisy/build/libdaisy.a(gpio.o)
                0x0000000008003c20                dsy_gpio_write
 .text._ZN5daisy9I2CHandle4Impl8InitPinsEv
                0x0000000008003c44       0x58 ../../libDaisy/build/libdaisy.a(i2c.o)
                0x0000000008003c44                daisy::I2CHandle::Impl::InitPins()
 .text.HAL_I2C_MspInit
                0x0000000008003c9c      0x1b4 ../../libDaisy/build/libdaisy.a(i2c.o)
                0x0000000008003c9c                HAL_I2C_MspInit
 .text.dsy_i2c_global_init
                0x0000000008003e50       0x78 ../../libDaisy/build/libdaisy.a(i2c.o)
                0x0000000008003e50                dsy_i2c_global_init
 .text.DMA1_Stream6_IRQHandler
                0x0000000008003ec8       0x34 ../../libDaisy/build/libdaisy.a(i2c.o)
                0x0000000008003ec8                DMA1_Stream6_IRQHandler
 .text.I2C1_EV_IRQHandler
                0x0000000008003efc        0xc ../../libDaisy/build/libdaisy.a(i2c.o)
                0x0000000008003efc                I2C1_EV_IRQHandler
 .text.I2C2_EV_IRQHandler
                0x0000000008003f08        0xc ../../libDaisy/build/libdaisy.a(i2c.o)
                0x0000000008003f08                I2C2_EV_IRQHandler
 .text.I2C3_EV_IRQHandler
                0x0000000008003f14        0xc ../../libDaisy/build/libdaisy.a(i2c.o)
                0x0000000008003f14                I2C3_EV_IRQHandler
 .text._ZN5daisy9I2CHandle4InitERKNS0_6ConfigE
                0x0000000008003f20      0x12c ../../libDaisy/build/libdaisy.a(i2c.o)
                0x0000000008003f20                daisy::I2CHandle::Init(daisy::I2CHandle::Config const&)
 .text._ZN5daisy9I2CHandle16TransmitBlockingEtPhtm
                0x000000000800404c       0x50 ../../libDaisy/build/libdaisy.a(i2c.o)
                0x000000000800404c                daisy::I2CHandle::TransmitBlocking(unsigned short, unsigned char*, unsigned short, unsigned long)
 .text.startup._GLOBAL__sub_I__ZN5daisy9I2CHandle4Impl10GlobalInitEv
                0x000000000800409c       0x18 ../../libDaisy/build/libdaisy.a(i2c.o)
 .text._ZN5daisy10QSPIHandle4Impl11WriteEnableEv
                0x00000000080040b4       0x8c ../../libDaisy/build/libdaisy.a(qspi.o)
                0x00000000080040b4                daisy::QSPIHandle::Impl::WriteEnable()
 .text._ZN5daisy10QSPIHandle4Impl17DummyCyclesConfigENS0_6Config6DeviceE
                0x0000000008004140      0x118 ../../libDaisy/build/libdaisy.a(qspi.o)
                0x0000000008004140                daisy::QSPIHandle::Impl::DummyCyclesConfig(daisy::QSPIHandle::Config::Device)
 .text._ZN5daisy10QSPIHandle4Impl10QuadEnableEv
                0x0000000008004258      0x158 ../../libDaisy/build/libdaisy.a(qspi.o)
                0x0000000008004258                daisy::QSPIHandle::Impl::QuadEnable()
 .text._ZN5daisy10QSPIHandle4InitERKNS0_6ConfigE
                0x00000000080043b0      0x198 ../../libDaisy/build/libdaisy.a(qspi.o)
                0x00000000080043b0                daisy::QSPIHandle::Init(daisy::QSPIHandle::Config const&)
 .text.HAL_QSPI_MspInit
                0x0000000008004548      0x11c ../../libDaisy/build/libdaisy.a(qspi.o)
                0x0000000008004548                HAL_QSPI_MspInit
 .text.HAL_QSPI_MspDeInit
                0x0000000008004664       0x54 ../../libDaisy/build/libdaisy.a(qspi.o)
                0x0000000008004664                HAL_QSPI_MspDeInit
 .text.QUADSPI_IRQHandler
                0x00000000080046b8        0xc ../../libDaisy/build/libdaisy.a(qspi.o)
                0x00000000080046b8                QUADSPI_IRQHandler
 .text.startup._GLOBAL__sub_I__ZN5daisy10QSPIHandle4Impl4InitERKNS0_6ConfigE
                0x00000000080046c4       0x28 ../../libDaisy/build/libdaisy.a(qspi.o)
 .text._ZN5daisy9SaiHandle4Impl7InitDmaENS1_15PeripheralBlockE
                0x00000000080046ec       0xa0 ../../libDaisy/build/libdaisy.a(sai.o)
                0x00000000080046ec                daisy::SaiHandle::Impl::InitDma(daisy::SaiHandle::Impl::PeripheralBlock)
 .text._ZN5daisy9SaiHandle4Impl8InitPinsEv
                0x000000000800478c       0xa8 ../../libDaisy/build/libdaisy.a(sai.o)
                0x000000000800478c                daisy::SaiHandle::Impl::InitPins()
 .text.HAL_SAI_MspInit
                0x0000000008004834      0x164 ../../libDaisy/build/libdaisy.a(sai.o)
                0x0000000008004834                HAL_SAI_MspInit
 .text.DMA1_Stream0_IRQHandler
                0x0000000008004998        0xc ../../libDaisy/build/libdaisy.a(sai.o)
                0x0000000008004998                DMA1_Stream0_IRQHandler
 .text.DMA1_Stream1_IRQHandler
                0x00000000080049a4        0xc ../../libDaisy/build/libdaisy.a(sai.o)
                0x00000000080049a4                DMA1_Stream1_IRQHandler
 .text.DMA1_Stream3_IRQHandler
                0x00000000080049b0        0xc ../../libDaisy/build/libdaisy.a(sai.o)
                0x00000000080049b0                DMA1_Stream3_IRQHandler
 .text.DMA1_Stream4_IRQHandler
                0x00000000080049bc        0xc ../../libDaisy/build/libdaisy.a(sai.o)
                0x00000000080049bc                DMA1_Stream4_IRQHandler
 .text._ZN5daisy9SaiHandle4InitERKNS0_6ConfigE
                0x00000000080049c8      0x1f0 ../../libDaisy/build/libdaisy.a(sai.o)
                0x00000000080049c8                daisy::SaiHandle::Init(daisy::SaiHandle::Config const&)
 .text._ZNK5daisy9SaiHandle9GetConfigEv
                0x0000000008004bb8        0x4 ../../libDaisy/build/libdaisy.a(sai.o)
                0x0000000008004bb8                daisy::SaiHandle::GetConfig() const
 .text._ZN5daisy9SaiHandle13GetSampleRateEv
                0x0000000008004bbc       0x24 ../../libDaisy/build/libdaisy.a(sai.o)
                0x0000000008004bbc                daisy::SaiHandle::GetSampleRate()
 .text._ZN5daisy11TimerHandleD2Ev
                0x0000000008004be0        0x4 ../../libDaisy/build/libdaisy.a(system.o)
                0x0000000008004be0                daisy::TimerHandle::~TimerHandle()
                0x0000000008004be0                daisy::TimerHandle::~TimerHandle()
 .text.SysTick_Handler
                0x0000000008004be4       0x10 ../../libDaisy/build/libdaisy.a(system.o)
                0x0000000008004be4                SysTick_Handler
 .text.OTG_HS_EP1_OUT_IRQHandler
                0x0000000008004bf4       0x24 ../../libDaisy/build/libdaisy.a(system.o)
                0x0000000008004bf4                OTG_HS_EP1_OUT_IRQHandler
 .text.OTG_HS_EP1_IN_IRQHandler
                0x0000000008004c18       0x24 ../../libDaisy/build/libdaisy.a(system.o)
                0x0000000008004c18                OTG_HS_EP1_IN_IRQHandler
 .text.OTG_HS_IRQHandler
                0x0000000008004c3c       0x24 ../../libDaisy/build/libdaisy.a(system.o)
                0x0000000008004c3c                OTG_HS_IRQHandler
 .text.HardFault_Handler
                0x0000000008004c60       0xe0 ../../libDaisy/build/libdaisy.a(system.o)
                0x0000000008004c60                HardFault_Handler
 .text._ZN5daisy6System6GetNowEv
                0x0000000008004d40        0x4 ../../libDaisy/build/libdaisy.a(system.o)
                0x0000000008004d40                daisy::System::GetNow()
 .text._ZN5daisy6System5DelayEm
                0x0000000008004d44        0x4 ../../libDaisy/build/libdaisy.a(system.o)
                0x0000000008004d44                daisy::System::Delay(unsigned long)
 .text._ZN5daisy6System20GetBootloaderVersionEv
                0x0000000008004d48       0x34 ../../libDaisy/build/libdaisy.a(system.o)
                0x0000000008004d48                daisy::System::GetBootloaderVersion()
 .text._ZN5daisy6System15ConfigureClocksEv
                0x0000000008004d7c      0x194 ../../libDaisy/build/libdaisy.a(system.o)
                0x0000000008004d7c                daisy::System::ConfigureClocks()
 .text._ZN5daisy6System12ConfigureMpuEv
                0x0000000008004f10       0x7c ../../libDaisy/build/libdaisy.a(system.o)
                0x0000000008004f10                daisy::System::ConfigureMpu()
 .text._ZN5daisy6System4InitERKNS0_6ConfigE
                0x0000000008004f8c       0xec ../../libDaisy/build/libdaisy.a(system.o)
                0x0000000008004f8c                daisy::System::Init(daisy::System::Config const&)
 .text._ZN5daisy6System12GetPClk1FreqEv
                0x0000000008005078        0x4 ../../libDaisy/build/libdaisy.a(system.o)
                0x0000000008005078                daisy::System::GetPClk1Freq()
 .text._ZN5daisy6System22GetProgramMemoryRegionEv
                0x000000000800507c       0x78 ../../libDaisy/build/libdaisy.a(system.o)
                0x000000000800507c                daisy::System::GetProgramMemoryRegion()
 .text.startup._GLOBAL__sub_I__ZN5daisy9boot_infoE
                0x00000000080050f4       0x1c ../../libDaisy/build/libdaisy.a(system.o)
 .text.SystemInit
                0x0000000008005110       0x9c ../../libDaisy/build/libdaisy.a(system_stm32h7xx.o)
                0x0000000008005110                SystemInit
 .text.dummy_rx_callback
                0x00000000080051ac        0x4 ../../libDaisy/build/libdaisy.a(usbd_cdc_if.o)
                0x00000000080051ac                dummy_rx_callback
 .text.CDC_DeInit_FS
                0x00000000080051b0        0x4 ../../libDaisy/build/libdaisy.a(usbd_cdc_if.o)
 .text.CDC_Receive_FS
                0x00000000080051b4       0x2c ../../libDaisy/build/libdaisy.a(usbd_cdc_if.o)
 .text.CDC_Receive_HS
                0x00000000080051e0       0x2c ../../libDaisy/build/libdaisy.a(usbd_cdc_if.o)
 .text.CDC_Init_FS
                0x000000000800520c       0x3c ../../libDaisy/build/libdaisy.a(usbd_cdc_if.o)
 .text.CDC_Init_HS
                0x0000000008005248       0x3c ../../libDaisy/build/libdaisy.a(usbd_cdc_if.o)
 .text.CDC_Control_FS
                0x0000000008005284       0x34 ../../libDaisy/build/libdaisy.a(usbd_cdc_if.o)
 .text.CDC_Control_HS
                0x00000000080052b8       0x34 ../../libDaisy/build/libdaisy.a(usbd_cdc_if.o)
 .text.CDC_DeInit_HS
                0x00000000080052ec        0x4 ../../libDaisy/build/libdaisy.a(usbd_cdc_if.o)
 .text.HAL_PCD_MspInit
                0x00000000080052f0      0x144 ../../libDaisy/build/libdaisy.a(usbd_conf.o)
                0x00000000080052f0                HAL_PCD_MspInit
 .text.HAL_PCD_SetupStageCallback
                0x0000000008005434        0xc ../../libDaisy/build/libdaisy.a(usbd_conf.o)
                0x0000000008005434                HAL_PCD_SetupStageCallback
 .text.HAL_PCD_DataOutStageCallback
                0x0000000008005440       0x14 ../../libDaisy/build/libdaisy.a(usbd_conf.o)
                0x0000000008005440                HAL_PCD_DataOutStageCallback
 .text.HAL_PCD_DataInStageCallback
                0x0000000008005454       0x14 ../../libDaisy/build/libdaisy.a(usbd_conf.o)
                0x0000000008005454                HAL_PCD_DataInStageCallback
 .text.HAL_PCD_SOFCallback
                0x0000000008005468        0x8 ../../libDaisy/build/libdaisy.a(usbd_conf.o)
                0x0000000008005468                HAL_PCD_SOFCallback
 .text.HAL_PCD_ResetCallback
                0x0000000008005470       0x24 ../../libDaisy/build/libdaisy.a(usbd_conf.o)
                0x0000000008005470                HAL_PCD_ResetCallback
 .text.HAL_PCD_SuspendCallback
                0x0000000008005494       0x30 ../../libDaisy/build/libdaisy.a(usbd_conf.o)
                0x0000000008005494                HAL_PCD_SuspendCallback
 .text.HAL_PCD_ResumeCallback
                0x00000000080054c4        0x8 ../../libDaisy/build/libdaisy.a(usbd_conf.o)
                0x00000000080054c4                HAL_PCD_ResumeCallback
 .text.HAL_PCD_ISOOUTIncompleteCallback
                0x00000000080054cc        0x8 ../../libDaisy/build/libdaisy.a(usbd_conf.o)
                0x00000000080054cc                HAL_PCD_ISOOUTIncompleteCallback
 .text.HAL_PCD_ISOINIncompleteCallback
                0x00000000080054d4        0x8 ../../libDaisy/build/libdaisy.a(usbd_conf.o)
                0x00000000080054d4                HAL_PCD_ISOINIncompleteCallback
 .text.HAL_PCD_ConnectCallback
                0x00000000080054dc        0x8 ../../libDaisy/build/libdaisy.a(usbd_conf.o)
                0x00000000080054dc                HAL_PCD_ConnectCallback
 .text.HAL_PCD_DisconnectCallback
                0x00000000080054e4        0x8 ../../libDaisy/build/libdaisy.a(usbd_conf.o)
                0x00000000080054e4                HAL_PCD_DisconnectCallback
 .text.USBD_LL_Init
                0x00000000080054ec       0xe4 ../../libDaisy/build/libdaisy.a(usbd_conf.o)
                0x00000000080054ec                USBD_LL_Init
 .text.USBD_LL_Start
                0x00000000080055d0       0x1c ../../libDaisy/build/libdaisy.a(usbd_conf.o)
                0x00000000080055d0                USBD_LL_Start
 .text.USBD_LL_OpenEP
                0x00000000080055ec       0x24 ../../libDaisy/build/libdaisy.a(usbd_conf.o)
                0x00000000080055ec                USBD_LL_OpenEP
 .text.USBD_LL_CloseEP
                0x0000000008005610       0x1c ../../libDaisy/build/libdaisy.a(usbd_conf.o)
                0x0000000008005610                USBD_LL_CloseEP
 .text.USBD_LL_StallEP
                0x000000000800562c       0x1c ../../libDaisy/build/libdaisy.a(usbd_conf.o)
                0x000000000800562c                USBD_LL_StallEP
 .text.USBD_LL_ClearStallEP
                0x0000000008005648       0x1c ../../libDaisy/build/libdaisy.a(usbd_conf.o)
                0x0000000008005648                USBD_LL_ClearStallEP
 .text.USBD_LL_IsStallEP
                0x0000000008005664       0x28 ../../libDaisy/build/libdaisy.a(usbd_conf.o)
                0x0000000008005664                USBD_LL_IsStallEP
 .text.USBD_LL_SetUSBAddress
                0x000000000800568c       0x1c ../../libDaisy/build/libdaisy.a(usbd_conf.o)
                0x000000000800568c                USBD_LL_SetUSBAddress
 .text.USBD_LL_Transmit
                0x00000000080056a8       0x1c ../../libDaisy/build/libdaisy.a(usbd_conf.o)
                0x00000000080056a8                USBD_LL_Transmit
 .text.USBD_LL_PrepareReceive
                0x00000000080056c4       0x1c ../../libDaisy/build/libdaisy.a(usbd_conf.o)
                0x00000000080056c4                USBD_LL_PrepareReceive
 .text.USBD_LL_GetRxDataSize
                0x00000000080056e0        0x8 ../../libDaisy/build/libdaisy.a(usbd_conf.o)
                0x00000000080056e0                USBD_LL_GetRxDataSize
 .text.USBD_HS_DeviceDescriptor
                0x00000000080056e8        0xc ../../libDaisy/build/libdaisy.a(usbd_desc.o)
                0x00000000080056e8                USBD_HS_DeviceDescriptor
 .text.USBD_FS_DeviceDescriptor
                0x00000000080056f4        0xc ../../libDaisy/build/libdaisy.a(usbd_desc.o)
                0x00000000080056f4                USBD_FS_DeviceDescriptor
 .text.USBD_FS_LangIDStrDescriptor
                0x0000000008005700        0xc ../../libDaisy/build/libdaisy.a(usbd_desc.o)
                0x0000000008005700                USBD_FS_LangIDStrDescriptor
 .text.USBD_FS_ManufacturerStrDescriptor
                0x000000000800570c       0x1c ../../libDaisy/build/libdaisy.a(usbd_desc.o)
                0x000000000800570c                USBD_FS_ManufacturerStrDescriptor
 .text.USBD_HS_ProductStrDescriptor
                0x0000000008005728       0x1c ../../libDaisy/build/libdaisy.a(usbd_desc.o)
                0x0000000008005728                USBD_HS_ProductStrDescriptor
 .text.USBD_FS_ConfigStrDescriptor
                0x0000000008005744       0x1c ../../libDaisy/build/libdaisy.a(usbd_desc.o)
                0x0000000008005744                USBD_FS_ConfigStrDescriptor
 .text.USBD_FS_InterfaceStrDescriptor
                0x0000000008005760       0x1c ../../libDaisy/build/libdaisy.a(usbd_desc.o)
                0x0000000008005760                USBD_FS_InterfaceStrDescriptor
 .text.USBD_FS_ProductStrDescriptor
                0x000000000800577c       0x1c ../../libDaisy/build/libdaisy.a(usbd_desc.o)
                0x000000000800577c                USBD_FS_ProductStrDescriptor
 .text.USBD_HS_LangIDStrDescriptor
                0x0000000008005798        0xc ../../libDaisy/build/libdaisy.a(usbd_desc.o)
                0x0000000008005798                USBD_HS_LangIDStrDescriptor
 .text.USBD_HS_ManufacturerStrDescriptor
                0x00000000080057a4       0x1c ../../libDaisy/build/libdaisy.a(usbd_desc.o)
                0x00000000080057a4                USBD_HS_ManufacturerStrDescriptor
 .text.USBD_FS_SerialStrDescriptor
                0x00000000080057c0      0x124 ../../libDaisy/build/libdaisy.a(usbd_desc.o)
                0x00000000080057c0                USBD_FS_SerialStrDescriptor
 .text.USBD_HS_SerialStrDescriptor
                0x00000000080058e4      0x124 ../../libDaisy/build/libdaisy.a(usbd_desc.o)
                0x00000000080058e4                USBD_HS_SerialStrDescriptor
 .text.USBD_HS_InterfaceStrDescriptor
                0x0000000008005a08       0x1c ../../libDaisy/build/libdaisy.a(usbd_desc.o)
                0x0000000008005a08                USBD_HS_InterfaceStrDescriptor
 .text.USBD_HS_ConfigStrDescriptor
                0x0000000008005a24       0x1c ../../libDaisy/build/libdaisy.a(usbd_desc.o)
                0x0000000008005a24                USBD_HS_ConfigStrDescriptor
 .text.HAL_HCD_SOF_Callback
                0x0000000008005a40        0x8 ../../libDaisy/build/libdaisy.a(usbh_conf.o)
                0x0000000008005a40                HAL_HCD_SOF_Callback
 .text.HAL_HCD_Connect_Callback
                0x0000000008005a48        0x8 ../../libDaisy/build/libdaisy.a(usbh_conf.o)
                0x0000000008005a48                HAL_HCD_Connect_Callback
 .text.HAL_HCD_Disconnect_Callback
                0x0000000008005a50        0x8 ../../libDaisy/build/libdaisy.a(usbh_conf.o)
                0x0000000008005a50                HAL_HCD_Disconnect_Callback
 .text.HAL_HCD_HC_NotifyURBChange_Callback
                0x0000000008005a58        0x4 ../../libDaisy/build/libdaisy.a(usbh_conf.o)
                0x0000000008005a58                HAL_HCD_HC_NotifyURBChange_Callback
 .text.HAL_HCD_PortEnabled_Callback
                0x0000000008005a5c        0x8 ../../libDaisy/build/libdaisy.a(usbh_conf.o)
                0x0000000008005a5c                HAL_HCD_PortEnabled_Callback
 .text.HAL_HCD_PortDisabled_Callback
                0x0000000008005a64        0x8 ../../libDaisy/build/libdaisy.a(usbh_conf.o)
                0x0000000008005a64                HAL_HCD_PortDisabled_Callback
 .text.USBH_LL_Stop
                0x0000000008005a6c       0x1c ../../libDaisy/build/libdaisy.a(usbh_conf.o)
                0x0000000008005a6c                USBH_LL_Stop
 .text.dsy_hal_map_get_port
                0x0000000008005a88       0x10 ../../libDaisy/build/libdaisy.a(hal_map.o)
                0x0000000008005a88                dsy_hal_map_get_port
 .text.dsy_hal_map_get_pin
                0x0000000008005a98       0x10 ../../libDaisy/build/libdaisy.a(hal_map.o)
                0x0000000008005a98                dsy_hal_map_get_pin
 .text.dsy_hal_map_gpio_clk_enable
                0x0000000008005aa8      0x150 ../../libDaisy/build/libdaisy.a(hal_map.o)
                0x0000000008005aa8                dsy_hal_map_gpio_clk_enable
 .text.HAL_MspInit
                0x0000000008005bf8        0x4 ../../libDaisy/build/libdaisy.a(stm32h7xx_hal.o)
                0x0000000008005bf8                HAL_MspInit
 .text.HAL_InitTick
                0x0000000008005bfc       0x4c ../../libDaisy/build/libdaisy.a(stm32h7xx_hal.o)
                0x0000000008005bfc                HAL_InitTick
 .text.HAL_Init
                0x0000000008005c48       0x60 ../../libDaisy/build/libdaisy.a(stm32h7xx_hal.o)
                0x0000000008005c48                HAL_Init
 .text.HAL_IncTick
                0x0000000008005ca8       0x18 ../../libDaisy/build/libdaisy.a(stm32h7xx_hal.o)
                0x0000000008005ca8                HAL_IncTick
 .text.HAL_GetTick
                0x0000000008005cc0        0xc ../../libDaisy/build/libdaisy.a(stm32h7xx_hal.o)
                0x0000000008005cc0                HAL_GetTick
 .text.HAL_Delay
                0x0000000008005ccc       0x24 ../../libDaisy/build/libdaisy.a(stm32h7xx_hal.o)
                0x0000000008005ccc                HAL_Delay
 .text.HAL_GetREVID
                0x0000000008005cf0        0xc ../../libDaisy/build/libdaisy.a(stm32h7xx_hal.o)
                0x0000000008005cf0                HAL_GetREVID
 .text.HAL_NVIC_SetPriorityGrouping
                0x0000000008005cfc       0x24 ../../libDaisy/build/libdaisy.a(stm32h7xx_hal_cortex.o)
                0x0000000008005cfc                HAL_NVIC_SetPriorityGrouping
 .text.HAL_NVIC_SetPriority
                0x0000000008005d20       0x7c ../../libDaisy/build/libdaisy.a(stm32h7xx_hal_cortex.o)
                0x0000000008005d20                HAL_NVIC_SetPriority
 .text.HAL_NVIC_EnableIRQ
                0x0000000008005d9c       0x1c ../../libDaisy/build/libdaisy.a(stm32h7xx_hal_cortex.o)
                0x0000000008005d9c                HAL_NVIC_EnableIRQ
 .text.HAL_NVIC_DisableIRQ
                0x0000000008005db8       0x28 ../../libDaisy/build/libdaisy.a(stm32h7xx_hal_cortex.o)
                0x0000000008005db8                HAL_NVIC_DisableIRQ
 .text.HAL_SYSTICK_Config
                0x0000000008005de0       0x2c ../../libDaisy/build/libdaisy.a(stm32h7xx_hal_cortex.o)
                0x0000000008005de0                HAL_SYSTICK_Config
 .text.HAL_MPU_Disable
                0x0000000008005e0c       0x1c ../../libDaisy/build/libdaisy.a(stm32h7xx_hal_cortex.o)
                0x0000000008005e0c                HAL_MPU_Disable
 .text.HAL_MPU_Enable
                0x0000000008005e28       0x20 ../../libDaisy/build/libdaisy.a(stm32h7xx_hal_cortex.o)
                0x0000000008005e28                HAL_MPU_Enable
 .text.HAL_MPU_ConfigRegion
                0x0000000008005e48       0x64 ../../libDaisy/build/libdaisy.a(stm32h7xx_hal_cortex.o)
                0x0000000008005e48                HAL_MPU_ConfigRegion
 .text.HAL_SYSTICK_Callback
                0x0000000008005eac        0x4 ../../libDaisy/build/libdaisy.a(stm32h7xx_hal_cortex.o)
                0x0000000008005eac                HAL_SYSTICK_Callback
 .text.HAL_SYSTICK_IRQHandler
                0x0000000008005eb0        0x8 ../../libDaisy/build/libdaisy.a(stm32h7xx_hal_cortex.o)
                0x0000000008005eb0                HAL_SYSTICK_IRQHandler
 .text.DMA_CalcBaseAndBitshift
                0x0000000008005eb8       0xf4 ../../libDaisy/build/libdaisy.a(stm32h7xx_hal_dma.o)
 .text.DMA_CalcDMAMUXChannelBaseAndMask
                0x0000000008005fac       0xd8 ../../libDaisy/build/libdaisy.a(stm32h7xx_hal_dma.o)
 .text.HAL_DMA_Init
                0x0000000008006084      0x37c ../../libDaisy/build/libdaisy.a(stm32h7xx_hal_dma.o)
                0x0000000008006084                HAL_DMA_Init
 .text.HAL_DMA_Start_IT
                0x0000000008006400      0x240 ../../libDaisy/build/libdaisy.a(stm32h7xx_hal_dma.o)
                0x0000000008006400                HAL_DMA_Start_IT
 .text.HAL_DMA_Abort_IT
                0x0000000008006640      0x134 ../../libDaisy/build/libdaisy.a(stm32h7xx_hal_dma.o)
                0x0000000008006640                HAL_DMA_Abort_IT
 .text.HAL_DMA_IRQHandler
                0x0000000008006774      0x6a0 ../../libDaisy/build/libdaisy.a(stm32h7xx_hal_dma.o)
                0x0000000008006774                HAL_DMA_IRQHandler
 .text.HAL_DMA_GetError
                0x0000000008006e14        0x4 ../../libDaisy/build/libdaisy.a(stm32h7xx_hal_dma.o)
                0x0000000008006e14                HAL_DMA_GetError
 .text.HAL_GPIO_Init
                0x0000000008006e18      0x280 ../../libDaisy/build/libdaisy.a(stm32h7xx_hal_gpio.o)
                0x0000000008006e18                HAL_GPIO_Init
 .text.HAL_GPIO_DeInit
                0x0000000008007098      0x190 ../../libDaisy/build/libdaisy.a(stm32h7xx_hal_gpio.o)
                0x0000000008007098                HAL_GPIO_DeInit
 .text.HAL_GPIO_ReadPin
                0x0000000008007228        0xc ../../libDaisy/build/libdaisy.a(stm32h7xx_hal_gpio.o)
                0x0000000008007228                HAL_GPIO_ReadPin
 .text.HAL_GPIO_WritePin
                0x0000000008007234        0x8 ../../libDaisy/build/libdaisy.a(stm32h7xx_hal_gpio.o)
                0x0000000008007234                HAL_GPIO_WritePin
 .text.HAL_HCD_IRQHandler
                0x000000000800723c      0x780 ../../libDaisy/build/libdaisy.a(stm32h7xx_hal_hcd.o)
                0x000000000800723c                HAL_HCD_IRQHandler
 .text.HAL_HCD_Stop
                0x00000000080079bc       0x28 ../../libDaisy/build/libdaisy.a(stm32h7xx_hal_hcd.o)
                0x00000000080079bc                HAL_HCD_Stop
 .text.I2C_WaitOnTXISFlagUntilTimeout
                0x00000000080079e4       0xb8 ../../libDaisy/build/libdaisy.a(stm32h7xx_hal_i2c.o)
 .text.I2C_WaitOnSTOPFlagUntilTimeout
                0x0000000008007a9c       0xac ../../libDaisy/build/libdaisy.a(stm32h7xx_hal_i2c.o)
 .text.HAL_I2C_Init
                0x0000000008007b48       0xac ../../libDaisy/build/libdaisy.a(stm32h7xx_hal_i2c.o)
                0x0000000008007b48                HAL_I2C_Init
 .text.HAL_I2C_Master_Transmit
                0x0000000008007bf4      0x1a8 ../../libDaisy/build/libdaisy.a(stm32h7xx_hal_i2c.o)
                0x0000000008007bf4                HAL_I2C_Master_Transmit
 .text.HAL_I2C_Slave_Transmit
                0x0000000008007d9c      0x1c8 ../../libDaisy/build/libdaisy.a(stm32h7xx_hal_i2c.o)
                0x0000000008007d9c                HAL_I2C_Slave_Transmit
 .text.HAL_I2C_EV_IRQHandler
                0x0000000008007f64       0x10 ../../libDaisy/build/libdaisy.a(stm32h7xx_hal_i2c.o)
                0x0000000008007f64                HAL_I2C_EV_IRQHandler
 .text.HAL_I2C_GetState
                0x0000000008007f74        0x8 ../../libDaisy/build/libdaisy.a(stm32h7xx_hal_i2c.o)
                0x0000000008007f74                HAL_I2C_GetState
 .text.HAL_I2CEx_ConfigAnalogFilter
                0x0000000008007f7c       0x54 ../../libDaisy/build/libdaisy.a(stm32h7xx_hal_i2c_ex.o)
                0x0000000008007f7c                HAL_I2CEx_ConfigAnalogFilter
 .text.HAL_I2CEx_ConfigDigitalFilter
                0x0000000008007fd0       0x58 ../../libDaisy/build/libdaisy.a(stm32h7xx_hal_i2c_ex.o)
                0x0000000008007fd0                HAL_I2CEx_ConfigDigitalFilter
 .text.HAL_PCD_Init
                0x0000000008008028      0x12c ../../libDaisy/build/libdaisy.a(stm32h7xx_hal_pcd.o)
                0x0000000008008028                HAL_PCD_Init
 .text.HAL_PCD_Start
                0x0000000008008154       0x44 ../../libDaisy/build/libdaisy.a(stm32h7xx_hal_pcd.o)
                0x0000000008008154                HAL_PCD_Start
 .text.HAL_PCD_IRQHandler
                0x0000000008008198      0x69c ../../libDaisy/build/libdaisy.a(stm32h7xx_hal_pcd.o)
                0x0000000008008198                HAL_PCD_IRQHandler
 .text.HAL_PCD_SetAddress
                0x0000000008008834       0x2c ../../libDaisy/build/libdaisy.a(stm32h7xx_hal_pcd.o)
                0x0000000008008834                HAL_PCD_SetAddress
 .text.HAL_PCD_EP_Open
                0x0000000008008860       0x7c ../../libDaisy/build/libdaisy.a(stm32h7xx_hal_pcd.o)
                0x0000000008008860                HAL_PCD_EP_Open
 .text.HAL_PCD_EP_Close
                0x00000000080088dc       0x6c ../../libDaisy/build/libdaisy.a(stm32h7xx_hal_pcd.o)
                0x00000000080088dc                HAL_PCD_EP_Close
 .text.HAL_PCD_EP_Receive
                0x0000000008008948       0x50 ../../libDaisy/build/libdaisy.a(stm32h7xx_hal_pcd.o)
                0x0000000008008948                HAL_PCD_EP_Receive
 .text.HAL_PCD_EP_GetRxCount
                0x0000000008008998       0x14 ../../libDaisy/build/libdaisy.a(stm32h7xx_hal_pcd.o)
                0x0000000008008998                HAL_PCD_EP_GetRxCount
 .text.HAL_PCD_EP_Transmit
                0x00000000080089ac       0x50 ../../libDaisy/build/libdaisy.a(stm32h7xx_hal_pcd.o)
                0x00000000080089ac                HAL_PCD_EP_Transmit
 .text.HAL_PCD_EP_SetStall
                0x00000000080089fc       0x88 ../../libDaisy/build/libdaisy.a(stm32h7xx_hal_pcd.o)
                0x00000000080089fc                HAL_PCD_EP_SetStall
 .text.HAL_PCD_EP_ClrStall
                0x0000000008008a84       0x78 ../../libDaisy/build/libdaisy.a(stm32h7xx_hal_pcd.o)
                0x0000000008008a84                HAL_PCD_EP_ClrStall
 .text.HAL_PCDEx_SetTxFiFo
                0x0000000008008afc       0x54 ../../libDaisy/build/libdaisy.a(stm32h7xx_hal_pcd_ex.o)
                0x0000000008008afc                HAL_PCDEx_SetTxFiFo
 .text.HAL_PCDEx_SetRxFiFo
                0x0000000008008b50        0xc ../../libDaisy/build/libdaisy.a(stm32h7xx_hal_pcd_ex.o)
                0x0000000008008b50                HAL_PCDEx_SetRxFiFo
 .text.HAL_PCDEx_ActivateLPM
                0x0000000008008b5c       0x30 ../../libDaisy/build/libdaisy.a(stm32h7xx_hal_pcd_ex.o)
                0x0000000008008b5c                HAL_PCDEx_ActivateLPM
 .text.HAL_PCDEx_LPM_Callback
                0x0000000008008b8c        0x4 ../../libDaisy/build/libdaisy.a(stm32h7xx_hal_pcd_ex.o)
                0x0000000008008b8c                HAL_PCDEx_LPM_Callback
 .text.HAL_PWREx_ConfigSupply
                0x0000000008008b90       0x4c ../../libDaisy/build/libdaisy.a(stm32h7xx_hal_pwr_ex.o)
                0x0000000008008b90                HAL_PWREx_ConfigSupply
 .text.HAL_PWREx_EnableUSBVoltageDetector
                0x0000000008008bdc       0x10 ../../libDaisy/build/libdaisy.a(stm32h7xx_hal_pwr_ex.o)
                0x0000000008008bdc                HAL_PWREx_EnableUSBVoltageDetector
 .text.QSPI_Config
                0x0000000008008bec      0x174 ../../libDaisy/build/libdaisy.a(stm32h7xx_hal_qspi.o)
 .text.HAL_QSPI_Init
                0x0000000008008d60       0xd8 ../../libDaisy/build/libdaisy.a(stm32h7xx_hal_qspi.o)
                0x0000000008008d60                HAL_QSPI_Init
 .text.HAL_QSPI_DeInit
                0x0000000008008e38       0x3c ../../libDaisy/build/libdaisy.a(stm32h7xx_hal_qspi.o)
                0x0000000008008e38                HAL_QSPI_DeInit
 .text.HAL_QSPI_Command
                0x0000000008008e74       0xd4 ../../libDaisy/build/libdaisy.a(stm32h7xx_hal_qspi.o)
                0x0000000008008e74                HAL_QSPI_Command
 .text.HAL_QSPI_Transmit
                0x0000000008008f48       0xfc ../../libDaisy/build/libdaisy.a(stm32h7xx_hal_qspi.o)
                0x0000000008008f48                HAL_QSPI_Transmit
 .text.HAL_QSPI_Receive
                0x0000000008009044      0x108 ../../libDaisy/build/libdaisy.a(stm32h7xx_hal_qspi.o)
                0x0000000008009044                HAL_QSPI_Receive
 .text.HAL_QSPI_AutoPolling
                0x000000000800914c       0xf0 ../../libDaisy/build/libdaisy.a(stm32h7xx_hal_qspi.o)
                0x000000000800914c                HAL_QSPI_AutoPolling
 .text.HAL_QSPI_MemoryMapped
                0x000000000800923c       0xc0 ../../libDaisy/build/libdaisy.a(stm32h7xx_hal_qspi.o)
                0x000000000800923c                HAL_QSPI_MemoryMapped
 .text.HAL_QSPI_ErrorCallback
                0x00000000080092fc        0x4 ../../libDaisy/build/libdaisy.a(stm32h7xx_hal_qspi.o)
                0x00000000080092fc                HAL_QSPI_ErrorCallback
 .text.QSPI_DMAAbortCplt
                0x0000000008009300       0x38 ../../libDaisy/build/libdaisy.a(stm32h7xx_hal_qspi.o)
 .text.HAL_QSPI_AbortCpltCallback
                0x0000000008009338        0x4 ../../libDaisy/build/libdaisy.a(stm32h7xx_hal_qspi.o)
                0x0000000008009338                HAL_QSPI_AbortCpltCallback
 .text.HAL_QSPI_CmdCpltCallback
                0x000000000800933c        0x4 ../../libDaisy/build/libdaisy.a(stm32h7xx_hal_qspi.o)
                0x000000000800933c                HAL_QSPI_CmdCpltCallback
 .text.HAL_QSPI_RxCpltCallback
                0x0000000008009340        0x4 ../../libDaisy/build/libdaisy.a(stm32h7xx_hal_qspi.o)
                0x0000000008009340                HAL_QSPI_RxCpltCallback
 .text.HAL_QSPI_TxCpltCallback
                0x0000000008009344        0x4 ../../libDaisy/build/libdaisy.a(stm32h7xx_hal_qspi.o)
                0x0000000008009344                HAL_QSPI_TxCpltCallback
 .text.HAL_QSPI_FifoThresholdCallback
                0x0000000008009348        0x4 ../../libDaisy/build/libdaisy.a(stm32h7xx_hal_qspi.o)
                0x0000000008009348                HAL_QSPI_FifoThresholdCallback
 .text.HAL_QSPI_StatusMatchCallback
                0x000000000800934c        0x4 ../../libDaisy/build/libdaisy.a(stm32h7xx_hal_qspi.o)
                0x000000000800934c                HAL_QSPI_StatusMatchCallback
 .text.HAL_QSPI_TimeOutCallback
                0x0000000008009350        0x4 ../../libDaisy/build/libdaisy.a(stm32h7xx_hal_qspi.o)
                0x0000000008009350                HAL_QSPI_TimeOutCallback
 .text.HAL_QSPI_IRQHandler
                0x0000000008009354      0x210 ../../libDaisy/build/libdaisy.a(stm32h7xx_hal_qspi.o)
                0x0000000008009354                HAL_QSPI_IRQHandler
 .text.HAL_RCC_OscConfig
                0x0000000008009564      0x51c ../../libDaisy/build/libdaisy.a(stm32h7xx_hal_rcc.o)
                0x0000000008009564                HAL_RCC_OscConfig
 .text.HAL_RCC_GetSysClockFreq
                0x0000000008009a80      0x140 ../../libDaisy/build/libdaisy.a(stm32h7xx_hal_rcc.o)
                0x0000000008009a80                HAL_RCC_GetSysClockFreq
 .text.HAL_RCC_ClockConfig
                0x0000000008009bc0      0x234 ../../libDaisy/build/libdaisy.a(stm32h7xx_hal_rcc.o)
                0x0000000008009bc0                HAL_RCC_ClockConfig
 .text.HAL_RCC_GetHCLKFreq
                0x0000000008009df4       0x2c ../../libDaisy/build/libdaisy.a(stm32h7xx_hal_rcc.o)
                0x0000000008009df4                HAL_RCC_GetHCLKFreq
 .text.HAL_RCC_GetPCLK1Freq
                0x0000000008009e20       0x38 ../../libDaisy/build/libdaisy.a(stm32h7xx_hal_rcc.o)
                0x0000000008009e20                HAL_RCC_GetPCLK1Freq
 .text.HAL_RCC_GetPCLK2Freq
                0x0000000008009e58       0x38 ../../libDaisy/build/libdaisy.a(stm32h7xx_hal_rcc.o)
                0x0000000008009e58                HAL_RCC_GetPCLK2Freq
 .text.RCCEx_PLL2_Config
                0x0000000008009e90       0xf4 ../../libDaisy/build/libdaisy.a(stm32h7xx_hal_rcc_ex.o)
 .text.RCCEx_PLL3_Config
                0x0000000008009f84       0xf4 ../../libDaisy/build/libdaisy.a(stm32h7xx_hal_rcc_ex.o)
 .text.HAL_RCCEx_PeriphCLKConfig
                0x000000000800a078      0xa7c ../../libDaisy/build/libdaisy.a(stm32h7xx_hal_rcc_ex.o)
                0x000000000800a078                HAL_RCCEx_PeriphCLKConfig
 .text.HAL_RCCEx_GetD3PCLK1Freq
                0x000000000800aaf4       0x24 ../../libDaisy/build/libdaisy.a(stm32h7xx_hal_rcc_ex.o)
                0x000000000800aaf4                HAL_RCCEx_GetD3PCLK1Freq
 .text.HAL_RCCEx_GetPLL2ClockFreq
                0x000000000800ab18      0x17c ../../libDaisy/build/libdaisy.a(stm32h7xx_hal_rcc_ex.o)
                0x000000000800ab18                HAL_RCCEx_GetPLL2ClockFreq
 .text.HAL_RCCEx_GetPLL3ClockFreq
                0x000000000800ac94      0x17c ../../libDaisy/build/libdaisy.a(stm32h7xx_hal_rcc_ex.o)
                0x000000000800ac94                HAL_RCCEx_GetPLL3ClockFreq
 .text.HAL_RCCEx_GetPLL1ClockFreq
                0x000000000800ae10      0x17c ../../libDaisy/build/libdaisy.a(stm32h7xx_hal_rcc_ex.o)
                0x000000000800ae10                HAL_RCCEx_GetPLL1ClockFreq
 .text.HAL_RCCEx_GetPeriphCLKFreq
                0x000000000800af8c      0x198 ../../libDaisy/build/libdaisy.a(stm32h7xx_hal_rcc_ex.o)
                0x000000000800af8c                HAL_RCCEx_GetPeriphCLKFreq
 .text.HAL_RCCEx_GetD1SysClockFreq
                0x000000000800b124       0x2c ../../libDaisy/build/libdaisy.a(stm32h7xx_hal_rcc_ex.o)
                0x000000000800b124                HAL_RCCEx_GetD1SysClockFreq
 .text.HAL_SAI_Init.part.0
                0x000000000800b150      0x348 ../../libDaisy/build/libdaisy.a(stm32h7xx_hal_sai.o)
 .text.HAL_SAI_InitProtocol
                0x000000000800b498      0x178 ../../libDaisy/build/libdaisy.a(stm32h7xx_hal_sai.o)
                0x000000000800b498                HAL_SAI_InitProtocol
 .text.HAL_SDRAM_Init
                0x000000000800b610       0x54 ../../libDaisy/build/libdaisy.a(stm32h7xx_hal_sdram.o)
                0x000000000800b610                HAL_SDRAM_Init
 .text.HAL_SDRAM_SendCommand
                0x000000000800b664       0x40 ../../libDaisy/build/libdaisy.a(stm32h7xx_hal_sdram.o)
                0x000000000800b664                HAL_SDRAM_SendCommand
 .text.HAL_SDRAM_ProgramRefreshRate
                0x000000000800b6a4       0x30 ../../libDaisy/build/libdaisy.a(stm32h7xx_hal_sdram.o)
                0x000000000800b6a4                HAL_SDRAM_ProgramRefreshRate
 .text.FMC_SDRAM_Init
                0x000000000800b6d4       0x7c ../../libDaisy/build/libdaisy.a(stm32h7xx_ll_fmc.o)
                0x000000000800b6d4                FMC_SDRAM_Init
 .text.FMC_SDRAM_Timing_Init
                0x000000000800b750       0x98 ../../libDaisy/build/libdaisy.a(stm32h7xx_ll_fmc.o)
                0x000000000800b750                FMC_SDRAM_Timing_Init
 .text.FMC_SDRAM_SendCommand
                0x000000000800b7e8       0x28 ../../libDaisy/build/libdaisy.a(stm32h7xx_ll_fmc.o)
                0x000000000800b7e8                FMC_SDRAM_SendCommand
 .text.FMC_SDRAM_ProgramRefreshRate
                0x000000000800b810       0x1c ../../libDaisy/build/libdaisy.a(stm32h7xx_ll_fmc.o)
                0x000000000800b810                FMC_SDRAM_ProgramRefreshRate
 .text.USB_CoreInit
                0x000000000800b82c      0x124 ../../libDaisy/build/libdaisy.a(stm32h7xx_ll_usb.o)
                0x000000000800b82c                USB_CoreInit
 .text.USB_SetTurnaroundTime
                0x000000000800b950      0x104 ../../libDaisy/build/libdaisy.a(stm32h7xx_ll_usb.o)
                0x000000000800b950                USB_SetTurnaroundTime
 .text.USB_EnableGlobalInt
                0x000000000800ba54       0x10 ../../libDaisy/build/libdaisy.a(stm32h7xx_ll_usb.o)
                0x000000000800ba54                USB_EnableGlobalInt
 .text.USB_DisableGlobalInt
                0x000000000800ba64       0x10 ../../libDaisy/build/libdaisy.a(stm32h7xx_ll_usb.o)
                0x000000000800ba64                USB_DisableGlobalInt
 .text.USB_SetCurrentMode
                0x000000000800ba74       0x30 ../../libDaisy/build/libdaisy.a(stm32h7xx_ll_usb.o)
                0x000000000800ba74                USB_SetCurrentMode
 .text.USB_DevInit
                0x000000000800baa4      0x20c ../../libDaisy/build/libdaisy.a(stm32h7xx_ll_usb.o)
                0x000000000800baa4                USB_DevInit
 .text.USB_FlushTxFifo
                0x000000000800bcb0       0x34 ../../libDaisy/build/libdaisy.a(stm32h7xx_ll_usb.o)
                0x000000000800bcb0                USB_FlushTxFifo
 .text.USB_GetDevSpeed
                0x000000000800bce4       0x24 ../../libDaisy/build/libdaisy.a(stm32h7xx_ll_usb.o)
                0x000000000800bce4                USB_GetDevSpeed
 .text.USB_ActivateEndpoint
                0x000000000800bd08       0x90 ../../libDaisy/build/libdaisy.a(stm32h7xx_ll_usb.o)
                0x000000000800bd08                USB_ActivateEndpoint
 .text.USB_DeactivateEndpoint
                0x000000000800bd98       0x84 ../../libDaisy/build/libdaisy.a(stm32h7xx_ll_usb.o)
                0x000000000800bd98                USB_DeactivateEndpoint
 .text.USB_EPStartXfer
                0x000000000800be1c      0x230 ../../libDaisy/build/libdaisy.a(stm32h7xx_ll_usb.o)
                0x000000000800be1c                USB_EPStartXfer
 .text.USB_EP0StartXfer
                0x000000000800c04c      0x174 ../../libDaisy/build/libdaisy.a(stm32h7xx_ll_usb.o)
                0x000000000800c04c                USB_EP0StartXfer
 .text.USB_WritePacket
                0x000000000800c1c0       0x2c ../../libDaisy/build/libdaisy.a(stm32h7xx_ll_usb.o)
                0x000000000800c1c0                USB_WritePacket
 .text.USB_ReadPacket
                0x000000000800c1ec       0x20 ../../libDaisy/build/libdaisy.a(stm32h7xx_ll_usb.o)
                0x000000000800c1ec                USB_ReadPacket
 .text.USB_EPSetStall
                0x000000000800c20c       0x68 ../../libDaisy/build/libdaisy.a(stm32h7xx_ll_usb.o)
                0x000000000800c20c                USB_EPSetStall
 .text.USB_EPClearStall
                0x000000000800c274       0x58 ../../libDaisy/build/libdaisy.a(stm32h7xx_ll_usb.o)
                0x000000000800c274                USB_EPClearStall
 .text.USB_SetDevAddress
                0x000000000800c2cc       0x24 ../../libDaisy/build/libdaisy.a(stm32h7xx_ll_usb.o)
                0x000000000800c2cc                USB_SetDevAddress
 .text.USB_DevConnect
                0x000000000800c2f0       0x1c ../../libDaisy/build/libdaisy.a(stm32h7xx_ll_usb.o)
                0x000000000800c2f0                USB_DevConnect
 .text.USB_DevDisconnect
                0x000000000800c30c       0x1c ../../libDaisy/build/libdaisy.a(stm32h7xx_ll_usb.o)
                0x000000000800c30c                USB_DevDisconnect
 .text.USB_ReadInterrupts
                0x000000000800c328       0x14 ../../libDaisy/build/libdaisy.a(stm32h7xx_ll_usb.o)
                0x000000000800c328                USB_ReadInterrupts
 .text.USB_ReadDevAllOutEpInterrupt
                0x000000000800c33c       0x1c ../../libDaisy/build/libdaisy.a(stm32h7xx_ll_usb.o)
                0x000000000800c33c                USB_ReadDevAllOutEpInterrupt
 .text.USB_ReadDevAllInEpInterrupt
                0x000000000800c358       0x1c ../../libDaisy/build/libdaisy.a(stm32h7xx_ll_usb.o)
                0x000000000800c358                USB_ReadDevAllInEpInterrupt
 .text.USB_ReadDevOutEPInterrupt
                0x000000000800c374       0x1c ../../libDaisy/build/libdaisy.a(stm32h7xx_ll_usb.o)
                0x000000000800c374                USB_ReadDevOutEPInterrupt
 .text.USB_ReadDevInEPInterrupt
                0x000000000800c390       0x38 ../../libDaisy/build/libdaisy.a(stm32h7xx_ll_usb.o)
                0x000000000800c390                USB_ReadDevInEPInterrupt
 .text.USB_GetMode
                0x000000000800c3c8        0x8 ../../libDaisy/build/libdaisy.a(stm32h7xx_ll_usb.o)
                0x000000000800c3c8                USB_GetMode
 .text.USB_ActivateSetup
                0x000000000800c3d0       0x38 ../../libDaisy/build/libdaisy.a(stm32h7xx_ll_usb.o)
                0x000000000800c3d0                USB_ActivateSetup
 .text.USB_EP0_OutStart
                0x000000000800c408       0x58 ../../libDaisy/build/libdaisy.a(stm32h7xx_ll_usb.o)
                0x000000000800c408                USB_EP0_OutStart
 .text.USB_InitFSLSPClkSel
                0x000000000800c460       0x44 ../../libDaisy/build/libdaisy.a(stm32h7xx_ll_usb.o)
                0x000000000800c460                USB_InitFSLSPClkSel
 .text.USB_HC_ReadInterrupt
                0x000000000800c4a4        0x8 ../../libDaisy/build/libdaisy.a(stm32h7xx_ll_usb.o)
                0x000000000800c4a4                USB_HC_ReadInterrupt
 .text.USB_HC_Halt
                0x000000000800c4ac       0xc0 ../../libDaisy/build/libdaisy.a(stm32h7xx_ll_usb.o)
                0x000000000800c4ac                USB_HC_Halt
 .text.USB_StopHost
                0x000000000800c56c      0x2ec ../../libDaisy/build/libdaisy.a(stm32h7xx_ll_usb.o)
                0x000000000800c56c                USB_StopHost
 .text.USBD_CDC_EP0_RxReady
                0x000000000800c858       0x2c ../../libDaisy/build/libdaisy.a(usbd_cdc.o)
 .text.USBD_CDC_GetFSCfgDesc
                0x000000000800c884       0x24 ../../libDaisy/build/libdaisy.a(usbd_cdc.o)
 .text.USBD_CDC_GetHSCfgDesc
                0x000000000800c8a8       0x24 ../../libDaisy/build/libdaisy.a(usbd_cdc.o)
 .text.USBD_CDC_GetOtherSpeedCfgDesc
                0x000000000800c8cc       0x24 ../../libDaisy/build/libdaisy.a(usbd_cdc.o)
 .text.USBD_CDC_GetDeviceQualifierDescriptor
                0x000000000800c8f0       0x10 ../../libDaisy/build/libdaisy.a(usbd_cdc.o)
                0x000000000800c8f0                USBD_CDC_GetDeviceQualifierDescriptor
 .text.USBD_CDC_DataOut
                0x000000000800c900       0x30 ../../libDaisy/build/libdaisy.a(usbd_cdc.o)
 .text.USBD_CDC_DataIn
                0x000000000800c930       0x50 ../../libDaisy/build/libdaisy.a(usbd_cdc.o)
 .text.USBD_CDC_Setup
                0x000000000800c980       0xcc ../../libDaisy/build/libdaisy.a(usbd_cdc.o)
 .text.USBD_CDC_DeInit
                0x000000000800ca4c       0x44 ../../libDaisy/build/libdaisy.a(usbd_cdc.o)
 .text.USBD_CDC_Init
                0x000000000800ca90       0x94 ../../libDaisy/build/libdaisy.a(usbd_cdc.o)
 .text.USBD_CDC_RegisterInterface
                0x000000000800cb24       0x10 ../../libDaisy/build/libdaisy.a(usbd_cdc.o)
                0x000000000800cb24                USBD_CDC_RegisterInterface
 .text.USBD_CDC_SetTxBuffer
                0x000000000800cb34       0x14 ../../libDaisy/build/libdaisy.a(usbd_cdc.o)
                0x000000000800cb34                USBD_CDC_SetTxBuffer
 .text.USBD_CDC_SetRxBuffer
                0x000000000800cb48       0x10 ../../libDaisy/build/libdaisy.a(usbd_cdc.o)
                0x000000000800cb48                USBD_CDC_SetRxBuffer
 .text.USBD_CDC_ReceivePacket
                0x000000000800cb58       0x38 ../../libDaisy/build/libdaisy.a(usbd_cdc.o)
                0x000000000800cb58                USBD_CDC_ReceivePacket
 .text.USBD_Init
                0x000000000800cb90       0x44 ../../libDaisy/build/libdaisy.a(usbd_core.o)
                0x000000000800cb90                USBD_Init
 .text.USBD_RegisterClass
                0x000000000800cbd4       0x2c ../../libDaisy/build/libdaisy.a(usbd_core.o)
                0x000000000800cbd4                USBD_RegisterClass
 .text.USBD_Start
                0x000000000800cc00        0xc ../../libDaisy/build/libdaisy.a(usbd_core.o)
                0x000000000800cc00                USBD_Start
 .text.USBD_SetClassConfig
                0x000000000800cc0c       0x14 ../../libDaisy/build/libdaisy.a(usbd_core.o)
                0x000000000800cc0c                USBD_SetClassConfig
 .text.USBD_ClrClassConfig
                0x000000000800cc20       0x10 ../../libDaisy/build/libdaisy.a(usbd_core.o)
                0x000000000800cc20                USBD_ClrClassConfig
 .text.USBD_LL_SetupStage
                0x000000000800cc30       0x5c ../../libDaisy/build/libdaisy.a(usbd_core.o)
                0x000000000800cc30                USBD_LL_SetupStage
 .text.USBD_LL_DataOutStage
                0x000000000800cc8c       0x7c ../../libDaisy/build/libdaisy.a(usbd_core.o)
                0x000000000800cc8c                USBD_LL_DataOutStage
 .text.USBD_LL_DataInStage
                0x000000000800cd08       0xcc ../../libDaisy/build/libdaisy.a(usbd_core.o)
                0x000000000800cd08                USBD_LL_DataInStage
 .text.USBD_LL_Reset
                0x000000000800cdd4       0x50 ../../libDaisy/build/libdaisy.a(usbd_core.o)
                0x000000000800cdd4                USBD_LL_Reset
 .text.USBD_LL_SetSpeed
                0x000000000800ce24        0x8 ../../libDaisy/build/libdaisy.a(usbd_core.o)
                0x000000000800ce24                USBD_LL_SetSpeed
 .text.USBD_LL_Suspend
                0x000000000800ce2c       0x14 ../../libDaisy/build/libdaisy.a(usbd_core.o)
                0x000000000800ce2c                USBD_LL_Suspend
 .text.USBD_LL_Resume
                0x000000000800ce40       0x10 ../../libDaisy/build/libdaisy.a(usbd_core.o)
                0x000000000800ce40                USBD_LL_Resume
 .text.USBD_LL_SOF
                0x000000000800ce50       0x1c ../../libDaisy/build/libdaisy.a(usbd_core.o)
                0x000000000800ce50                USBD_LL_SOF
 .text.USBD_LL_IsoINIncomplete
                0x000000000800ce6c        0x4 ../../libDaisy/build/libdaisy.a(usbd_core.o)
                0x000000000800ce6c                USBD_LL_IsoINIncomplete
 .text.USBD_LL_IsoOUTIncomplete
                0x000000000800ce70        0x4 ../../libDaisy/build/libdaisy.a(usbd_core.o)
                0x000000000800ce70                USBD_LL_IsoOUTIncomplete
 .text.USBD_LL_DevConnected
                0x000000000800ce74        0x4 ../../libDaisy/build/libdaisy.a(usbd_core.o)
                0x000000000800ce74                USBD_LL_DevConnected
 .text.USBD_LL_DevDisconnected
                0x000000000800ce78       0x18 ../../libDaisy/build/libdaisy.a(usbd_core.o)
                0x000000000800ce78                USBD_LL_DevDisconnected
 .text.USBD_StdDevReq
                0x000000000800ce90      0x304 ../../libDaisy/build/libdaisy.a(usbd_ctlreq.o)
                0x000000000800ce90                USBD_StdDevReq
 .text.USBD_StdItfReq
                0x000000000800d194       0x68 ../../libDaisy/build/libdaisy.a(usbd_ctlreq.o)
                0x000000000800d194                USBD_StdItfReq
 .text.USBD_StdEPReq
                0x000000000800d1fc      0x13c ../../libDaisy/build/libdaisy.a(usbd_ctlreq.o)
                0x000000000800d1fc                USBD_StdEPReq
 .text.USBD_ParseSetupRequest
                0x000000000800d338       0x28 ../../libDaisy/build/libdaisy.a(usbd_ctlreq.o)
                0x000000000800d338                USBD_ParseSetupRequest
 .text.USBD_CtlError
                0x000000000800d360       0x18 ../../libDaisy/build/libdaisy.a(usbd_ctlreq.o)
                0x000000000800d360                USBD_CtlError
 .text.USBD_GetString
                0x000000000800d378       0x54 ../../libDaisy/build/libdaisy.a(usbd_ctlreq.o)
                0x000000000800d378                USBD_GetString
 .text.USBD_CtlSendData
                0x000000000800d3cc       0x1c ../../libDaisy/build/libdaisy.a(usbd_ioreq.o)
                0x000000000800d3cc                USBD_CtlSendData
 .text.USBD_CtlContinueSendData
                0x000000000800d3e8       0x14 ../../libDaisy/build/libdaisy.a(usbd_ioreq.o)
                0x000000000800d3e8                USBD_CtlContinueSendData
 .text.USBD_CtlPrepareRx
                0x000000000800d3fc       0x1c ../../libDaisy/build/libdaisy.a(usbd_ioreq.o)
                0x000000000800d3fc                USBD_CtlPrepareRx
 .text.USBD_CtlContinueRx
                0x000000000800d418       0x14 ../../libDaisy/build/libdaisy.a(usbd_ioreq.o)
                0x000000000800d418                USBD_CtlContinueRx
 .text.USBD_CtlSendStatus
                0x000000000800d42c       0x18 ../../libDaisy/build/libdaisy.a(usbd_ioreq.o)
                0x000000000800d42c                USBD_CtlSendStatus
 .text.USBD_CtlReceiveStatus
                0x000000000800d444       0x18 ../../libDaisy/build/libdaisy.a(usbd_ioreq.o)
                0x000000000800d444                USBD_CtlReceiveStatus
 .text.USBH_LL_IncTimer
                0x000000000800d45c       0x20 ../../libDaisy/build/libdaisy.a(usbh_core.o)
                0x000000000800d45c                USBH_LL_IncTimer
 .text.USBH_LL_PortEnabled
                0x000000000800d47c        0x8 ../../libDaisy/build/libdaisy.a(usbh_core.o)
                0x000000000800d47c                USBH_LL_PortEnabled
 .text.USBH_LL_PortDisabled
                0x000000000800d484        0x8 ../../libDaisy/build/libdaisy.a(usbh_core.o)
                0x000000000800d484                USBH_LL_PortDisabled
 .text.USBH_LL_Connect
                0x000000000800d48c       0x18 ../../libDaisy/build/libdaisy.a(usbh_core.o)
                0x000000000800d48c                USBH_LL_Connect
 .text.USBH_LL_Disconnect
                0x000000000800d4a4       0x2c ../../libDaisy/build/libdaisy.a(usbh_core.o)
                0x000000000800d4a4                USBH_LL_Disconnect
 .text.USBH_FreePipe
                0x000000000800d4d0       0x18 ../../libDaisy/build/libdaisy.a(usbh_pipes.o)
                0x000000000800d4d0                USBH_FreePipe
 .text._ZN5daisy6Random4InitEv
                0x000000000800d4e8       0x3c ../../libDaisy/build/libdaisy.a(rng.o)
                0x000000000800d4e8                daisy::Random::Init()
 .text._ZN5daisy9SpiHandle4Impl7InitDmaEv
                0x000000000800d524       0xec ../../libDaisy/build/libdaisy.a(spi.o)
                0x000000000800d524                daisy::SpiHandle::Impl::InitDma()
 .text._ZN5daisy9SpiHandle4Impl10StartDmaTxEPhjPFvPvEPFvS3_NS0_6ResultEES3_
                0x000000000800d610       0xc8 ../../libDaisy/build/libdaisy.a(spi.o)
                0x000000000800d610                daisy::SpiHandle::Impl::StartDmaTx(unsigned char*, unsigned int, void (*)(void*), void (*)(void*, daisy::SpiHandle::Result), void*)
 .text._ZN5daisy9SpiHandle4Impl10StartDmaRxEPhjPFvPvEPFvS3_NS0_6ResultEES3_
                0x000000000800d6d8       0xc8 ../../libDaisy/build/libdaisy.a(spi.o)
                0x000000000800d6d8                daisy::SpiHandle::Impl::StartDmaRx(unsigned char*, unsigned int, void (*)(void*), void (*)(void*, daisy::SpiHandle::Result), void*)
 .text._ZN5daisy9SpiHandle4Impl12StartDmaRxTxEPhS2_jPFvPvEPFvS3_NS0_6ResultEES3_
                0x000000000800d7a0       0xcc ../../libDaisy/build/libdaisy.a(spi.o)
                0x000000000800d7a0                daisy::SpiHandle::Impl::StartDmaRxTx(unsigned char*, unsigned char*, unsigned int, void (*)(void*), void (*)(void*, daisy::SpiHandle::Result), void*)
 .text._ZN5daisy9SpiHandle4Impl8InitPinsEv
                0x000000000800d86c      0x274 ../../libDaisy/build/libdaisy.a(spi.o)
                0x000000000800d86c                daisy::SpiHandle::Impl::InitPins()
 .text.HAL_SPI_MspInit
                0x000000000800dae0      0x1a8 ../../libDaisy/build/libdaisy.a(spi.o)
                0x000000000800dae0                HAL_SPI_MspInit
 .text.dsy_spi_global_init
                0x000000000800dc88       0x80 ../../libDaisy/build/libdaisy.a(spi.o)
                0x000000000800dc88                dsy_spi_global_init
 .text.SPI1_IRQHandler
                0x000000000800dd08        0xc ../../libDaisy/build/libdaisy.a(spi.o)
                0x000000000800dd08                SPI1_IRQHandler
 .text.SPI2_IRQHandler
                0x000000000800dd14        0xc ../../libDaisy/build/libdaisy.a(spi.o)
                0x000000000800dd14                SPI2_IRQHandler
 .text.SPI3_IRQHandler
                0x000000000800dd20        0xc ../../libDaisy/build/libdaisy.a(spi.o)
                0x000000000800dd20                SPI3_IRQHandler
 .text.SPI4_IRQHandler
                0x000000000800dd2c        0xc ../../libDaisy/build/libdaisy.a(spi.o)
                0x000000000800dd2c                SPI4_IRQHandler
 .text.SPI5_IRQHandler
                0x000000000800dd38        0xc ../../libDaisy/build/libdaisy.a(spi.o)
                0x000000000800dd38                SPI5_IRQHandler
 .text.DMA2_Stream2_IRQHandler
                0x000000000800dd44       0x34 ../../libDaisy/build/libdaisy.a(spi.o)
                0x000000000800dd44                DMA2_Stream2_IRQHandler
 .text.DMA2_Stream3_IRQHandler
                0x000000000800dd78       0x38 ../../libDaisy/build/libdaisy.a(spi.o)
                0x000000000800dd78                DMA2_Stream3_IRQHandler
 .text.HAL_SPI_TxCpltCallback
                0x000000000800ddb0       0xc4 ../../libDaisy/build/libdaisy.a(spi.o)
                0x000000000800ddb0                HAL_SPI_TxCpltCallback
 .text.HAL_SPI_RxCpltCallback
                0x000000000800de74       0xc4 ../../libDaisy/build/libdaisy.a(spi.o)
                0x000000000800de74                HAL_SPI_RxCpltCallback
 .text.HAL_SPI_TxRxCpltCallback
                0x000000000800df38       0xc4 ../../libDaisy/build/libdaisy.a(spi.o)
                0x000000000800df38                HAL_SPI_TxRxCpltCallback
 .text.HAL_SPI_ErrorCallback
                0x000000000800dffc       0xc8 ../../libDaisy/build/libdaisy.a(spi.o)
                0x000000000800dffc                HAL_SPI_ErrorCallback
 .text.startup._GLOBAL__sub_I__Z19MapInstanceToHandleP11SPI_TypeDef
                0x000000000800e0c4      0x1b0 ../../libDaisy/build/libdaisy.a(spi.o)
 .text.HAL_TIM_Base_MspInit
                0x000000000800e274      0x1e0 ../../libDaisy/build/libdaisy.a(tim.o)
                0x000000000800e274                HAL_TIM_Base_MspInit
 .text.HAL_TIM_PeriodElapsedCallback
                0x000000000800e454       0x44 ../../libDaisy/build/libdaisy.a(tim.o)
                0x000000000800e454                HAL_TIM_PeriodElapsedCallback
 .text.TIM2_IRQHandler
                0x000000000800e498        0xc ../../libDaisy/build/libdaisy.a(tim.o)
                0x000000000800e498                TIM2_IRQHandler
 .text.TIM3_IRQHandler
                0x000000000800e4a4        0xc ../../libDaisy/build/libdaisy.a(tim.o)
                0x000000000800e4a4                TIM3_IRQHandler
 .text.TIM4_IRQHandler
                0x000000000800e4b0        0xc ../../libDaisy/build/libdaisy.a(tim.o)
                0x000000000800e4b0                TIM4_IRQHandler
 .text.TIM5_IRQHandler
                0x000000000800e4bc        0xc ../../libDaisy/build/libdaisy.a(tim.o)
                0x000000000800e4bc                TIM5_IRQHandler
 .text._ZN5daisy11TimerHandle4InitERKNS0_6ConfigE
                0x000000000800e4c8       0xd0 ../../libDaisy/build/libdaisy.a(tim.o)
                0x000000000800e4c8                daisy::TimerHandle::Init(daisy::TimerHandle::Config const&)
 .text._ZN5daisy11TimerHandle5StartEv
                0x000000000800e598       0x24 ../../libDaisy/build/libdaisy.a(tim.o)
                0x000000000800e598                daisy::TimerHandle::Start()
 .text.startup._GLOBAL__sub_I__ZN5daisy11TimerHandle4Impl4InitERKNS0_6ConfigE
                0x000000000800e5bc       0x38 ../../libDaisy/build/libdaisy.a(tim.o)
 .text._ZL20UART_CheckRxListenerPN5daisy11UartHandler4ImplE
                0x000000000800e5f4       0x84 ../../libDaisy/build/libdaisy.a(uart.o)
 .text._ZN5daisy11UartHandler4Impl10StartDmaTxEPhjPFvPvEPFvS3_NS0_6ResultEES3_
                0x000000000800e678      0x184 ../../libDaisy/build/libdaisy.a(uart.o)
                0x000000000800e678                daisy::UartHandler::Impl::StartDmaTx(unsigned char*, unsigned int, void (*)(void*), void (*)(void*, daisy::UartHandler::Result), void*)
 .text._ZN5daisy11UartHandler4Impl10StartDmaRxEPhjPFvPvEPFvS3_NS0_6ResultEES3_
                0x000000000800e7fc      0x184 ../../libDaisy/build/libdaisy.a(uart.o)
                0x000000000800e7fc                daisy::UartHandler::Impl::StartDmaRx(unsigned char*, unsigned int, void (*)(void*), void (*)(void*, daisy::UartHandler::Result), void*)
 .text._ZN5daisy11UartHandler4Impl19DmaTransferFinishedEP20__UART_HandleTypeDefNS0_6ResultE
                0x000000000800e980       0xc0 ../../libDaisy/build/libdaisy.a(uart.o)
                0x000000000800e980                daisy::UartHandler::Impl::DmaTransferFinished(__UART_HandleTypeDef*, daisy::UartHandler::Result)
 .text._ZN5daisy11UartHandler4Impl8InitPinsEv
                0x000000000800ea40      0x154 ../../libDaisy/build/libdaisy.a(uart.o)
                0x000000000800ea40                daisy::UartHandler::Impl::InitPins()
 .text.HAL_UART_MspInit
                0x000000000800eb94      0x210 ../../libDaisy/build/libdaisy.a(uart.o)
                0x000000000800eb94                HAL_UART_MspInit
 .text.dsy_uart_global_init
                0x000000000800eda4      0x110 ../../libDaisy/build/libdaisy.a(uart.o)
                0x000000000800eda4                dsy_uart_global_init
 .text.USART1_IRQHandler
                0x000000000800eeb4       0x2c ../../libDaisy/build/libdaisy.a(uart.o)
                0x000000000800eeb4                USART1_IRQHandler
 .text.USART2_IRQHandler
                0x000000000800eee0       0x34 ../../libDaisy/build/libdaisy.a(uart.o)
                0x000000000800eee0                USART2_IRQHandler
 .text.USART3_IRQHandler
                0x000000000800ef14       0x34 ../../libDaisy/build/libdaisy.a(uart.o)
                0x000000000800ef14                USART3_IRQHandler
 .text.UART4_IRQHandler
                0x000000000800ef48       0x34 ../../libDaisy/build/libdaisy.a(uart.o)
                0x000000000800ef48                UART4_IRQHandler
 .text.UART5_IRQHandler
                0x000000000800ef7c       0x34 ../../libDaisy/build/libdaisy.a(uart.o)
                0x000000000800ef7c                UART5_IRQHandler
 .text.USART6_IRQHandler
                0x000000000800efb0       0x34 ../../libDaisy/build/libdaisy.a(uart.o)
                0x000000000800efb0                USART6_IRQHandler
 .text.UART7_IRQHandler
                0x000000000800efe4       0x34 ../../libDaisy/build/libdaisy.a(uart.o)
                0x000000000800efe4                UART7_IRQHandler
 .text.UART8_IRQHandler
                0x000000000800f018       0x34 ../../libDaisy/build/libdaisy.a(uart.o)
                0x000000000800f018                UART8_IRQHandler
 .text.LPUART1_IRQHandler
                0x000000000800f04c       0x34 ../../libDaisy/build/libdaisy.a(uart.o)
                0x000000000800f04c                LPUART1_IRQHandler
 .text.DMA1_Stream5_IRQHandler
                0x000000000800f080       0x34 ../../libDaisy/build/libdaisy.a(uart.o)
                0x000000000800f080                DMA1_Stream5_IRQHandler
 .text.DMA2_Stream4_IRQHandler
                0x000000000800f0b4       0x38 ../../libDaisy/build/libdaisy.a(uart.o)
                0x000000000800f0b4                DMA2_Stream4_IRQHandler
 .text.HAL_UART_TxCpltCallback
                0x000000000800f0ec        0x8 ../../libDaisy/build/libdaisy.a(uart.o)
                0x000000000800f0ec                HAL_UART_TxCpltCallback
 .text.HAL_UART_RxCpltCallback
                0x000000000800f0f4       0x94 ../../libDaisy/build/libdaisy.a(uart.o)
                0x000000000800f0f4                HAL_UART_RxCpltCallback
 .text.HAL_UART_RxHalfCpltCallback
                0x000000000800f188       0x90 ../../libDaisy/build/libdaisy.a(uart.o)