Archive member included to satisfy reference by file (symbol)

../../libDaisy/build/libdaisy.a(stm32h7xx_hal.o)
                              build/usbd_conf.o (HAL_Delay)
../../libDaisy/build/libdaisy.a(stm32h7xx_hal_cortex.o)
                              ../../libDaisy/build/libdaisy.a(stm32h7xx_hal.o) (HAL_NVIC_SetPriorityGrouping)
../../libDaisy/build/libdaisy.a(stm32h7xx_hal_gpio.o)
                              build/usbd_conf.o (HAL_GPIO_Init)
../../libDaisy/build/libdaisy.a(stm32h7xx_hal_pcd.o)
                              build/usbd_conf.o (HAL_PCD_Init)
../../libDaisy/build/libdaisy.a(stm32h7xx_hal_pcd_ex.o)
                              build/usbd_conf.o (HAL_PCDEx_SetTxFiFo)
../../libDaisy/build/libdaisy.a(stm32h7xx_hal_rcc.o)
                              ../../libDaisy/build/libdaisy.a(stm32h7xx_hal.o) (HAL_RCC_GetSysClockFreq)
../../libDaisy/build/libdaisy.a(stm32h7xx_hal_rcc_ex.o)
                              ../../libDaisy/build/libdaisy.a(stm32h7xx_hal_rcc.o) (HAL_RCCEx_GetD1SysClockFreq)
../../libDaisy/build/libdaisy.a(stm32h7xx_ll_usb.o)
                              ../../libDaisy/build/libdaisy.a(stm32h7xx_hal_pcd.o) (USB_CoreInit)
../../libDaisy/build/libdaisy.a(usbd_core.o)
                              build/UsbAudio.o (USBD_Init)
../../libDaisy/build/libdaisy.a(usbd_ctlreq.o)
                              ../../libDaisy/build/libdaisy.a(usbd_core.o) (USBD_StdDevReq)
../../libDaisy/build/libdaisy.a(usbd_ioreq.o)
                              build/usbd_audio.o (USBD_CtlSendData)
../../libDaisy/build/libdaisy.a(daisy_seed.o)
                              build/UsbAudio.o (daisy::DaisySeed::StartAudio(void (*)(float const* const*, float**, unsigned int)))
../../libDaisy/build/libdaisy.a(codec_ak4556.o)
                              ../../libDaisy/build/libdaisy.a(daisy_seed.o) (daisy::Ak4556::Init(dsy_gpio_pin))
../../libDaisy/build/libdaisy.a(codec_wm8731.o)
                              ../../libDaisy/build/libdaisy.a(daisy_seed.o) (daisy::Wm8731::Init(daisy::Wm8731::Config const&, daisy::I2CHandle))
../../libDaisy/build/libdaisy.a(sdram.o)
                              ../../libDaisy/build/libdaisy.a(daisy_seed.o) (SdramHandle::Init())
../../libDaisy/build/libdaisy.a(audio.o)
                              ../../libDaisy/build/libdaisy.a(daisy_seed.o) (daisy::AudioHandle::Init(daisy::AudioHandle::Config const&, daisy::SaiHandle))
../../libDaisy/build/libdaisy.a(usb.o)
                              build/UsbAudio.o (hUsbDeviceHS)
../../libDaisy/build/libdaisy.a(gpio.o)
                              ../../libDaisy/build/libdaisy.a(daisy_seed.o) (daisy::GPIO::Init(daisy::Pin, daisy::GPIO::Mode, daisy::GPIO::Pull, daisy::GPIO::Speed))
../../libDaisy/build/libdaisy.a(i2c.o)
                              ../../libDaisy/build/libdaisy.a(daisy_seed.o) (daisy::I2CHandle::Init(daisy::I2CHandle::Config const&))
../../libDaisy/build/libdaisy.a(qspi.o)
                              ../../libDaisy/build/libdaisy.a(daisy_seed.o) (daisy::QSPIHandle::Init(daisy::QSPIHandle::Config const&))
../../libDaisy/build/libdaisy.a(sai.o)
                              ../../libDaisy/build/libdaisy.a(daisy_seed.o) (daisy::SaiHandle::Init(daisy::SaiHandle::Config const&))
../../libDaisy/build/libdaisy.a(system.o)
                              ../../libDaisy/build/libdaisy.a(daisy_seed.o) (daisy::System::DeInit())
../../libDaisy/build/libdaisy.a(system_stm32h7xx.o)
                              build/startup_stm32h750xx.o (SystemInit)
../../libDaisy/build/libdaisy.a(usbd_cdc_if.o)
                              ../../libDaisy/build/libdaisy.a(usb.o) (CDC_Transmit_FS)
../../libDaisy/build/libdaisy.a(usbh_conf.o)
                              ../../libDaisy/build/libdaisy.a(system.o) (hhcd_USB_OTG_HS)
../../libDaisy/build/libdaisy.a(hal_map.o)
                              ../../libDaisy/build/libdaisy.a(gpio.o) (dsy_hal_map_get_port)
../../libDaisy/build/libdaisy.a(stm32h7xx_hal_dma.o)
                              ../../libDaisy/build/libdaisy.a(i2c.o) (HAL_DMA_Init)
../../libDaisy/build/libdaisy.a(stm32h7xx_hal_hcd.o)
                              ../../libDaisy/build/libdaisy.a(usbh_conf.o) (HAL_HCD_HC_Init)
../../libDaisy/build/libdaisy.a(stm32h7xx_hal_i2c.o)
                              ../../libDaisy/build/libdaisy.a(i2c.o) (HAL_I2C_Init)
../../libDaisy/build/libdaisy.a(stm32h7xx_hal_i2c_ex.o)
                              ../../libDaisy/build/libdaisy.a(i2c.o) (HAL_I2CEx_ConfigAnalogFilter)
../../libDaisy/build/libdaisy.a(stm32h7xx_hal_pwr_ex.o)
                              ../../libDaisy/build/libdaisy.a(system.o) (HAL_PWREx_ConfigSupply)
../../libDaisy/build/libdaisy.a(stm32h7xx_hal_qspi.o)
                              ../../libDaisy/build/libdaisy.a(qspi.o) (HAL_QSPI_Init)
../../libDaisy/build/libdaisy.a(stm32h7xx_hal_sai.o)
                              ../../libDaisy/build/libdaisy.a(sai.o) (HAL_SAI_InitProtocol)
../../libDaisy/build/libdaisy.a(stm32h7xx_hal_sdram.o)
[...]
Memory Configuration

Name             Origin             Length             Attributes
FLASH            0x0000000008000000 0x0000000000020000 xr
DTCMRAM          0x0000000020000000 0x0000000000020000 xrw
SRAM             0x0000000024000000 0x0000000000080000 xrw
RAM_D2           0x0000000030000000 0x0000000000048000 xrw
RAM_D3           0x0000000038000000 0x0000000000010000 xrw
BACKUP_SRAM      0x0000000038800000 0x0000000000001000 xrw
ITCMRAM          0x0000000000000000 0x0000000000010000 xrw
SDRAM            0x00000000c0000000 0x0000000004000000 xrw
QSPIFLASH        0x0000000090000000 0x0000000000800000 xr
*default*        0x0000000000000000 0xffffffffffffffff

Linker script and memory map

LOAD /home/pi/Developer/gcc-arm-none-eabi-10-2020-q4-major/bin/../lib/gcc/arm-none-eabi/10.2.1/thumb/v7e-m+dp/hard/crti.o
LOAD /home/pi/Developer/gcc-arm-none-eabi-10-2020-q4-major/bin/../lib/gcc/arm-none-eabi/10.2.1/thumb/v7e-m+dp/hard/crtbegin.o
LOAD /home/pi/Developer/gcc-arm-none-eabi-10-2020-q4-major/bin/../lib/gcc/arm-none-eabi/10.2.1/../../../../arm-none-eabi/lib/thumb/v7e-m+dp/hard/crt0.o
LOAD build/usbd_audio.o
LOAD build/usbd_audio_if.o
LOAD build/usbd_conf.o
LOAD build/usbd_desc.o
LOAD build/startup_stm32h750xx.o
LOAD build/UsbAudio.o
LOAD ../../libDaisy/build/libdaisy.a
LOAD /home/pi/Developer/gcc-arm-none-eabi-10-2020-q4-major/bin/../lib/gcc/arm-none-eabi/10.2.1/../../../../arm-none-eabi/lib/thumb/v7e-m+dp/hard/libnosys.a
LOAD ../../DaisySP/build/libdaisysp.a
LOAD /home/pi/Developer/gcc-arm-none-eabi-10-2020-q4-major/bin/../lib/gcc/arm-none-eabi/10.2.1/../../../../arm-none-eabi/lib/thumb/v7e-m+dp/hard/libstdc++_nano.a
LOAD /home/pi/Developer/gcc-arm-none-eabi-10-2020-q4-major/bin/../lib/gcc/arm-none-eabi/10.2.1/../../../../arm-none-eabi/lib/thumb/v7e-m+dp/hard/libm.a
LOAD /home/pi/Developer/gcc-arm-none-eabi-10-2020-q4-major/bin/../lib/gcc/arm-none-eabi/10.2.1/../../../../arm-none-eabi/lib/thumb/v7e-m+dp/hard/libc_nano.a
START GROUP
LOAD /home/pi/Developer/gcc-arm-none-eabi-10-2020-q4-major/bin/../lib/gcc/arm-none-eabi/10.2.1/thumb/v7e-m+dp/hard/libgcc.a
LOAD /home/pi/Developer/gcc-arm-none-eabi-10-2020-q4-major/bin/../lib/gcc/arm-none-eabi/10.2.1/../../../../arm-none-eabi/lib/thumb/v7e-m+dp/hard/libc_nano.a
END GROUP
START GROUP
LOAD /home/pi/Developer/gcc-arm-none-eabi-10-2020-q4-major/bin/../lib/gcc/arm-none-eabi/10.2.1/thumb/v7e-m+dp/hard/libgcc.a
LOAD /home/pi/Developer/gcc-arm-none-eabi-10-2020-q4-major/bin/../lib/gcc/arm-none-eabi/10.2.1/../../../../arm-none-eabi/lib/thumb/v7e-m+dp/hard/libc_nano.a
LOAD /home/pi/Developer/gcc-arm-none-eabi-10-2020-q4-major/bin/../lib/gcc/arm-none-eabi/10.2.1/../../../../arm-none-eabi/lib/thumb/v7e-m+dp/hard/libnosys.a
END GROUP
START GROUP
LOAD /home/pi/Developer/gcc-arm-none-eabi-10-2020-q4-major/bin/../lib/gcc/arm-none-eabi/10.2.1/thumb/v7e-m+dp/hard/libgcc.a
LOAD /home/pi/Developer/gcc-arm-none-eabi-10-2020-q4-major/bin/../lib/gcc/arm-none-eabi/10.2.1/../../../../arm-none-eabi/lib/thumb/v7e-m+dp/hard/libc_nano.a
LOAD /home/pi/Developer/gcc-arm-none-eabi-10-2020-q4-major/bin/../lib/gcc/arm-none-eabi/10.2.1/../../../../arm-none-eabi/lib/thumb/v7e-m+dp/hard/libnosys.a
END GROUP
LOAD /home/pi/Developer/gcc-arm-none-eabi-10-2020-q4-major/bin/../lib/gcc/arm-none-eabi/10.2.1/thumb/v7e-m+dp/hard/crtend.o
LOAD /home/pi/Developer/gcc-arm-none-eabi-10-2020-q4-major/bin/../lib/gcc/arm-none-eabi/10.2.1/thumb/v7e-m+dp/hard/crtn.o
                0x0000000020020000                _estack = 0x20020000

.isr_vector     0x0000000008000000      0x298
                0x0000000008000000                . = ALIGN (0x4)
 *(.isr_vector)
 .isr_vector    0x0000000008000000      0x298 build/startup_stm32h750xx.o
                0x0000000008000000                g_pfnVectors
                0x0000000008000298                . = ALIGN (0x4)

.text           0x00000000080002a0    0x12458
                0x00000000080002a0                . = ALIGN (0x4)
                0x00000000080002a0                _stext = .
 *(.text)
 .text          0x00000000080002a0       0x40 /home/pi/Developer/gcc-arm-none-eabi-10-2020-q4-major/bin/../lib/gcc/arm-none-eabi/10.2.1/thumb/v7e-m+dp/hard/crtbegin.o
 .text          0x00000000080002e0       0xa0 /home/pi/Developer/gcc-arm-none-eabi-10-2020-q4-major/bin/../lib/gcc/arm-none-eabi/10.2.1/../../../../arm-none-eabi/lib/thumb/v7e-m+dp/hard/libc_nano.a(lib_a-memchr.o)
                0x00000000080002e0                memchr
 .text          0x0000000008000380      0x378 /home/pi/Developer/gcc-arm-none-eabi-10-2020-q4-major/bin/../lib/gcc/arm-none-eabi/10.2.1/thumb/v7e-m+dp/hard/libgcc.a(_arm_addsubdf3.o)
                0x0000000008000380                __aeabi_drsub
                0x0000000008000388                __aeabi_dsub
                0x0000000008000388                __subdf3
                0x000000000800038c                __adddf3
                0x000000000800038c                __aeabi_dadd
                0x0000000008000604                __aeabi_ui2d
                0x0000000008000604                __floatunsidf
                0x0000000008000624                __floatsidf
                0x0000000008000624                __aeabi_i2d
                0x0000000008000648                __extendsfdf2
                0x0000000008000648                __aeabi_f2d
                0x000000000800068c                __aeabi_ul2d
                0x000000000800068c                __floatundidf
                0x000000000800069c                __floatdidf
                0x000000000800069c                __aeabi_l2d
 .text          0x00000000080006f8       0x30 /home/pi/Developer/gcc-arm-none-eabi-10-2020-q4-major/bin/../lib/gcc/arm-none-eabi/10.2.1/thumb/v7e-m+dp/hard/libgcc.a(_aeabi_uldivmod.o)
                0x00000000080006f8                __aeabi_uldivmod
 .text          0x0000000008000728      0x2d0 /home/pi/Developer/gcc-arm-none-eabi-10-2020-q4-major/bin/../lib/gcc/arm-none-eabi/10.2.1/thumb/v7e-m+dp/hard/libgcc.a(_udivmoddi4.o)
                0x0000000008000728                __udivmoddi4
 .text          0x00000000080009f8        0x4 /home/pi/Developer/gcc-arm-none-eabi-10-2020-q4-major/bin/../lib/gcc/arm-none-eabi/10.2.1/thumb/v7e-m+dp/hard/libgcc.a(_dvmd_tls.o)
                0x00000000080009f8                __aeabi_ldiv0
                0x00000000080009f8                __aeabi_idiv0
 *(.text*)
 .text.USBD_AUDIO_DataOut
                0x00000000080009fc        0x4 build/usbd_audio.o
 .text.USBD_AUDIO_EP0_TxReady
                0x0000000008000a00        0x4 build/usbd_audio.o
 .text.USBD_AUDIO_GetCfgDesc
                0x0000000008000a04       0x10 build/usbd_audio.o
 .text.USBD_AUDIO_GetDeviceQualifierDesc
                0x0000000008000a14       0x10 build/usbd_audio.o
 .text.USBD_AUDIO_EP0_RxReady
                0x0000000008000a24       0x34 build/usbd_audio.o
 .text.USBD_AUDIO_IsoINIncomplete
                0x0000000008000a58       0x3c build/usbd_audio.o
 .text.USBD_AUDIO_DataIn
                0x0000000008000a94       0x90 build/usbd_audio.o
 .text.USBD_AUDIO_Setup
                0x0000000008000b24      0x168 build/usbd_audio.o
 .text.USBD_AUDIO_DeInit
                0x0000000008000c8c       0x38 build/usbd_audio.o
 .text.USBD_AUDIO_Init
                0x0000000008000cc4       0x80 build/usbd_audio.o
 .text.USBD_AUDIO_IsoOutIncomplete
                0x0000000008000d44        0x4 build/usbd_audio.o
 .text.USBD_AUDIO_SOF
                0x0000000008000d48        0x4 build/usbd_audio.o
 .text.USBD_AUDIO_RegisterInterface
                0x0000000008000d4c       0x10 build/usbd_audio.o
                0x0000000008000d4c                USBD_AUDIO_RegisterInterface
 .text.Audio_DeInit
                0x0000000008000d5c        0x4 build/usbd_audio_if.o
 .text.Audio_AudioCmd
                0x0000000008000d60        0x4 build/usbd_audio_if.o
 .text.Audio_VolumeCtl
                0x0000000008000d64        0x4 build/usbd_audio_if.o
 .text.Audio_GetState
                0x0000000008000d68        0x4 build/usbd_audio_if.o
 .text.Audio_Init
                0x0000000008000d6c       0x48 build/usbd_audio_if.o
 .text.Audio_PeriodicTC
                0x0000000008000db4       0xfc build/usbd_audio_if.o
 .text.Audio_MuteCtl
                0x0000000008000eb0        0x4 build/usbd_audio_if.o
 .text.AudioIF_PushSamples
                0x0000000008000eb4       0x64 build/usbd_audio_if.o
                0x0000000008000eb4                AudioIF_PushSamples
 .text.HAL_PCD_MspInit
                0x0000000008000f18      0x140 build/usbd_conf.o
                0x0000000008000f18                HAL_PCD_MspInit
 .text.HAL_PCD_SetupStageCallback
                0x0000000008001058        0xc build/usbd_conf.o
                0x0000000008001058                HAL_PCD_SetupStageCallback
 .text.HAL_PCD_DataOutStageCallback
                0x0000000008001064       0x14 build/usbd_conf.o
                0x0000000008001064                HAL_PCD_DataOutStageCallback
 .text.HAL_PCD_DataInStageCallback
                0x0000000008001078       0x14 build/usbd_conf.o
                0x0000000008001078                HAL_PCD_DataInStageCallback
 .text.HAL_PCD_SOFCallback
                0x000000000800108c        0x8 build/usbd_conf.o
                0x000000000800108c                HAL_PCD_SOFCallback
 .text.HAL_PCD_ResetCallback
                0x0000000008001094       0x24 build/usbd_conf.o
                0x0000000008001094                HAL_PCD_ResetCallback
 .text.HAL_PCD_SuspendCallback
                0x00000000080010b8       0x30 build/usbd_conf.o
                0x00000000080010b8                HAL_PCD_SuspendCallback
 .text.HAL_PCD_ResumeCallback
                0x00000000080010e8        0x8 build/usbd_conf.o
                0x00000000080010e8                HAL_PCD_ResumeCallback
 .text.HAL_PCD_ISOOUTIncompleteCallback
                0x00000000080010f0        0x8 build/usbd_conf.o
                0x00000000080010f0                HAL_PCD_ISOOUTIncompleteCallback
 .text.HAL_PCD_ISOINIncompleteCallback
                0x00000000080010f8        0x8 build/usbd_conf.o
                0x00000000080010f8                HAL_PCD_ISOINIncompleteCallback
 .text.HAL_PCD_ConnectCallback
                0x0000000008001100        0x8 build/usbd_conf.o
                0x0000000008001100                HAL_PCD_ConnectCallback
 .text.HAL_PCD_DisconnectCallback
                0x0000000008001108        0x8 build/usbd_conf.o
                0x0000000008001108                HAL_PCD_DisconnectCallback
 .text.USBD_LL_Init
                0x0000000008001110       0xcc build/usbd_conf.o
                0x0000000008001110                USBD_LL_Init
 .text.USBD_LL_Start
                0x00000000080011dc       0x1c build/usbd_conf.o
                0x00000000080011dc                USBD_LL_Start
 .text.USBD_LL_OpenEP
                0x00000000080011f8       0x24 build/usbd_conf.o
                0x00000000080011f8                USBD_LL_OpenEP
 .text.USBD_LL_CloseEP
                0x000000000800121c       0x1c build/usbd_conf.o
                0x000000000800121c                USBD_LL_CloseEP
 .text.USBD_LL_FlushEP
                0x0000000008001238       0x1c build/usbd_conf.o
                0x0000000008001238                USBD_LL_FlushEP
 .text.USBD_LL_StallEP
                0x0000000008001254       0x1c build/usbd_conf.o
                0x0000000008001254                USBD_LL_StallEP
 .text.USBD_LL_ClearStallEP
                0x0000000008001270       0x1c build/usbd_conf.o
                0x0000000008001270                USBD_LL_ClearStallEP
 .text.USBD_LL_IsStallEP
                0x000000000800128c       0x28 build/usbd_conf.o
                0x000000000800128c                USBD_LL_IsStallEP
 .text.USBD_LL_SetUSBAddress
                0x00000000080012b4       0x1c build/usbd_conf.o
                0x00000000080012b4                USBD_LL_SetUSBAddress
 .text.USBD_LL_Transmit
                0x00000000080012d0       0x1c build/usbd_conf.o
                0x00000000080012d0                USBD_LL_Transmit
 .text.USBD_LL_PrepareReceive
                0x00000000080012ec       0x1c build/usbd_conf.o
                0x00000000080012ec                USBD_LL_PrepareReceive
 .text.USBD_HS_DeviceDescriptor
                0x0000000008001308        0xc build/usbd_desc.o
                0x0000000008001308                USBD_HS_DeviceDescriptor
 .text.USBD_HS_ProductStrDescriptor
                0x0000000008001314       0x1c build/usbd_desc.o
                0x0000000008001314                USBD_HS_ProductStrDescriptor
 .text.USBD_HS_LangIDStrDescriptor
                0x0000000008001330        0xc build/usbd_desc.o
                0x0000000008001330                USBD_HS_LangIDStrDescriptor
 .text.USBD_HS_ManufacturerStrDescriptor
                0x000000000800133c       0x1c build/usbd_desc.o
                0x000000000800133c                USBD_HS_ManufacturerStrDescriptor
 .text.USBD_HS_ConfigStrDescriptor
                0x0000000008001358       0x1c build/usbd_desc.o
                0x0000000008001358                USBD_HS_ConfigStrDescriptor
 .text.USBD_HS_InterfaceStrDescriptor
                0x0000000008001374       0x1c build/usbd_desc.o
                0x0000000008001374                USBD_HS_InterfaceStrDescriptor
 .text.USBD_HS_SerialStrDescriptor
                0x0000000008001390       0x84 build/usbd_desc.o
                0x0000000008001390                USBD_HS_SerialStrDescriptor
 .text.Default_Handler
                0x0000000008001414        0x4 build/startup_stm32h750xx.o
                0x0000000008001414                RTC_Alarm_IRQHandler
                0x0000000008001414                HASH_RNG_IRQHandler
                0x0000000008001414                EXTI2_IRQHandler
                0x0000000008001414                TIM8_CC_IRQHandler
                0x0000000008001414                HRTIM1_Master_IRQHandler
                0x0000000008001414                DebugMon_Handler
                0x0000000008001414                TIM1_CC_IRQHandler
                0x0000000008001414                BDMA_Channel6_IRQHandler
                0x0000000008001414                DMA2_Stream5_IRQHandler
                0x0000000008001414                HRTIM1_FLT_IRQHandler
                0x0000000008001414                JPEG_IRQHandler
                0x0000000008001414                BDMA_Channel1_IRQHandler
                0x0000000008001414                HRTIM1_TIMD_IRQHandler
                0x0000000008001414                TAMP_STAMP_IRQHandler
                0x0000000008001414                PendSV_Handler
                0x0000000008001414                NMI_Handler
                0x0000000008001414                EXTI3_IRQHandler
                0x0000000008001414                LPTIM4_IRQHandler
                0x0000000008001414                TIM8_TRG_COM_TIM14_IRQHandler
                0x0000000008001414                LPTIM2_IRQHandler
                0x0000000008001414                DFSDM1_FLT1_IRQHandler
                0x0000000008001414                DMAMUX2_OVR_IRQHandler
                0x0000000008001414                TIM8_UP_TIM13_IRQHandler
                0x0000000008001414                I2C3_ER_IRQHandler
                0x0000000008001414                DFSDM1_FLT2_IRQHandler
                0x0000000008001414                MDMA_IRQHandler
                0x0000000008001414                LPTIM3_IRQHandler
                0x0000000008001414                HSEM1_IRQHandler
                0x0000000008001414                EXTI0_IRQHandler
                0x0000000008001414                DMA1_Stream2_IRQHandler
                0x0000000008001414                FPU_IRQHandler
                0x0000000008001414                OTG_HS_WKUP_IRQHandler
                0x0000000008001414                FDCAN1_IT1_IRQHandler
                0x0000000008001414                UsageFault_Handler
                0x0000000008001414                LTDC_ER_IRQHandler
                0x0000000008001414                HRTIM1_TIME_IRQHandler
                0x0000000008001414                TIM6_DAC_IRQHandler
                0x0000000008001414                DCMI_IRQHandler
                0x0000000008001414                HRTIM1_TIMC_IRQHandler
                0x0000000008001414                SAI2_IRQHandler
                0x0000000008001414                DFSDM1_FLT3_IRQHandler
                0x0000000008001414                TIM17_IRQHandler
                0x0000000008001414                CRYP_IRQHandler
                0x0000000008001414                BDMA_Channel7_IRQHandler
                0x0000000008001414                LPTIM5_IRQHandler
                0x0000000008001414                ADC3_IRQHandler
                0x0000000008001414                DMA2_Stream0_IRQHandler
                0x0000000008001414                BDMA_Channel2_IRQHandler
                0x0000000008001414                DMAMUX1_OVR_IRQHandler
                0x0000000008001414                TIM16_IRQHandler
                0x0000000008001414                BDMA_Channel5_IRQHandler
                0x0000000008001414                RCC_IRQHandler
                0x0000000008001414                TIM8_BRK_TIM12_IRQHandler
                0x0000000008001414                TIM1_TRG_COM_IRQHandler
                0x0000000008001414                Default_Handler
                0x0000000008001414                ECC_IRQHandler
                0x0000000008001414                CEC_IRQHandler
                0x0000000008001414                EXTI15_10_IRQHandler
                0x0000000008001414                BDMA_Channel0_IRQHandler
                0x0000000008001414                ADC_IRQHandler
                0x0000000008001414                DMA1_Stream7_IRQHandler
                0x0000000008001414                HRTIM1_TIMA_IRQHandler
                0x0000000008001414                TIM7_IRQHandler
                0x0000000008001414                SDMMC1_IRQHandler
                0x0000000008001414                DMA2_Stream7_IRQHandler
                0x0000000008001414                TIM15_IRQHandler
                0x0000000008001414                PVD_AVD_IRQHandler
                0x0000000008001414                EXTI9_5_IRQHandler
                0x0000000008001414                RTC_WKUP_IRQHandler
                0x0000000008001414                LTDC_IRQHandler
                0x0000000008001414                SAI3_IRQHandler
                0x0000000008001414                ETH_WKUP_IRQHandler
                0x0000000008001414                SPDIF_RX_IRQHandler
                0x0000000008001414                MemManage_Handler
                0x0000000008001414                SVC_Handler
                0x0000000008001414                CRS_IRQHandler
                0x0000000008001414                EXTI4_IRQHandler
                0x0000000008001414                HRTIM1_TIMB_IRQHandler
                0x0000000008001414                FDCAN2_IT1_IRQHandler
                0x0000000008001414                ETH_IRQHandler
                0x0000000008001414                TIM1_UP_IRQHandler
                0x0000000008001414                BDMA_Channel4_IRQHandler
                0x0000000008001414                WWDG_IRQHandler
                0x0000000008001414                SPI6_IRQHandler
                0x0000000008001414                I2C4_EV_IRQHandler
                0x0000000008001414                MDIOS_IRQHandler
                0x0000000008001414                FDCAN2_IT0_IRQHandler
                0x0000000008001414                FDCAN1_IT0_IRQHandler
                0x0000000008001414                OTG_FS_WKUP_IRQHandler
                0x0000000008001414                DMA2D_IRQHandler
                0x0000000008001414                TIM1_BRK_IRQHandler
                0x0000000008001414                EXTI1_IRQHandler
                0x0000000008001414                SDMMC2_IRQHandler
                0x0000000008001414                BDMA_Channel3_IRQHandler
                0x0000000008001414                MDIOS_WKUP_IRQHandler
                0x0000000008001414                DFSDM1_FLT0_IRQHandler
                0x0000000008001414                SAI4_IRQHandler
                0x0000000008001414                I2C2_ER_IRQHandler
                0x0000000008001414                DMA2_Stream1_IRQHandler
                0x0000000008001414                FLASH_IRQHandler
                0x0000000008001414                BusFault_Handler
                0x0000000008001414                WAKEUP_PIN_IRQHandler
                0x0000000008001414                I2C1_ER_IRQHandler
                0x0000000008001414                FMC_IRQHandler
                0x0000000008001414                FDCAN_CAL_IRQHandler
                0x0000000008001414                SWPMI1_IRQHandler
                0x0000000008001414                COMP1_IRQHandler
                0x0000000008001414                LPTIM1_IRQHandler
                0x0000000008001414                I2C4_ER_IRQHandler
                0x0000000008001414                DMA2_Stream6_IRQHandler
                0x0000000008001414                SAI1_IRQHandler
 .text.Reset_Handler
                0x0000000008001418       0x44 build/startup_stm32h750xx.o
                0x0000000008001418                Reset_Handler
 .text._ZN5daisy9DaisySeedD2Ev
                0x000000000800145c        0x4 build/UsbAudio.o
                0x000000000800145c                daisy::DaisySeed::~DaisySeed()
                0x000000000800145c                daisy::DaisySeed::~DaisySeed()
 .text._ZN7daisysp10OscillatorD2Ev
                0x0000000008001460        0x4 build/UsbAudio.o
                0x0000000008001460                daisysp::Oscillator::~Oscillator()
                0x0000000008001460                daisysp::Oscillator::~Oscillator()
 .text._Z13AudioCallbackPKPKfPPfj
                0x0000000008001464      0x104 build/UsbAudio.o
                0x0000000008001464                AudioCallback(float const* const*, float**, unsigned int)
 .text.startup.main
                0x0000000008001568       0xc0 build/UsbAudio.o
                0x0000000008001568                main
 .text.startup._GLOBAL__sub_I_hw
                0x0000000008001628       0x38 build/UsbAudio.o
 .text.HAL_MspInit
                0x0000000008001660        0x4 ../../libDaisy/build/libdaisy.a(stm32h7xx_hal.o)
                0x0000000008001660                HAL_MspInit
 .text.HAL_InitTick
                0x0000000008001664       0x4c ../../libDaisy/build/libdaisy.a(stm32h7xx_hal.o)
                0x0000000008001664                HAL_InitTick
 .text.HAL_Init
                0x00000000080016b0       0x60 ../../libDaisy/build/libdaisy.a(stm32h7xx_hal.o)
                0x00000000080016b0                HAL_Init
 .text.HAL_IncTick
                0x0000000008001710       0x18 ../../libDaisy/build/libdaisy.a(stm32h7xx_hal.o)
                0x0000000008001710                HAL_IncTick
 .text.HAL_GetTick
                0x0000000008001728        0xc ../../libDaisy/build/libdaisy.a(stm32h7xx_hal.o)
                0x0000000008001728                HAL_GetTick
 .text.HAL_Delay
                0x0000000008001734       0x24 ../../libDaisy/build/libdaisy.a(stm32h7xx_hal.o)
                0x0000000008001734                HAL_Delay
 .text.HAL_GetREVID
                0x0000000008001758        0xc ../../libDaisy/build/libdaisy.a(stm32h7xx_hal.o)
                0x0000000008001758                HAL_GetREVID
 .text.HAL_NVIC_SetPriorityGrouping
                0x0000000008001764       0x24 ../../libDaisy/build/libdaisy.a(stm32h7xx_hal_cortex.o)
                0x0000000008001764                HAL_NVIC_SetPriorityGrouping
 .text.HAL_NVIC_SetPriority
                0x0000000008001788       0x7c ../../libDaisy/build/libdaisy.a(stm32h7xx_hal_cortex.o)
                0x0000000008001788                HAL_NVIC_SetPriority
 .text.HAL_NVIC_EnableIRQ
                0x0000000008001804       0x1c ../../libDaisy/build/libdaisy.a(stm32h7xx_hal_cortex.o)
                0x0000000008001804                HAL_NVIC_EnableIRQ
 .text.HAL_NVIC_DisableIRQ
                0x0000000008001820       0x28 ../../libDaisy/build/libdaisy.a(stm32h7xx_hal_cortex.o)
                0x0000000008001820                HAL_NVIC_DisableIRQ
 .text.HAL_SYSTICK_Config
                0x0000000008001848       0x2c ../../libDaisy/build/libdaisy.a(stm32h7xx_hal_cortex.o)
                0x0000000008001848                HAL_SYSTICK_Config
 .text.HAL_MPU_Disable
                0x0000000008001874       0x1c ../../libDaisy/build/libdaisy.a(stm32h7xx_hal_cortex.o)
                0x0000000008001874                HAL_MPU_Disable
 .text.HAL_MPU_Enable
                0x0000000008001890       0x20 ../../libDaisy/build/libdaisy.a(stm32h7xx_hal_cortex.o)
                0x0000000008001890                HAL_MPU_Enable
 .text.HAL_MPU_ConfigRegion
                0x00000000080018b0       0x64 ../../libDaisy/build/libdaisy.a(stm32h7xx_hal_cortex.o)
                0x00000000080018b0                HAL_MPU_ConfigRegion
 .text.HAL_SYSTICK_Callback
                0x0000000008001914        0x4 ../../libDaisy/build/libdaisy.a(stm32h7xx_hal_cortex.o)
                0x0000000008001914                HAL_SYSTICK_Callback
 .text.HAL_SYSTICK_IRQHandler
                0x0000000008001918        0x8 ../../libDaisy/build/libdaisy.a(stm32h7xx_hal_cortex.o)
                0x0000000008001918                HAL_SYSTICK_IRQHandler
 .text.HAL_GPIO_Init
                0x0000000008001920      0x280 ../../libDaisy/build/libdaisy.a(stm32h7xx_hal_gpio.o)
                0x0000000008001920                HAL_GPIO_Init
 .text.HAL_GPIO_DeInit
                0x0000000008001ba0      0x190 ../../libDaisy/build/libdaisy.a(stm32h7xx_hal_gpio.o)
                0x0000000008001ba0                HAL_GPIO_DeInit
 .text.HAL_GPIO_ReadPin
                0x0000000008001d30        0xc ../../libDaisy/build/libdaisy.a(stm32h7xx_hal_gpio.o)
                0x0000000008001d30                HAL_GPIO_ReadPin
 .text.HAL_GPIO_WritePin
                0x0000000008001d3c        0x8 ../../libDaisy/build/libdaisy.a(stm32h7xx_hal_gpio.o)
                0x0000000008001d3c                HAL_GPIO_WritePin
 .text.HAL_PCD_Init
                0x0000000008001d44      0x12c ../../libDaisy/build/libdaisy.a(stm32h7xx_hal_pcd.o)
                0x0000000008001d44                HAL_PCD_Init
 .text.HAL_PCD_Start
                0x0000000008001e70       0x44 ../../libDaisy/build/libdaisy.a(stm32h7xx_hal_pcd.o)
                0x0000000008001e70                HAL_PCD_Start
 .text.HAL_PCD_IRQHandler
                0x0000000008001eb4      0x69c ../../libDaisy/build/libdaisy.a(stm32h7xx_hal_pcd.o)
                0x0000000008001eb4                HAL_PCD_IRQHandler
 .text.HAL_PCD_SetAddress
                0x0000000008002550       0x2c ../../libDaisy/build/libdaisy.a(stm32h7xx_hal_pcd.o)
                0x0000000008002550                HAL_PCD_SetAddress
 .text.HAL_PCD_EP_Open
                0x000000000800257c       0x7c ../../libDaisy/build/libdaisy.a(stm32h7xx_hal_pcd.o)
                0x000000000800257c                HAL_PCD_EP_Open
 .text.HAL_PCD_EP_Close
                0x00000000080025f8       0x6c ../../libDaisy/build/libdaisy.a(stm32h7xx_hal_pcd.o)
                0x00000000080025f8                HAL_PCD_EP_Close
 .text.HAL_PCD_EP_Receive
                0x0000000008002664       0x50 ../../libDaisy/build/libdaisy.a(stm32h7xx_hal_pcd.o)
                0x0000000008002664                HAL_PCD_EP_Receive
 .text.HAL_PCD_EP_Transmit
                0x00000000080026b4       0x50 ../../libDaisy/build/libdaisy.a(stm32h7xx_hal_pcd.o)
                0x00000000080026b4                HAL_PCD_EP_Transmit
 .text.HAL_PCD_EP_SetStall
                0x0000000008002704       0x88 ../../libDaisy/build/libdaisy.a(stm32h7xx_hal_pcd.o)
                0x0000000008002704                HAL_PCD_EP_SetStall
 .text.HAL_PCD_EP_ClrStall
                0x000000000800278c       0x78 ../../libDaisy/build/libdaisy.a(stm32h7xx_hal_pcd.o)
                0x000000000800278c                HAL_PCD_EP_ClrStall
 .text.HAL_PCD_EP_Flush
                0x0000000008002804       0x40 ../../libDaisy/build/libdaisy.a(stm32h7xx_hal_pcd.o)
                0x0000000008002804                HAL_PCD_EP_Flush
 .text.HAL_PCDEx_SetTxFiFo
                0x0000000008002844       0x54 ../../libDaisy/build/libdaisy.a(stm32h7xx_hal_pcd_ex.o)
                0x0000000008002844                HAL_PCDEx_SetTxFiFo
 .text.HAL_PCDEx_SetRxFiFo
                0x0000000008002898        0xc ../../libDaisy/build/libdaisy.a(stm32h7xx_hal_pcd_ex.o)
                0x0000000008002898                HAL_PCDEx_SetRxFiFo
 .text.HAL_PCDEx_ActivateLPM
                0x00000000080028a4       0x30 ../../libDaisy/build/libdaisy.a(stm32h7xx_hal_pcd_ex.o)
                0x00000000080028a4                HAL_PCDEx_ActivateLPM
 .text.HAL_PCDEx_LPM_Callback
                0x00000000080028d4        0x4 ../../libDaisy/build/libdaisy.a(stm32h7xx_hal_pcd_ex.o)
                0x00000000080028d4                HAL_PCDEx_LPM_Callback
 .text.HAL_RCC_OscConfig
                0x00000000080028d8      0x51c ../../libDaisy/build/libdaisy.a(stm32h7xx_hal_rcc.o)
                0x00000000080028d8                HAL_RCC_OscConfig
 .text.HAL_RCC_GetSysClockFreq
                0x0000000008002df4      0x140 ../../libDaisy/build/libdaisy.a(stm32h7xx_hal_rcc.o)
                0x0000000008002df4                HAL_RCC_GetSysClockFreq
 .text.HAL_RCC_ClockConfig
                0x0000000008002f34      0x234 ../../libDaisy/build/libdaisy.a(stm32h7xx_hal_rcc.o)
                0x0000000008002f34                HAL_RCC_ClockConfig
 .text.HAL_RCC_GetHCLKFreq
                0x0000000008003168       0x2c ../../libDaisy/build/libdaisy.a(stm32h7xx_hal_rcc.o)
                0x0000000008003168                HAL_RCC_GetHCLKFreq
 .text.HAL_RCC_GetPCLK1Freq
                0x0000000008003194       0x38 ../../libDaisy/build/libdaisy.a(stm32h7xx_hal_rcc.o)
                0x0000000008003194                HAL_RCC_GetPCLK1Freq
 .text.HAL_RCC_GetPCLK2Freq
                0x00000000080031cc       0x38 ../../libDaisy/build/libdaisy.a(stm32h7xx_hal_rcc.o)
                0x00000000080031cc                HAL_RCC_GetPCLK2Freq
 .text.RCCEx_PLL2_Config
                0x0000000008003204       0xf4 ../../libDaisy/build/libdaisy.a(stm32h7xx_hal_rcc_ex.o)
 .text.RCCEx_PLL3_Config
                0x00000000080032f8       0xf4 ../../libDaisy/build/libdaisy.a(stm32h7xx_hal_rcc_ex.o)
 .text.HAL_RCCEx_PeriphCLKConfig
                0x00000000080033ec      0xa7c ../../libDaisy/build/libdaisy.a(stm32h7xx_hal_rcc_ex.o)
                0x00000000080033ec                HAL_RCCEx_PeriphCLKConfig
 .text.HAL_RCCEx_GetD3PCLK1Freq
                0x0000000008003e68       0x24 ../../libDaisy/build/libdaisy.a(stm32h7xx_hal_rcc_ex.o)
                0x0000000008003e68                HAL_RCCEx_GetD3PCLK1Freq
 .text.HAL_RCCEx_GetPLL2ClockFreq
                0x0000000008003e8c      0x17c ../../libDaisy/build/libdaisy.a(stm32h7xx_hal_rcc_ex.o)
                0x0000000008003e8c                HAL_RCCEx_GetPLL2ClockFreq
 .text.HAL_RCCEx_GetPLL3ClockFreq
                0x0000000008004008      0x17c ../../libDaisy/build/libdaisy.a(stm32h7xx_hal_rcc_ex.o)
                0x0000000008004008                HAL_RCCEx_GetPLL3ClockFreq
 .text.HAL_RCCEx_GetPLL1ClockFreq
                0x0000000008004184      0x17c ../../libDaisy/build/libdaisy.a(stm32h7xx_hal_rcc_ex.o)
                0x0000000008004184                HAL_RCCEx_GetPLL1ClockFreq
 .text.HAL_RCCEx_GetPeriphCLKFreq
                0x0000000008004300      0x198 ../../libDaisy/build/libdaisy.a(stm32h7xx_hal_rcc_ex.o)
                0x0000000008004300                HAL_RCCEx_GetPeriphCLKFreq
 .text.HAL_RCCEx_GetD1SysClockFreq
                0x0000000008004498       0x2c ../../libDaisy/build/libdaisy.a(stm32h7xx_hal_rcc_ex.o)
                0x0000000008004498                HAL_RCCEx_GetD1SysClockFreq
 .text.USB_CoreInit
                0x00000000080044c4      0x124 ../../libDaisy/build/libdaisy.a(stm32h7xx_ll_usb.o)
                0x00000000080044c4                USB_CoreInit
 .text.USB_SetTurnaroundTime
                0x00000000080045e8      0x104 ../../libDaisy/build/libdaisy.a(stm32h7xx_ll_usb.o)
                0x00000000080045e8                USB_SetTurnaroundTime
 .text.USB_EnableGlobalInt
                0x00000000080046ec       0x10 ../../libDaisy/build/libdaisy.a(stm32h7xx_ll_usb.o)
                0x00000000080046ec                USB_EnableGlobalInt
 .text.USB_DisableGlobalInt
                0x00000000080046fc       0x10 ../../libDaisy/build/libdaisy.a(stm32h7xx_ll_usb.o)
                0x00000000080046fc                USB_DisableGlobalInt
 .text.USB_SetCurrentMode
                0x000000000800470c       0x30 ../../libDaisy/build/libdaisy.a(stm32h7xx_ll_usb.o)
                0x000000000800470c                USB_SetCurrentMode
 .text.USB_DevInit
                0x000000000800473c      0x20c ../../libDaisy/build/libdaisy.a(stm32h7xx_ll_usb.o)
                0x000000000800473c                USB_DevInit
 .text.USB_FlushTxFifo
                0x0000000008004948       0x34 ../../libDaisy/build/libdaisy.a(stm32h7xx_ll_usb.o)
                0x0000000008004948                USB_FlushTxFifo
 .text.USB_FlushRxFifo
                0x000000000800497c       0x30 ../../libDaisy/build/libdaisy.a(stm32h7xx_ll_usb.o)
                0x000000000800497c                USB_FlushRxFifo
 .text.USB_GetDevSpeed
                0x00000000080049ac       0x24 ../../libDaisy/build/libdaisy.a(stm32h7xx_ll_usb.o)
                0x00000000080049ac                USB_GetDevSpeed
 .text.USB_ActivateEndpoint
                0x00000000080049d0       0x90 ../../libDaisy/build/libdaisy.a(stm32h7xx_ll_usb.o)
                0x00000000080049d0                USB_ActivateEndpoint
 .text.USB_DeactivateEndpoint
                0x0000000008004a60       0x84 ../../libDaisy/build/libdaisy.a(stm32h7xx_ll_usb.o)
                0x0000000008004a60                USB_DeactivateEndpoint
 .text.USB_EPStartXfer
                0x0000000008004ae4      0x230 ../../libDaisy/build/libdaisy.a(stm32h7xx_ll_usb.o)
                0x0000000008004ae4                USB_EPStartXfer
 .text.USB_EP0StartXfer
                0x0000000008004d14      0x174 ../../libDaisy/build/libdaisy.a(stm32h7xx_ll_usb.o)
                0x0000000008004d14                USB_EP0StartXfer
 .text.USB_WritePacket
                0x0000000008004e88       0x2c ../../libDaisy/build/libdaisy.a(stm32h7xx_ll_usb.o)
                0x0000000008004e88                USB_WritePacket
 .text.USB_ReadPacket
                0x0000000008004eb4       0x20 ../../libDaisy/build/libdaisy.a(stm32h7xx_ll_usb.o)
                0x0000000008004eb4                USB_ReadPacket
 .text.USB_EPSetStall
                0x0000000008004ed4       0x68 ../../libDaisy/build/libdaisy.a(stm32h7xx_ll_usb.o)
                0x0000000008004ed4                USB_EPSetStall
 .text.USB_EPClearStall
                0x0000000008004f3c       0x58 ../../libDaisy/build/libdaisy.a(stm32h7xx_ll_usb.o)
                0x0000000008004f3c                USB_EPClearStall
 .text.USB_SetDevAddress
                0x0000000008004f94       0x24 ../../libDaisy/build/libdaisy.a(stm32h7xx_ll_usb.o)
                0x0000000008004f94                USB_SetDevAddress
 .text.USB_DevConnect
                0x0000000008004fb8       0x1c ../../libDaisy/build/libdaisy.a(stm32h7xx_ll_usb.o)
                0x0000000008004fb8                USB_DevConnect
 .text.USB_DevDisconnect
                0x0000000008004fd4       0x1c ../../libDaisy/build/libdaisy.a(stm32h7xx_ll_usb.o)
                0x0000000008004fd4                USB_DevDisconnect
 .text.USB_ReadInterrupts
                0x0000000008004ff0       0x14 ../../libDaisy/build/libdaisy.a(stm32h7xx_ll_usb.o)
                0x0000000008004ff0                USB_ReadInterrupts
 .text.USB_ReadDevAllOutEpInterrupt
                0x0000000008005004       0x1c ../../libDaisy/build/libdaisy.a(stm32h7xx_ll_usb.o)
                0x0000000008005004                USB_ReadDevAllOutEpInterrupt
 .text.USB_ReadDevAllInEpInterrupt
                0x0000000008005020       0x1c ../../libDaisy/build/libdaisy.a(stm32h7xx_ll_usb.o)
                0x0000000008005020                USB_ReadDevAllInEpInterrupt
 .text.USB_ReadDevOutEPInterrupt
                0x000000000800503c       0x1c ../../libDaisy/build/libdaisy.a(stm32h7xx_ll_usb.o)
                0x000000000800503c                USB_ReadDevOutEPInterrupt
 .text.USB_ReadDevInEPInterrupt
                0x0000000008005058       0x38 ../../libDaisy/build/libdaisy.a(stm32h7xx_ll_usb.o)
                0x0000000008005058                USB_ReadDevInEPInterrupt
 .text.USB_GetMode
                0x0000000008005090        0x8 ../../libDaisy/build/libdaisy.a(stm32h7xx_ll_usb.o)
                0x0000000008005090                USB_GetMode
 .text.USB_ActivateSetup
                0x0000000008005098       0x38 ../../libDaisy/build/libdaisy.a(stm32h7xx_ll_usb.o)
                0x0000000008005098                USB_ActivateSetup
 .text.USB_EP0_OutStart
                0x00000000080050d0       0x58 ../../libDaisy/build/libdaisy.a(stm32h7xx_ll_usb.o)
                0x00000000080050d0                USB_EP0_OutStart
 .text.USB_InitFSLSPClkSel
                0x0000000008005128       0x44 ../../libDaisy/build/libdaisy.a(stm32h7xx_ll_usb.o)
                0x0000000008005128                USB_InitFSLSPClkSel
 .text.USB_HC_ReadInterrupt
                0x000000000800516c        0x8 ../../libDaisy/build/libdaisy.a(stm32h7xx_ll_usb.o)
                0x000000000800516c                USB_HC_ReadInterrupt
 .text.USB_HC_Halt
                0x0000000008005174       0xc0 ../../libDaisy/build/libdaisy.a(stm32h7xx_ll_usb.o)
                0x0000000008005174                USB_HC_Halt
 .text.USB_StopHost
                0x0000000008005234      0x2ec ../../libDaisy/build/libdaisy.a(stm32h7xx_ll_usb.o)
                0x0000000008005234                USB_StopHost
 .text.USBD_Init
                0x0000000008005520       0x44 ../../libDaisy/build/libdaisy.a(usbd_core.o)
                0x0000000008005520                USBD_Init
 .text.USBD_RegisterClass
                0x0000000008005564       0x2c ../../libDaisy/build/libdaisy.a(usbd_core.o)
                0x0000000008005564                USBD_RegisterClass
 .text.USBD_Start
                0x0000000008005590        0xc ../../libDaisy/build/libdaisy.a(usbd_core.o)
                0x0000000008005590                USBD_Start
 .text.USBD_SetClassConfig
                0x000000000800559c       0x14 ../../libDaisy/build/libdaisy.a(usbd_core.o)
                0x000000000800559c                USBD_SetClassConfig
 .text.USBD_ClrClassConfig
                0x00000000080055b0       0x10 ../../libDaisy/build/libdaisy.a(usbd_core.o)
                0x00000000080055b0                USBD_ClrClassConfig
 .text.USBD_LL_SetupStage
                0x00000000080055c0       0x5c ../../libDaisy/build/libdaisy.a(usbd_core.o)
                0x00000000080055c0                USBD_LL_SetupStage
 .text.USBD_LL_DataOutStage
                0x000000000800561c       0x7c ../../libDaisy/build/libdaisy.a(usbd_core.o)
                0x000000000800561c                USBD_LL_DataOutStage
 .text.USBD_LL_DataInStage
                0x0000000008005698       0xcc ../../libDaisy/build/libdaisy.a(usbd_core.o)
                0x0000000008005698                USBD_LL_DataInStage
 .text.USBD_LL_Reset
                0x0000000008005764       0x50 ../../libDaisy/build/libdaisy.a(usbd_core.o)
                0x0000000008005764                USBD_LL_Reset
 .text.USBD_LL_SetSpeed
                0x00000000080057b4        0x8 ../../libDaisy/build/libdaisy.a(usbd_core.o)
                0x00000000080057b4                USBD_LL_SetSpeed
 .text.USBD_LL_Suspend
                0x00000000080057bc       0x14 ../../libDaisy/build/libdaisy.a(usbd_core.o)
                0x00000000080057bc                USBD_LL_Suspend
 .text.USBD_LL_Resume
                0x00000000080057d0       0x10 ../../libDaisy/build/libdaisy.a(usbd_core.o)
                0x00000000080057d0                USBD_LL_Resume
 .text.USBD_LL_SOF
                0x00000000080057e0       0x1c ../../libDaisy/build/libdaisy.a(usbd_core.o)
                0x00000000080057e0                USBD_LL_SOF
 .text.USBD_LL_IsoINIncomplete
                0x00000000080057fc        0x4 ../../libDaisy/build/libdaisy.a(usbd_core.o)
                0x00000000080057fc                USBD_LL_IsoINIncomplete
 .text.USBD_LL_IsoOUTIncomplete
                0x0000000008005800        0x4 ../../libDaisy/build/libdaisy.a(usbd_core.o)
                0x0000000008005800                USBD_LL_IsoOUTIncomplete
 .text.USBD_LL_DevConnected
                0x0000000008005804        0x4 ../../libDaisy/build/libdaisy.a(usbd_core.o)
                0x0000000008005804                USBD_LL_DevConnected
 .text.USBD_LL_DevDisconnected
                0x0000000008005808       0x18 ../../libDaisy/build/libdaisy.a(usbd_core.o)
                0x0000000008005808                USBD_LL_DevDisconnected
 .text.USBD_StdDevReq
                0x0000000008005820      0x304 ../../libDaisy/build/libdaisy.a(usbd_ctlreq.o)
                0x0000000008005820                USBD_StdDevReq
 .text.USBD_StdItfReq
                0x0000000008005b24       0x68 ../../libDaisy/build/libdaisy.a(usbd_ctlreq.o)
                0x0000000008005b24                USBD_StdItfReq
 .text.USBD_StdEPReq
                0x0000000008005b8c      0x13c ../../libDaisy/build/libdaisy.a(usbd_ctlreq.o)
                0x0000000008005b8c                USBD_StdEPReq
 .text.USBD_ParseSetupRequest
                0x0000000008005cc8       0x28 ../../libDaisy/build/libdaisy.a(usbd_ctlreq.o)
                0x0000000008005cc8                USBD_ParseSetupRequest
 .text.USBD_CtlError
                0x0000000008005cf0       0x18 ../../libDaisy/build/libdaisy.a(usbd_ctlreq.o)
                0x0000000008005cf0                USBD_CtlError
 .text.USBD_GetString
                0x0000000008005d08       0x54 ../../libDaisy/build/libdaisy.a(usbd_ctlreq.o)
                0x0000000008005d08                USBD_GetString
 .text.USBD_CtlSendData
                0x0000000008005d5c       0x1c ../../libDaisy/build/libdaisy.a(usbd_ioreq.o)
                0x0000000008005d5c                USBD_CtlSendData
 .text.USBD_CtlContinueSendData
                0x0000000008005d78       0x14 ../../libDaisy/build/libdaisy.a(usbd_ioreq.o)
                0x0000000008005d78                USBD_CtlContinueSendData
 .text.USBD_CtlPrepareRx
                0x0000000008005d8c       0x1c ../../libDaisy/build/libdaisy.a(usbd_ioreq.o)
                0x0000000008005d8c                USBD_CtlPrepareRx
 .text.USBD_CtlContinueRx
                0x0000000008005da8       0x14 ../../libDaisy/build/libdaisy.a(usbd_ioreq.o)
                0x0000000008005da8                USBD_CtlContinueRx
 .text.USBD_CtlSendStatus
                0x0000000008005dbc       0x18 ../../libDaisy/build/libdaisy.a(usbd_ioreq.o)
                0x0000000008005dbc                USBD_CtlSendStatus
 .text.USBD_CtlReceiveStatus
                0x0000000008005dd4       0x18 ../../libDaisy/build/libdaisy.a(usbd_ioreq.o)
                0x0000000008005dd4                USBD_CtlReceiveStatus
 .text._ZN5daisy9DaisySeed10StartAudioEPFvPKPKfPPfjE
                0x0000000008005dec        0x8 ../../libDaisy/build/libdaisy.a(daisy_seed.o)
                0x0000000008005dec                daisy::DaisySeed::StartAudio(void (*)(float const* const*, float**, unsigned int))
 .text._ZN5daisy9DaisySeed18SetAudioSampleRateENS_9SaiHandle6Config10SampleRateE
                0x0000000008005df4       0x38 ../../libDaisy/build/libdaisy.a(daisy_seed.o)
                0x0000000008005df4                daisy::DaisySeed::SetAudioSampleRate(daisy::SaiHandle::Config::SampleRate)
 .text._ZN5daisy9DaisySeed17SetAudioBlockSizeEj
                0x0000000008005e2c       0x38 ../../libDaisy/build/libdaisy.a(daisy_seed.o)
                0x0000000008005e2c                daisy::DaisySeed::SetAudioBlockSize(unsigned int)
 .text._ZN5daisy9DaisySeed17CheckBoardVersionEv
                0x0000000008005e64       0x6c ../../libDaisy/build/libdaisy.a(daisy_seed.o)
                0x0000000008005e64                daisy::DaisySeed::CheckBoardVersion()
 .text._ZN5daisy9DaisySeed14ConfigureAudioEv
                0x0000000008005ed0      0x10c ../../libDaisy/build/libdaisy.a(daisy_seed.o)
                0x0000000008005ed0                daisy::DaisySeed::ConfigureAudio()
 .text._ZN5daisy9DaisySeed4InitEb
                0x0000000008005fdc      0x108 ../../libDaisy/build/libdaisy.a(daisy_seed.o)
                0x0000000008005fdc                daisy::DaisySeed::Init(bool)
 .text._ZN5daisy6Ak45564InitE12dsy_gpio_pin
                0x00000000080060e4       0x44 ../../libDaisy/build/libdaisy.a(codec_ak4556.o)
                0x00000000080060e4                daisy::Ak4556::Init(dsy_gpio_pin)
 .text._ZN5daisy6Wm873120WriteControlRegisterEht
                0x0000000008006128       0x3c ../../libDaisy/build/libdaisy.a(codec_wm8731.o)
                0x0000000008006128                daisy::Wm8731::WriteControlRegister(unsigned char, unsigned short)
 .text._ZN5daisy6Wm87314InitERKNS0_6ConfigENS_9I2CHandleE
                0x0000000008006164      0x1bc ../../libDaisy/build/libdaisy.a(codec_wm8731.o)
                0x0000000008006164                daisy::Wm8731::Init(daisy::Wm8731::Config const&, daisy::I2CHandle)
 .text._ZN11SdramHandle10DeviceInitEv
                0x0000000008006320       0x98 ../../libDaisy/build/libdaisy.a(sdram.o)
                0x0000000008006320                SdramHandle::DeviceInit()
 .text._ZN11SdramHandle4InitEv
                0x00000000080063b8       0x7c ../../libDaisy/build/libdaisy.a(sdram.o)
                0x00000000080063b8                SdramHandle::Init()
 .text.HAL_SDRAM_MspInit
                0x0000000008006434      0x1a8 ../../libDaisy/build/libdaisy.a(sdram.o)
                0x0000000008006434                HAL_SDRAM_MspInit
 .text._ZN5daisy11AudioHandle4Impl16InternalCallbackEPlS2_j
                0x00000000080065dc      0xbbc ../../libDaisy/build/libdaisy.a(audio.o)
                0x00000000080065dc                daisy::AudioHandle::Impl::InternalCallback(long*, long*, unsigned int)
 .text._ZN5daisy11AudioHandle4InitERKNS0_6ConfigENS_9SaiHandleE
                0x0000000008007198       0x70 ../../libDaisy/build/libdaisy.a(audio.o)
                0x0000000008007198                daisy::AudioHandle::Init(daisy::AudioHandle::Config const&, daisy::SaiHandle)
 .text._ZNK5daisy11AudioHandle9GetConfigEv
                0x0000000008007208        0x8 ../../libDaisy/build/libdaisy.a(audio.o)
                0x0000000008007208                daisy::AudioHandle::GetConfig() const
 .text._ZN5daisy11AudioHandle12SetBlockSizeEj
                0x0000000008007210       0x1c ../../libDaisy/build/libdaisy.a(audio.o)
                0x0000000008007210                daisy::AudioHandle::SetBlockSize(unsigned int)
 .text._ZN5daisy11AudioHandle13GetSampleRateEv
                0x000000000800722c        0x8 ../../libDaisy/build/libdaisy.a(audio.o)
                0x000000000800722c                daisy::AudioHandle::GetSampleRate()
 .text._ZN5daisy11AudioHandle13SetSampleRateENS_9SaiHandle6Config10SampleRateE
                0x0000000008007234       0x88 ../../libDaisy/build/libdaisy.a(audio.o)
                0x0000000008007234                daisy::AudioHandle::SetSampleRate(daisy::SaiHandle::Config::SampleRate)
 .text._ZN5daisy11AudioHandle5StartEPFvPKPKfPPfjE
                0x00000000080072bc       0x44 ../../libDaisy/build/libdaisy.a(audio.o)
                0x00000000080072bc                daisy::AudioHandle::Start(void (*)(float const* const*, float**, unsigned int))
 .text.startup._GLOBAL__sub_I__ZN5daisy11AudioHandle4Impl4InitENS0_6ConfigENS_9SaiHandleE
                0x0000000008007300       0x24 ../../libDaisy/build/libdaisy.a(audio.o)
 .text.OTG_FS_EP1_OUT_IRQHandler
                0x0000000008007324        0xc ../../libDaisy/build/libdaisy.a(usb.o)
                0x0000000008007324                OTG_FS_EP1_OUT_IRQHandler
 .text.OTG_FS_EP1_IN_IRQHandler
                0x0000000008007330        0xc ../../libDaisy/build/libdaisy.a(usb.o)
                0x0000000008007330                OTG_FS_EP1_IN_IRQHandler
 .text.OTG_FS_IRQHandler
                0x000000000800733c        0xc ../../libDaisy/build/libdaisy.a(usb.o)
                0x000000000800733c                OTG_FS_IRQHandler
 .text._ZN5daisy4GPIO4InitENS_3PinENS0_4ModeENS0_4PullENS0_5SpeedE
                0x0000000008007348      0x1cc ../../libDaisy/build/libdaisy.a(gpio.o)
                0x0000000008007348                daisy::GPIO::Init(daisy::Pin, daisy::GPIO::Mode, daisy::GPIO::Pull, daisy::GPIO::Speed)
 .text._ZN5daisy4GPIO4ReadEv
                0x0000000008007514       0x18 ../../libDaisy/build/libdaisy.a(gpio.o)
                0x0000000008007514                daisy::GPIO::Read()
 .text._ZN5daisy4GPIO5WriteEb
                0x000000000800752c       0x14 ../../libDaisy/build/libdaisy.a(gpio.o)
                0x000000000800752c                daisy::GPIO::Write(bool)
 .text.dsy_gpio_init
                0x0000000008007540      0x1b8 ../../libDaisy/build/libdaisy.a(gpio.o)
                0x0000000008007540                dsy_gpio_init
 .text.dsy_gpio_write
                0x00000000080076f8       0x24 ../../libDaisy/build/libdaisy.a(gpio.o)
                0x00000000080076f8                dsy_gpio_write
 .text._ZN5daisy9I2CHandle4Impl8InitPinsEv
                0x000000000800771c       0x58 ../../libDaisy/build/libdaisy.a(i2c.o)
                0x000000000800771c                daisy::I2CHandle::Impl::InitPins()
 .text.HAL_I2C_MspInit
                0x0000000008007774      0x1b4 ../../libDaisy/build/libdaisy.a(i2c.o)
                0x0000000008007774                HAL_I2C_MspInit
 .text.dsy_i2c_global_init
                0x0000000008007928       0x78 ../../libDaisy/build/libdaisy.a(i2c.o)
                0x0000000008007928                dsy_i2c_global_init
 .text.DMA1_Stream6_IRQHandler
                0x00000000080079a0       0x34 ../../libDaisy/build/libdaisy.a(i2c.o)
                0x00000000080079a0                DMA1_Stream6_IRQHandler
 .text.I2C1_EV_IRQHandler
                0x00000000080079d4        0xc ../../libDaisy/build/libdaisy.a(i2c.o)
                0x00000000080079d4                I2C1_EV_IRQHandler
 .text.I2C2_EV_IRQHandler
                0x00000000080079e0        0xc ../../libDaisy/build/libdaisy.a(i2c.o)
                0x00000000080079e0                I2C2_EV_IRQHandler
 .text.I2C3_EV_IRQHandler
                0x00000000080079ec        0xc ../../libDaisy/build/libdaisy.a(i2c.o)
                0x00000000080079ec                I2C3_EV_IRQHandler
 .text._ZN5daisy9I2CHandle4InitERKNS0_6ConfigE
                0x00000000080079f8      0x12c ../../libDaisy/build/libdaisy.a(i2c.o)
                0x00000000080079f8                daisy::I2CHandle::Init(daisy::I2CHandle::Config const&)
 .text._ZN5daisy9I2CHandle16TransmitBlockingEtPhtm
                0x0000000008007b24       0x50 ../../libDaisy/build/libdaisy.a(i2c.o)
                0x0000000008007b24                daisy::I2CHandle::TransmitBlocking(unsigned short, unsigned char*, unsigned short, unsigned long)
 .text.startup._GLOBAL__sub_I__ZN5daisy9I2CHandle4Impl10GlobalInitEv
                0x0000000008007b74       0x18 ../../libDaisy/build/libdaisy.a(i2c.o)
 .text._ZN5daisy10QSPIHandle4Impl11WriteEnableEv
                0x0000000008007b8c       0x8c ../../libDaisy/build/libdaisy.a(qspi.o)
                0x0000000008007b8c                daisy::QSPIHandle::Impl::WriteEnable()
 .text._ZN5daisy10QSPIHandle4Impl17DummyCyclesConfigENS0_6Config6DeviceE
                0x0000000008007c18      0x118 ../../libDaisy/build/libdaisy.a(qspi.o)
                0x0000000008007c18                daisy::QSPIHandle::Impl::DummyCyclesConfig(daisy::QSPIHandle::Config::Device)
 .text._ZN5daisy10QSPIHandle4Impl10QuadEnableEv
                0x0000000008007d30      0x158 ../../libDaisy/build/libdaisy.a(qspi.o)
                0x0000000008007d30                daisy::QSPIHandle::Impl::QuadEnable()
 .text._ZN5daisy10QSPIHandle4InitERKNS0_6ConfigE
                0x0000000008007e88      0x198 ../../libDaisy/build/libdaisy.a(qspi.o)
                0x0000000008007e88                daisy::QSPIHandle::Init(daisy::QSPIHandle::Config const&)
 .text.HAL_QSPI_MspInit
                0x0000000008008020      0x11c ../../libDaisy/build/libdaisy.a(qspi.o)
                0x0000000008008020                HAL_QSPI_MspInit
 .text.HAL_QSPI_MspDeInit
                0x000000000800813c       0x54 ../../libDaisy/build/libdaisy.a(qspi.o)
                0x000000000800813c                HAL_QSPI_MspDeInit
 .text.QUADSPI_IRQHandler
                0x0000000008008190        0xc ../../libDaisy/build/libdaisy.a(qspi.o)
                0x0000000008008190                QUADSPI_IRQHandler
 .text.startup._GLOBAL__sub_I__ZN5daisy10QSPIHandle4Impl4InitERKNS0_6ConfigE
                0x000000000800819c       0x28 ../../libDaisy/build/libdaisy.a(qspi.o)
 .text._ZN5daisy9SaiHandle4Impl7InitDmaENS1_15PeripheralBlockE
                0x00000000080081c4       0xa0 ../../libDaisy/build/libdaisy.a(sai.o)
                0x00000000080081c4                daisy::SaiHandle::Impl::InitDma(daisy::SaiHandle::Impl::PeripheralBlock)
 .text._ZN5daisy9SaiHandle4Impl8InitPinsEv
                0x0000000008008264       0xa8 ../../libDaisy/build/libdaisy.a(sai.o)
                0x0000000008008264                daisy::SaiHandle::Impl::InitPins()
 .text.HAL_SAI_MspInit
                0x000000000800830c      0x164 ../../libDaisy/build/libdaisy.a(sai.o)
                0x000000000800830c                HAL_SAI_MspInit
 .text.DMA1_Stream0_IRQHandler
                0x0000000008008470        0xc ../../libDaisy/build/libdaisy.a(sai.o)
                0x0000000008008470                DMA1_Stream0_IRQHandler
 .text.DMA1_Stream1_IRQHandler
                0x000000000800847c        0xc ../../libDaisy/build/libdaisy.a(sai.o)
                0x000000000800847c                DMA1_Stream1_IRQHandler
 .text.DMA1_Stream3_IRQHandler
                0x0000000008008488        0xc ../../libDaisy/build/libdaisy.a(sai.o)
                0x0000000008008488                DMA1_Stream3_IRQHandler
 .text.DMA1_Stream4_IRQHandler
                0x0000000008008494        0xc ../../libDaisy/build/libdaisy.a(sai.o)
                0x0000000008008494                DMA1_Stream4_IRQHandler
 .text.HAL_SAI_RxHalfCpltCallback
                0x00000000080084a0       0x78 ../../libDaisy/build/libdaisy.a(sai.o)
                0x00000000080084a0                HAL_SAI_RxHalfCpltCallback
 .text.HAL_SAI_RxCpltCallback
                0x0000000008008518       0x70 ../../libDaisy/build/libdaisy.a(sai.o)
                0x0000000008008518                HAL_SAI_RxCpltCallback
 .text._ZN5daisy9SaiHandle4InitERKNS0_6ConfigE
                0x0000000008008588      0x1f0 ../../libDaisy/build/libdaisy.a(sai.o)
                0x0000000008008588                daisy::SaiHandle::Init(daisy::SaiHandle::Config const&)
 .text._ZNK5daisy9SaiHandle9GetConfigEv
                0x0000000008008778        0x4 ../../libDaisy/build/libdaisy.a(sai.o)
                0x0000000008008778                daisy::SaiHandle::GetConfig() const
 .text._ZN5daisy9SaiHandle8StartDmaEPlS1_jPFvS1_S1_jE
                0x000000000800877c       0xbc ../../libDaisy/build/libdaisy.a(sai.o)
                0x000000000800877c                daisy::SaiHandle::StartDma(long*, long*, unsigned int, void (*)(long*, long*, unsigned int))
 .text._ZN5daisy9SaiHandle13GetSampleRateEv
                0x0000000008008838       0x24 ../../libDaisy/build/libdaisy.a(sai.o)
                0x0000000008008838                daisy::SaiHandle::GetSampleRate()
 .text._ZNK5daisy9SaiHandle9GetOffsetEv
                0x000000000800885c        0x8 ../../libDaisy/build/libdaisy.a(sai.o)
                0x000000000800885c                daisy::SaiHandle::GetOffset() const
 .text._ZN5daisy11TimerHandleD2Ev
                0x0000000008008864        0x4 ../../libDaisy/build/libdaisy.a(system.o)
                0x0000000008008864                daisy::TimerHandle::~TimerHandle()
                0x0000000008008864                daisy::TimerHandle::~TimerHandle()
 .text.SysTick_Handler
                0x0000000008008868       0x10 ../../libDaisy/build/libdaisy.a(system.o)
                0x0000000008008868                SysTick_Handler
 .text.OTG_HS_EP1_OUT_IRQHandler
                0x0000000008008878       0x24 ../../libDaisy/build/libdaisy.a(system.o)
                0x0000000008008878                OTG_HS_EP1_OUT_IRQHandler
 .text.OTG_HS_EP1_IN_IRQHandler
                0x000000000800889c       0x24 ../../libDaisy/build/libdaisy.a(system.o)
                0x000000000800889c                OTG_HS_EP1_IN_IRQHandler
 .text.OTG_HS_IRQHandler
                0x00000000080088c0       0x24 ../../libDaisy/build/libdaisy.a(system.o)
                0x00000000080088c0                OTG_HS_IRQHandler
 .text.HardFault_Handler
                0x00000000080088e4       0xe0 ../../libDaisy/build/libdaisy.a(system.o)
                0x00000000080088e4                HardFault_Handler
 .text._ZN5daisy6System5DelayEm
                0x00000000080089c4        0x4 ../../libDaisy/build/libdaisy.a(system.o)
                0x00000000080089c4                daisy::System::Delay(unsigned long)
 .text._ZN5daisy6System20GetBootloaderVersionEv
                0x00000000080089c8       0x34 ../../libDaisy/build/libdaisy.a(system.o)
                0x00000000080089c8                daisy::System::GetBootloaderVersion()
 .text._ZN5daisy6System15ConfigureClocksEv
                0x00000000080089fc      0x194 ../../libDaisy/build/libdaisy.a(system.o)
                0x00000000080089fc                daisy::System::ConfigureClocks()
 .text._ZN5daisy6System12ConfigureMpuEv
                0x0000000008008b90       0x7c ../../libDaisy/build/libdaisy.a(system.o)
                0x0000000008008b90                daisy::System::ConfigureMpu()
 .text._ZN5daisy6System4InitERKNS0_6ConfigE
                0x0000000008008c0c       0xec ../../libDaisy/build/libdaisy.a(system.o)
                0x0000000008008c0c                daisy::System::Init(daisy::System::Config const&)
 .text._ZN5daisy6System12GetPClk1FreqEv
                0x0000000008008cf8        0x4 ../../libDaisy/build/libdaisy.a(system.o)
                0x0000000008008cf8                daisy::System::GetPClk1Freq()
 .text._ZN5daisy6System22GetProgramMemoryRegionEv
                0x0000000008008cfc       0x78 ../../libDaisy/build/libdaisy.a(system.o)
                0x0000000008008cfc                daisy::System::GetProgramMemoryRegion()
 .text.startup._GLOBAL__sub_I__ZN5daisy9boot_infoE
                0x0000000008008d74       0x1c ../../libDaisy/build/libdaisy.a(system.o)
 .text.SystemInit
                0x0000000008008d90       0x9c ../../libDaisy/build/libdaisy.a(system_stm32h7xx.o)
                0x0000000008008d90                SystemInit
 .text.HAL_HCD_SOF_Callback
                0x0000000008008e2c        0x8 ../../libDaisy/build/libdaisy.a(usbh_conf.o)
                0x0000000008008e2c                HAL_HCD_SOF_Callback
 .text.HAL_HCD_Connect_Callback
                0x0000000008008e34        0x8 ../../libDaisy/build/libdaisy.a(usbh_conf.o)
                0x0000000008008e34                HAL_HCD_Connect_Callback
 .text.HAL_HCD_Disconnect_Callback
                0x0000000008008e3c        0x8 ../../libDaisy/build/libdaisy.a(usbh_conf.o)
                0x0000000008008e3c                HAL_HCD_Disconnect_Callback
 .text.HAL_HCD_HC_NotifyURBChange_Callback
                0x0000000008008e44        0x4 ../../libDaisy/build/libdaisy.a(usbh_conf.o)
                0x0000000008008e44                HAL_HCD_HC_NotifyURBChange_Callback
 .text.HAL_HCD_PortEnabled_Callback
                0x0000000008008e48        0x8 ../../libDaisy/build/libdaisy.a(usbh_conf.o)
                0x0000000008008e48                HAL_HCD_PortEnabled_Callback
 .text.HAL_HCD_PortDisabled_Callback
                0x0000000008008e50        0x8 ../../libDaisy/build/libdaisy.a(usbh_conf.o)
                0x0000000008008e50                HAL_HCD_PortDisabled_Callback
 .text.USBH_LL_Stop
                0x0000000008008e58       0x1c ../../libDaisy/build/libdaisy.a(usbh_conf.o)
                0x0000000008008e58                USBH_LL_Stop
 .text.dsy_hal_map_get_port
                0x0000000008008e74       0x10 ../../libDaisy/build/libdaisy.a(hal_map.o)
                0x0000000008008e74                dsy_hal_map_get_port
 .text.dsy_hal_map_get_pin
                0x0000000008008e84       0x10 ../../libDaisy/build/libdaisy.a(hal_map.o)
                0x0000000008008e84                dsy_hal_map_get_pin
 .text.dsy_hal_map_gpio_clk_enable
                0x0000000008008e94      0x150 ../../libDaisy/build/libdaisy.a(hal_map.o)
                0x0000000008008e94                dsy_hal_map_gpio_clk_enable
 .text.DMA_CalcBaseAndBitshift
                0x0000000008008fe4       0xf4 ../../libDaisy/build/libdaisy.a(stm32h7xx_hal_dma.o)
 .text.DMA_CalcDMAMUXChannelBaseAndMask
                0x00000000080090d8       0xd8 ../../libDaisy/build/libdaisy.a(stm32h7xx_hal_dma.o)
 .text.HAL_DMA_Init
                0x00000000080091b0      0x37c ../../libDaisy/build/libdaisy.a(stm32h7xx_hal_dma.o)
                0x00000000080091b0                HAL_DMA_Init
 .text.HAL_DMA_Start_IT
                0x000000000800952c      0x240 ../../libDaisy/build/libdaisy.a(stm32h7xx_hal_dma.o)
                0x000000000800952c                HAL_DMA_Start_IT
 .text.HAL_DMA_Abort_IT
                0x000000000800976c      0x134 ../../libDaisy/build/libdaisy.a(stm32h7xx_hal_dma.o)
                0x000000000800976c                HAL_DMA_Abort_IT
 .text.HAL_DMA_IRQHandler
                0x00000000080098a0      0x6a0 ../../libDaisy/build/libdaisy.a(stm32h7xx_hal_dma.o)
                0x00000000080098a0                HAL_DMA_IRQHandler
 .text.HAL_DMA_GetError
                0x0000000008009f40        0x4 ../../libDaisy/build/libdaisy.a(stm32h7xx_hal_dma.o)
                0x0000000008009f40                HAL_DMA_GetError
 .text.HAL_HCD_IRQHandler
                0x0000000008009f44      0x780 ../../libDaisy/build/libdaisy.a(stm32h7xx_hal_hcd.o)
                0x0000000008009f44                HAL_HCD_IRQHandler
 .text.HAL_HCD_Stop
                0x000000000800a6c4       0x28 ../../libDaisy/build/libdaisy.a(stm32h7xx_hal_hcd.o)
                0x000000000800a6c4                HAL_HCD_Stop
 .text.I2C_WaitOnTXISFlagUntilTimeout
                0x000000000800a6ec       0xb8 ../../libDaisy/build/libdaisy.a(stm32h7xx_hal_i2c.o)
 .text.I2C_WaitOnSTOPFlagUntilTimeout
                0x000000000800a7a4       0xac ../../libDaisy/build/libdaisy.a(stm32h7xx_hal_i2c.o)
 .text.HAL_I2C_Init
                0x000000000800a850       0xac ../../libDaisy/build/libdaisy.a(stm32h7xx_hal_i2c.o)
                0x000000000800a850                HAL_I2C_Init
 .text.HAL_I2C_Master_Transmit
                0x000000000800a8fc      0x1a8 ../../libDaisy/build/libdaisy.a(stm32h7xx_hal_i2c.o)
                0x000000000800a8fc                HAL_I2C_Master_Transmit
 .text.HAL_I2C_Slave_Transmit
                0x000000000800aaa4      0x1c8 ../../libDaisy/build/libdaisy.a(stm32h7xx_hal_i2c.o)
                0x000000000800aaa4                HAL_I2C_Slave_Transmit
 .text.HAL_I2C_EV_IRQHandler
                0x000000000800ac6c       0x10 ../../libDaisy/build/libdaisy.a(stm32h7xx_hal_i2c.o)
                0x000000000800ac6c                HAL_I2C_EV_IRQHandler
 .text.HAL_I2C_GetState
                0x000000000800ac7c        0x8 ../../libDaisy/build/libdaisy.a(stm32h7xx_hal_i2c.o)
                0x000000000800ac7c                HAL_I2C_GetState
 .text.HAL_I2CEx_ConfigAnalogFilter
                0x000000000800ac84       0x54 ../../libDaisy/build/libdaisy.a(stm32h7xx_hal_i2c_ex.o)
                0x000000000800ac84                HAL_I2CEx_ConfigAnalogFilter
 .text.HAL_I2CEx_ConfigDigitalFilter
                0x000000000800acd8       0x58 ../../libDaisy/build/libdaisy.a(stm32h7xx_hal_i2c_ex.o)
                0x000000000800acd8                HAL_I2CEx_ConfigDigitalFilter
 .text.HAL_PWREx_ConfigSupply
                0x000000000800ad30       0x4c ../../libDaisy/build/libdaisy.a(stm32h7xx_hal_pwr_ex.o)
                0x000000000800ad30                HAL_PWREx_ConfigSupply
 .text.HAL_PWREx_EnableUSBVoltageDetector
                0x000000000800ad7c       0x10 ../../libDaisy/build/libdaisy.a(stm32h7xx_hal_pwr_ex.o)
                0x000000000800ad7c                HAL_PWREx_EnableUSBVoltageDetector
 .text.QSPI_Config
                0x000000000800ad8c      0x174 ../../libDaisy/build/libdaisy.a(stm32h7xx_hal_qspi.o)
 .text.HAL_QSPI_Init
                0x000000000800af00       0xd8 ../../libDaisy/build/libdaisy.a(stm32h7xx_hal_qspi.o)
                0x000000000800af00                HAL_QSPI_Init
 .text.HAL_QSPI_DeInit
                0x000000000800afd8       0x3c ../../libDaisy/build/libdaisy.a(stm32h7xx_hal_qspi.o)
                0x000000000800afd8                HAL_QSPI_DeInit
 .text.HAL_QSPI_Command
                0x000000000800b014       0xd4 ../../libDaisy/build/libdaisy.a(stm32h7xx_hal_qspi.o)
                0x000000000800b014                HAL_QSPI_Command
 .text.HAL_QSPI_Transmit
                0x000000000800b0e8       0xfc ../../libDaisy/build/libdaisy.a(stm32h7xx_hal_qspi.o)
                0x000000000800b0e8                HAL_QSPI_Transmit
 .text.HAL_QSPI_Receive
                0x000000000800b1e4      0x108 ../../libDaisy/build/libdaisy.a(stm32h7xx_hal_qspi.o)
                0x000000000800b1e4                HAL_QSPI_Receive
 .text.HAL_QSPI_AutoPolling
                0x000000000800b2ec       0xf0 ../../libDaisy/build/libdaisy.a(stm32h7xx_hal_qspi.o)
                0x000000000800b2ec                HAL_QSPI_AutoPolling
 .text.HAL_QSPI_MemoryMapped
                0x000000000800b3dc       0xc0 ../../libDaisy/build/libdaisy.a(stm32h7xx_hal_qspi.o)
                0x000000000800b3dc                HAL_QSPI_MemoryMapped
 .text.HAL_QSPI_ErrorCallback
                0x000000000800b49c        0x4 ../../libDaisy/build/libdaisy.a(stm32h7xx_hal_qspi.o)
                0x000000000800b49c                HAL_QSPI_ErrorCallback
 .text.QSPI_DMAAbortCplt
                0x000000000800b4a0       0x38 ../../libDaisy/build/libdaisy.a(stm32h7xx_hal_qspi.o)
 .text.HAL_QSPI_AbortCpltCallback
                0x000000000800b4d8        0x4 ../../libDaisy/build/libdaisy.a(stm32h7xx_hal_qspi.o)
                0x000000000800b4d8                HAL_QSPI_AbortCpltCallback
 .text.HAL_QSPI_CmdCpltCallback
                0x000000000800b4dc        0x4 ../../libDaisy/build/libdaisy.a(stm32h7xx_hal_qspi.o)
                0x000000000800b4dc                HAL_QSPI_CmdCpltCallback
 .text.HAL_QSPI_RxCpltCallback
                0x000000000800b4e0        0x4 ../../libDaisy/build/libdaisy.a(stm32h7xx_hal_qspi.o)
                0x000000000800b4e0                HAL_QSPI_RxCpltCallback
 .text.HAL_QSPI_TxCpltCallback
                0x000000000800b4e4        0x4 ../../libDaisy/build/libdaisy.a(stm32h7xx_hal_qspi.o)
                0x000000000800b4e4                HAL_QSPI_TxCpltCallback
 .text.HAL_QSPI_FifoThresholdCallback
                0x000000000800b4e8        0x4 ../../libDaisy/build/libdaisy.a(stm32h7xx_hal_qspi.o)
                0x000000000800b4e8                HAL_QSPI_FifoThresholdCallback
 .text.HAL_QSPI_StatusMatchCallback
                0x000000000800b4ec        0x4 ../../libDaisy/build/libdaisy.a(stm32h7xx_hal_qspi.o)
                0x000000000800b4ec                HAL_QSPI_StatusMatchCallback
 .text.HAL_QSPI_TimeOutCallback
                0x000000000800b4f0        0x4 ../../libDaisy/build/libdaisy.a(stm32h7xx_hal_qspi.o)
                0x000000000800b4f0                HAL_QSPI_TimeOutCallback
 .text.HAL_QSPI_IRQHandler
                0x000000000800b4f4      0x210 ../../libDaisy/build/libdaisy.a(stm32h7xx_hal_qspi.o)
                0x000000000800b4f4                HAL_QSPI_IRQHandler
 .text.HAL_SAI_Init.part.0
                0x000000000800b704      0x348 ../../libDaisy/build/libdaisy.a(stm32h7xx_hal_sai.o)
 .text.HAL_SAI_InitProtocol
                0x000000000800ba4c      0x178 ../../libDaisy/build/libdaisy.a(stm32h7xx_hal_sai.o)
                0x000000000800ba4c                HAL_SAI_InitProtocol
 .text.HAL_SAI_Transmit_DMA
                0x000000000800bbc4      0x124 ../../libDaisy/build/libdaisy.a(stm32h7xx_hal_sai.o)
                0x000000000800bbc4                HAL_SAI_Transmit_DMA
 .text.HAL_SAI_Receive_DMA
                0x000000000800bce8       0xd0 ../../libDaisy/build/libdaisy.a(stm32h7xx_hal_sai.o)
                0x000000000800bce8                HAL_SAI_Receive_DMA
 .text.HAL_SAI_TxCpltCallback
                0x000000000800bdb8        0x4 ../../libDaisy/build/libdaisy.a(stm32h7xx_hal_sai.o)
                0x000000000800bdb8                HAL_SAI_TxCpltCallback
 .text.SAI_DMATxCplt
                0x000000000800bdbc       0x64 ../../libDaisy/build/libdaisy.a(stm32h7xx_hal_sai.o)
 .text.HAL_SAI_TxHalfCpltCallback
                0x000000000800be20        0x4 ../../libDaisy/build/libdaisy.a(stm32h7xx_hal_sai.o)
                0x000000000800be20                HAL_SAI_TxHalfCpltCallback
 .text.SAI_DMATxHalfCplt
                0x000000000800be24        0xc ../../libDaisy/build/libdaisy.a(stm32h7xx_hal_sai.o)
 .text.SAI_DMARxCplt
                0x000000000800be30       0x64 ../../libDaisy/build/libdaisy.a(stm32h7xx_hal_sai.o)
 .text.SAI_DMARxHalfCplt
                0x000000000800be94        0xc ../../libDaisy/build/libdaisy.a(stm32h7xx_hal_sai.o)
 .text.HAL_SAI_ErrorCallback
                0x000000000800bea0        0x4 ../../libDaisy/build/libdaisy.a(stm32h7xx_hal_sai.o)
                0x000000000800bea0                HAL_SAI_ErrorCallback
 .text.SAI_DMAError
                0x000000000800bea4       0x6c ../../libDaisy/build/libdaisy.a(stm32h7xx_hal_sai.o)
 .text.HAL_SDRAM_Init
                0x000000000800bf10       0x54 ../../libDaisy/build/libdaisy.a(stm32h7xx_hal_sdram.o)
                0x000000000800bf10                HAL_SDRAM_Init
 .text.HAL_SDRAM_SendCommand
                0x000000000800bf64       0x40 ../../libDaisy/build/libdaisy.a(stm32h7xx_hal_sdram.o)
                0x000000000800bf64                HAL_SDRAM_SendCommand
 .text.HAL_SDRAM_ProgramRefreshRate
                0x000000000800bfa4       0x30 ../../libDaisy/build/libdaisy.a(stm32h7xx_hal_sdram.o)
                0x000000000800bfa4                HAL_SDRAM_ProgramRefreshRate
 .text.FMC_SDRAM_Init
                0x000000000800bfd4       0x7c ../../libDaisy/build/libdaisy.a(stm32h7xx_ll_fmc.o)
                0x000000000800bfd4                FMC_SDRAM_Init
 .text.FMC_SDRAM_Timing_Init
                0x000000000800c050       0x98 ../../libDaisy/build/libdaisy.a(stm32h7xx_ll_fmc.o)
                0x000000000800c050                FMC_SDRAM_Timing_Init
 .text.FMC_SDRAM_SendCommand
                0x000000000800c0e8       0x28 ../../libDaisy/build/libdaisy.a(stm32h7xx_ll_fmc.o)
                0x000000000800c0e8                FMC_SDRAM_SendCommand
 .text.FMC_SDRAM_ProgramRefreshRate
                0x000000000800c110       0x1c ../../libDaisy/build/libdaisy.a(stm32h7xx_ll_fmc.o)
                0x000000000800c110                FMC_SDRAM_ProgramRefreshRate
 .text.USBH_LL_IncTimer
                0x000000000800c12c       0x20 ../../libDaisy/build/libdaisy.a(usbh_core.o)
                0x000000000800c12c                USBH_LL_IncTimer
 .text.USBH_LL_PortEnabled
                0x000000000800c14c        0x8 ../../libDaisy/build/libdaisy.a(usbh_core.o)
                0x000000000800c14c                USBH_LL_PortEnabled
 .text.USBH_LL_PortDisabled
                0x000000000800c154        0x8 ../../libDaisy/build/libdaisy.a(usbh_core.o)
                0x000000000800c154                USBH_LL_PortDisabled
 .text.USBH_LL_Connect
                0x000000000800c15c       0x18 ../../libDaisy/build/libdaisy.a(usbh_core.o)
                0x000000000800c15c                USBH_LL_Connect
 .text.USBH_LL_Disconnect
                0x000000000800c174       0x2c ../../libDaisy/build/libdaisy.a(usbh_core.o)
                0x000000000800c174                USBH_LL_Disconnect
 .text.USBH_FreePipe
                0x000000000800c1a0       0x18 ../../libDaisy/build/libdaisy.a(usbh_pipes.o)
                0x000000000800c1a0                USBH_FreePipe
 .text._ZN5daisy6Random4InitEv
                0x000000000800c1b8       0x3c ../../libDaisy/build/libdaisy.a(rng.o)
                0x000000000800c1b8                daisy::Random::Init()
 .text._ZN5daisy9SpiHandle4Impl7InitDmaEv
                0x000000000800c1f4       0xec ../../libDaisy/build/libdaisy.a(spi.o)
                0x000000000800c1f4                daisy::SpiHandle::Impl::InitDma()
 .text._ZN5daisy9SpiHandle4Impl10StartDmaTxEPhjPFvPvEPFvS3_NS0_6ResultEES3_
                0x000000000800c2e0       0xc8 ../../libDaisy/build/libdaisy.a(spi.o)
                0x000000000800c2e0                daisy::SpiHandle::Impl::StartDmaTx(unsigned char*, unsigned int, void (*)(void*), void (*)(void*, daisy::SpiHandle::Result), void*)
 .text._ZN5daisy9SpiHandle4Impl10StartDmaRxEPhjPFvPvEPFvS3_NS0_6ResultEES3_
                0x000000000800c3a8       0xc8 ../../libDaisy/build/libdaisy.a(spi.o)
                0x000000000800c3a8                daisy::SpiHandle::Impl::StartDmaRx(unsigned char*, unsigned int, void (*)(void*), void (*)(void*, daisy::SpiHandle::Result), void*)
 .text._ZN5daisy9SpiHandle4Impl12StartDmaRxTxEPhS2_jPFvPvEPFvS3_NS0_6ResultEES3_
                0x000000000800c470       0xcc ../../libDaisy/build/libdaisy.a(spi.o)
                0x000000000800c470                daisy::SpiHandle::Impl::StartDmaRxTx(unsigned char*, unsigned char*, unsigned int, void (*)(void*), void (*)(void*, daisy::SpiHandle::Result), void*)
 .text._ZN5daisy9SpiHandle4Impl8InitPinsEv
                0x000000000800c53c      0x274 ../../libDaisy/build/libdaisy.a(spi.o)
                0x000000000800c53c                daisy::SpiHandle::Impl::InitPins()
 .text.HAL_SPI_MspInit
                0x000000000800c7b0      0x1a8 ../../libDaisy/build/libdaisy.a(spi.o)
                0x000000000800c7b0                HAL_SPI_MspInit
 .text.dsy_spi_global_init
                0x000000000800c958       0x80 ../../libDaisy/build/libdaisy.a(spi.o)
                0x000000000800c958                dsy_spi_global_init
 .text.SPI1_IRQHandler
                0x000000000800c9d8        0xc ../../libDaisy/build/libdaisy.a(spi.o)
                0x000000000800c9d8                SPI1_IRQHandler
 .text.SPI2_IRQHandler
                0x000000000800c9e4        0xc ../../libDaisy/build/libdaisy.a(spi.o)
                0x000000000800c9e4                SPI2_IRQHandler
 .text.SPI3_IRQHandler
                0x000000000800c9f0        0xc ../../libDaisy/build/libdaisy.a(spi.o)
                0x000000000800c9f0                SPI3_IRQHandler
 .text.SPI4_IRQHandler
                0x000000000800c9fc        0xc ../../libDaisy/build/libdaisy.a(spi.o)
                0x000000000800c9fc                SPI4_IRQHandler
 .text.SPI5_IRQHandler
                0x000000000800ca08        0xc ../../libDaisy/build/libdaisy.a(spi.o)
                0x000000000800ca08                SPI5_IRQHandler
 .text.DMA2_Stream2_IRQHandler
                0x000000000800ca14       0x34 ../../libDaisy/build/libdaisy.a(spi.o)
                0x000000000800ca14                DMA2_Stream2_IRQHandler
 .text.DMA2_Stream3_IRQHandler
                0x000000000800ca48       0x38 ../../libDaisy/build/libdaisy.a(spi.o)
                0x000000000800ca48                DMA2_Stream3_IRQHandler
 .text.HAL_SPI_TxCpltCallback
                0x000000000800ca80       0xc4 ../../libDaisy/build/libdaisy.a(spi.o)
                0x000000000800ca80                HAL_SPI_TxCpltCallback
 .text.HAL_SPI_RxCpltCallback
                0x000000000800cb44       0xc4 ../../libDaisy/build/libdaisy.a(spi.o)
                0x000000000800cb44                HAL_SPI_RxCpltCallback
 .text.HAL_SPI_TxRxCpltCallback
                0x000000000800cc08       0xc4 ../../libDaisy/build/libdaisy.a(spi.o)
                0x000000000800cc08                HAL_SPI_TxRxCpltCallback
 .text.HAL_SPI_ErrorCallback
                0x000000000800cccc       0xc8 ../../libDaisy/build/libdaisy.a(spi.o)
                0x000000000800cccc                HAL_SPI_ErrorCallback
 .text.startup._GLOBAL__sub_I__Z19MapInstanceToHandleP11SPI_TypeDef
                0x000000000800cd94      0x1b0 ../../libDaisy/build/libdaisy.a(spi.o)
 .text.HAL_TIM_Base_MspInit
                0x000000000800cf44      0x1e0 ../../libDaisy/build/libdaisy.a(tim.o)
                0x000000000800cf44                HAL_TIM_Base_MspInit
 .text.HAL_TIM_PeriodElapsedCallback
                0x000000000800d124       0x44 ../../libDaisy/build/libdaisy.a(tim.o)
                0x000000000800d124                HAL_TIM_PeriodElapsedCallback
 .text.TIM2_IRQHandler
                0x000000000800d168        0xc ../../libDaisy/build/libdaisy.a(tim.o)
                0x000000000800d168                TIM2_IRQHandler
 .text.TIM3_IRQHandler
                0x000000000800d174        0xc ../../libDaisy/build/libdaisy.a(tim.o)
                0x000000000800d174                TIM3_IRQHandler
 .text.TIM4_IRQHandler
                0x000000000800d180        0xc ../../libDaisy/build/libdaisy.a(tim.o)
                0x000000000800d180                TIM4_IRQHandler
 .text.TIM5_IRQHandler
                0x000000000800d18c        0xc ../../libDaisy/build/libdaisy.a(tim.o)
                0x000000000800d18c                TIM5_IRQHandler
 .text._ZN5daisy11TimerHandle4InitERKNS0_6ConfigE
                0x000000000800d198       0xd0 ../../libDaisy/build/libdaisy.a(tim.o)
                0x000000000800d198                daisy::TimerHandle::Init(daisy::TimerHandle::Config const&)
 .text._ZN5daisy11TimerHandle5StartEv
                0x000000000800d268       0x24 ../../libDaisy/build/libdaisy.a(tim.o)
                0x000000000800d268                daisy::TimerHandle::Start()
 .text.startup._GLOBAL__sub_I__ZN5daisy11TimerHandle4Impl4InitERKNS0_6ConfigE
                0x000000000800d28c       0x38 ../../libDaisy/build/libdaisy.a(tim.o)
 .text._ZL20UART_CheckRxListenerPN5daisy11UartHandler4ImplE
                0x000000000800d2c4       0x84 ../../libDaisy/build/libdaisy.a(uart.o)
 .text._ZN5daisy11UartHandler4Impl10StartDmaTxEPhjPFvPvEPFvS3_NS0_6ResultEES3_
                0x000000000800d348      0x184 ../../libDaisy/build/libdaisy.a(uart.o)
                0x000000000800d348                daisy::UartHandler::Impl::StartDmaTx(unsigned char*, unsigned int, void (*)(void*), void (*)(void*, daisy::UartHandler::Result), void*)
 .text._ZN5daisy11UartHandler4Impl10StartDmaRxEPhjPFvPvEPFvS3_NS0_6ResultEES3_
                0x000000000800d4cc      0x184 ../../libDaisy/build/libdaisy.a(uart.o)
                0x000000000800d4cc                daisy::UartHandler::Impl::StartDmaRx(unsigned char*, unsigned int, void (*)(void*), void (*)(void*, daisy::UartHandler::Result), void*)
 .text._ZN5daisy11UartHandler4Impl19DmaTransferFinishedEP20__UART_HandleTypeDefNS0_6ResultE
                0x000000000800d650       0xc0 ../../libDaisy/build/libdaisy.a(uart.o)
                0x000000000800d650                daisy::UartHandler::Impl::DmaTransferFinished(__UART_HandleTypeDef*, daisy::UartHandler::Result)
 .text._ZN5daisy11UartHandler4Impl8InitPinsEv
                0x000000000800d710      0x154 ../../libDaisy/build/libdaisy.a(uart.o)
                0x000000000800d710                daisy::UartHandler::Impl::InitPins()
 .text.HAL_UART_MspInit
                0x000000000800d864      0x210 ../../libDaisy/build/libdaisy.a(uart.o)
                0x000000000800d864                HAL_UART_MspInit
 .text.dsy_uart_global_init
                0x000000000800da74      0x110 ../../libDaisy/build/libdaisy.a(uart.o)
                0x000000000800da74                dsy_uart_global_init
 .text.USART1_IRQHandler
                0x000000000800db84       0x2c ../../libDaisy/build/libdaisy.a(uart.o)
                0x000000000800db84                USART1_IRQHandler
 .text.USART2_IRQHandler
                0x000000000800dbb0       0x34 ../../libDaisy/build/libdaisy.a(uart.o)
                0x000000000800dbb0                USART2_IRQHandler
 .text.USART3_IRQHandler
                0x000000000800dbe4       0x34 ../../libDaisy/build/libdaisy.a(uart.o)
                0x000000000800dbe4                USART3_IRQHandler
 .text.UART4_IRQHandler
                0x000000000800dc18       0x34 ../../libDaisy/build/libdaisy.a(uart.o)
                0x000000000800dc18                UART4_IRQHandler
 .text.UART5_IRQHandler
                0x000000000800dc4c       0x34 ../../libDaisy/build/libdaisy.a(uart.o)
                0x000000000800dc4c                UART5_IRQHandler
 .text.USART6_IRQHandler
                0x000000000800dc80       0x34 ../../libDaisy/build/libdaisy.a(uart.o)
                0x000000000800dc80                USART6_IRQHandler
 .text.UART7_IRQHandler
                0x000000000800dcb4       0x34 ../../libDaisy/build/libdaisy.a(uart.o)
                0x000000000800dcb4                UART7_IRQHandler
 .text.UART8_IRQHandler
                0x000000000800dce8       0x34 ../../libDaisy/build/libdaisy.a(uart.o)
                0x000000000800dce8                UART8_IRQHandler
 .text.LPUART1_IRQHandler
                0x000000000800dd1c       0x34 ../../libDaisy/build/libdaisy.a(uart.o)
                0x000000000800dd1c                LPUART1_IRQHandler
 .text.DMA1_Stream5_IRQHandler
                0x000000000800dd50       0x34 ../../libDaisy/build/libdaisy.a(uart.o)
                0x000000000800dd50                DMA1_Stream5_IRQHandler
 .text.DMA2_Stream4_IRQHandler
                0x000000000800dd84       0x38 ../../libDaisy/build/libdaisy.a(uart.o)
                0x000000000800dd84                DMA2_Stream4_IRQHandler
 .text.HAL_UART_TxCpltCallback
                0x000000000800ddbc        0x8 ../../libDaisy/build/libdaisy.a(uart.o)
                0x000000000800ddbc                HAL_UART_TxCpltCallback
 .text.HAL_UART_RxCpltCallback
                0x000000000800ddc4       0x94 ../../libDaisy/build/libdaisy.a(uart.o)
                0x000000000800ddc4                HAL_UART_RxCpltCallback
 .text.HAL_UART_RxHalfCpltCallback
                0x000000000800de58       0x90 ../../libDaisy/build/libdaisy.a(uart.o)
                0x000000000800de58                HAL_UART_RxHalfCpltCallback
 .text.HAL_UART_ErrorCallback
                0x000000000800dee8        0x8 ../../libDaisy/build/libdaisy.a(uart.o)
                0x000000000800dee8                HAL_UART_ErrorCallback
 .text.startup._GLOBAL__sub_I__Z19MapInstanceToHandleP13USART_TypeDef
                0x000000000800def0      0x194 ../../libDaisy/build/libdaisy.a(uart.o)
 .text.dsy_dma_init
                0x000000000800e084      0x100 ../../libDaisy/build/libdaisy.a(dma.o)
                0x000000000800e084                dsy_dma_init
 .text.dsy_dma_invalidate_cache_for_buffer
                0x000000000800e184       0x2c ../../libDaisy/build/libdaisy.a(dma.o)
                0x000000000800e184                dsy_dma_invalidate_cache_for_buffer
 .text.HAL_MDMA_Abort_IT
                0x000000000800e1b0       0x2c ../../libDaisy/build/libdaisy.a(stm32h7xx_hal_mdma.o)
                0x000000000800e1b0                HAL_MDMA_Abort_IT
 .text.SPI_CloseTransfer
                0x000000000800e1dc       0xb8 ../../libDaisy/build/libdaisy.a(stm32h7xx_hal_spi.o)
 .text.HAL_SPI_Init
                0x000000000800e294      0x15c ../../libDaisy/build/libdaisy.a(stm32h7xx_hal_spi.o)
                0x000000000800e294                HAL_SPI_Init
 .text.HAL_SPI_Transmit_DMA
                0x000000000800e3f0      0x170 ../../libDaisy/build/libdaisy.a(stm32h7xx_hal_spi.o)
                0x000000000800e3f0                HAL_SPI_Transmit_DMA
 .text.HAL_SPI_TransmitReceive_DMA
                0x000000000800e560      0x218 ../../libDaisy/build/libdaisy.a(stm32h7xx_hal_spi.o)
                0x000000000800e560                HAL_SPI_TransmitReceive_DMA
 .text.HAL_SPI_Receive_DMA
                0x000000000800e778      0x1b4 ../../libDaisy/build/libdaisy.a(stm32h7xx_hal_spi.o)
                0x000000000800e778                HAL_SPI_Receive_DMA
 .text.SPI_DMATransmitCplt
                0x000000000800e92c       0x28 ../../libDaisy/build/libdaisy.a(stm32h7xx_hal_spi.o)
 .text.SPI_DMAReceiveCplt
                0x000000000800e954       0x28 ../../libDaisy/build/libdaisy.a(stm32h7xx_hal_spi.o)
 .text.SPI_DMATransmitReceiveCplt
                0x000000000800e97c       0x28 ../../libDaisy/build/libdaisy.a(stm32h7xx_hal_spi.o)
 .text.HAL_SPI_TxHalfCpltCallback
                0x000000000800e9a4        0x4 ../../libDaisy/build/libdaisy.a(stm32h7xx_hal_spi.o)
                0x000000000800e9a4                HAL_SPI_TxHalfCpltCallback
 .text.SPI_DMAHalfTransmitCplt
                0x000000000800e9a8        0xc ../../libDaisy/build/libdaisy.a(stm32h7xx_hal_spi.o)
 .text.HAL_SPI_RxHalfCpltCallback
                0x000000000800e9b4        0x4 ../../libDaisy/build/libdaisy.a(stm32h7xx_hal_spi.o)
                0x000000000800e9b4                HAL_SPI_RxHalfCpltCallback
 .text.SPI_DMAHalfReceiveCplt
                0x000000000800e9b8        0xc ../../libDaisy/build/libdaisy.a(stm32h7xx_hal_spi.o)
 .text.HAL_SPI_TxRxHalfCpltCallback
                0x000000000800e9c4        0x4 ../../libDaisy/build/libdaisy.a(stm32h7xx_hal_spi.o)
                0x000000000800e9c4                HAL_SPI_TxRxHalfCpltCallback
 .text.SPI_DMAHalfTransmitReceiveCplt
                0x000000000800e9c8        0xc ../../libDaisy/build/libdaisy.a(stm32h7xx_hal_spi.o)
 .text.SPI_DMAError
                0x000000000800e9d4       0xd8 ../../libDaisy/build/libdaisy.a(stm32h7xx_hal_spi.o)
 .text.HAL_SPI_IRQHandler
                0x000000000800eaac      0x23c ../../libDaisy/build/libdaisy.a(stm32h7xx_hal_spi.o)
                0x000000000800eaac                HAL_SPI_IRQHandler
 .text.SPI_DMAAbortOnError
                0x000000000800ece8       0x1c ../../libDaisy/build/libdaisy.a(stm32h7xx_hal_spi.o)
 .text.HAL_SPI_GetState
                0x000000000800ed04        0x8 ../../libDaisy/build/libdaisy.a(stm32h7xx_hal_spi.o)
                0x000000000800ed04                HAL_SPI_GetState
 .text.HAL_TIM_Base_Init
                0x000000000800ed0c      0x140 ../../libDaisy/build/libdaisy.a(stm32h7xx_hal_tim.o)
                0x000000000800ed0c                HAL_TIM_Base_Init
 .text.HAL_TIM_Base_Start
                0x000000000800ee4c       0x34 ../../libDaisy/build/libdaisy.a(stm32h7xx_hal_tim.o)
                0x000000000800ee4c                HAL_TIM_Base_Start
 .text.HAL_TIM_Base_Start_IT
                0x000000000800ee80       0x2c ../../libDaisy/build/libdaisy.a(stm32h7xx_hal_tim.o)
                0x000000000800ee80                HAL_TIM_Base_Start_IT
 .text.HAL_TIM_ConfigClockSource
                0x000000000800eeac      0x17c ../../libDaisy/build/libdaisy.a(stm32h7xx_hal_tim.o)
                0x000000000800eeac                HAL_TIM_ConfigClockSource
 .text.HAL_TIM_OC_DelayElapsedCallback
                0x000000000800f028        0x4 ../../libDaisy/build/libdaisy.a(stm32h7xx_hal_tim.o)
                0x000000000800f028                HAL_TIM_OC_DelayElapsedCallback
 .text.HAL_TIM_IC_CaptureCallback
                0x000000000800f02c        0x4 ../../libDaisy/build/libdaisy.a(stm32h7xx_hal_tim.o)
                0x000000000800f02c                HAL_TIM_IC_CaptureCallback
 .text.HAL_TIM_PWM_PulseFinishedCallback
                0x000000000800f030        0x4 ../../libDaisy/build/libdaisy.a(stm32h7xx_hal_tim.o)
                0x000000000800f030                HAL_TIM_PWM_PulseFinishedCallback
 .text.HAL_TIM_TriggerCallback
                0x000000000800f034        0x4 ../../libDaisy/build/libdaisy.a(stm32h7xx_hal_tim.o)
                0x000000000800f034                HAL_TIM_TriggerCallback
 .text.HAL_TIM_IRQHandler
                0x000000000800f038      0x170 ../../libDaisy/build/libdaisy.a(stm32h7xx_hal_tim.o)
                0x000000000800f038                HAL_TIM_IRQHandler
 .text.HAL_TIMEx_MasterConfigSynchronization
                0x000000000800f1a8       0x64 ../../libDaisy/build/libdaisy.a(stm32h7xx_hal_tim_ex.o)
                0x000000000800f1a8                HAL_TIMEx_MasterConfigSynchronization
 .text.HAL_TIMEx_CommutCallback
                0x000000000800f20c        0x4 ../../libDaisy/build/libdaisy.a(stm32h7xx_hal_tim_ex.o)
                0x000000000800f20c                HAL_TIMEx_CommutCallback
 .text.HAL_TIMEx_BreakCallback
                0x000000000800f210        0x4 ../../libDaisy/build/libdaisy.a(stm32h7xx_hal_tim_ex.o)
                0x000000000800f210                HAL_TIMEx_BreakCallback
 .text.HAL_TIMEx_Break2Callback
                0x000000000800f214        0x4 ../../libDaisy/build/libdaisy.a(stm32h7xx_hal_tim_ex.o)
                0x000000000800f214                HAL_TIMEx_Break2Callback
 .text.HAL_UART_Transmit_DMA
                0x000000000800f218       0xa4 ../../libDaisy/build/libdaisy.a(stm32h7xx_hal_uart.o)
                0x000000000800f218                HAL_UART_Transmit_DMA
 .text.HAL_UART_Receive_DMA
                0x000000000800f2bc       0xac ../../libDaisy/build/libdaisy.a(stm32h7xx_hal_uart.o)
                0x000000000800f2bc                HAL_UART_Receive_DMA
 .text.UART_DMATransmitCplt
                0x000000000800f368       0x2c ../../libDaisy/build/libdaisy.a(stm32h7xx_hal_uart.o)
 .text.HAL_UART_TxHalfCpltCallback
                0x000000000800f394        0x4 ../../libDaisy/build/libdaisy.a(stm32h7xx_hal_uart.o)
                0x000000000800f394                HAL_UART_TxHalfCpltCallback
 .text.UART_DMATxHalfCplt
                0x000000000800f398        0xc ../../libDaisy/build/libdaisy.a(stm32h7xx_hal_uart.o)
 .text.UART_DMAReceiveCplt
                0x000000000800f3a4       0x38 ../../libDaisy/build/libdaisy.a(stm32h7xx_hal_uart.o)
 .text.UART_DMARxHalfCplt
                0x000000000800f3dc        0xc ../../libDaisy/build/libdaisy.a(stm32h7xx_hal_uart.o)
 .text.UART_DMAError
                0x000000000800f3e8       0x78 ../../libDaisy/build/libdaisy.a(stm32h7xx_hal_uart.o)
 .text.HAL_UART_IRQHandler
                0x000000000800f460      0x1d0 ../../libDaisy/build/libdaisy.a(stm32h7xx_hal_uart.o)
                0x000000000800f460                HAL_UART_IRQHandler
 .text.UART_DMAAbortOnError
                0x000000000800f630       0x14 ../../libDaisy/build/libdaisy.a(stm32h7xx_hal_uart.o)
 .text.HAL_UART_GetState
                0x000000000800f644        0xc ../../libDaisy/build/libdaisy.a(stm32h7xx_hal_uart.o)
                0x000000000800f644                HAL_UART_GetState
 .text.UART_SetConfig
                0x000000000800f650     0x14b8 ../../libDaisy/build/libdaisy.a(stm32h7xx_hal_uart.o)
                0x000000000800f650                UART_SetConfig
 .text.UART_AdvFeatureConfig
                0x0000000008010b08       0xb0 ../../libDaisy/build/libdaisy.a(stm32h7xx_hal_uart.o)
                0x0000000008010b08                UART_AdvFeatureConfig
 .text.UART_CheckIdleState
                0x0000000008010bb8       0x84 ../../libDaisy/build/libdaisy.a(stm32h7xx_hal_uart.o)
                0x0000000008010bb8                UART_CheckIdleState
 .text.HAL_UART_Init
                0x0000000008010c3c       0x68 ../../libDaisy/build/libdaisy.a(stm32h7xx_hal_uart.o)
                0x0000000008010c3c                HAL_UART_Init
 .text.HAL_UARTEx_WakeupCallback
                0x0000000008010ca4        0x4 ../../libDaisy/build/libdaisy.a(stm32h7xx_hal_uart_ex.o)
                0x0000000008010ca4                HAL_UARTEx_WakeupCallback
 .text.HAL_UARTEx_RxFifoFullCallback
                0x0000000008010ca8        0x4 ../../libDaisy/build/libdaisy.a(stm32h7xx_hal_uart_ex.o)
                0x0000000008010ca8                HAL_UARTEx_RxFifoFullCallback
 .text.HAL_UARTEx_TxFifoEmptyCallback
                0x0000000008010cac        0x4 ../../libDaisy/build/libdaisy.a(stm32h7xx_hal_uart_ex.o)
                0x0000000008010cac                HAL_UARTEx_TxFifoEmptyCallback
 .text._ZN7daisysp10Oscillator7ProcessEv
                0x0000000008010cb0      0x374 ../../DaisySP/build/libdaisysp.a(oscillator.o)
                0x0000000008010cb0                daisysp::Oscillator::Process()
 .text._ZN7daisysp10Oscillator12CalcPhaseIncEf
                0x0000000008011024        0xc ../../DaisySP/build/libdaisysp.a(oscillator.o)
                0x0000000008011024                daisysp::Oscillator::CalcPhaseInc(float)
 .text.__aeabi_atexit
                0x0000000008011030        0xa /home/pi/Developer/gcc-arm-none-eabi-10-2020-q4-major/bin/../lib/gcc/arm-none-eabi/10.2.1/../../../../arm-none-eabi/lib/thumb/v7e-m+dp/hard/libstdc++_nano.a(atexit_arm.o)
                0x0000000008011030                __aeabi_atexit
 *fill*         0x000000000801103a        0x6 
 .text.sinf     0x0000000008011040      0x20c /home/pi/Developer/gcc-arm-none-eabi-10-2020-q4-major/bin/../lib/gcc/arm-none-eabi/10.2.1/../../../../arm-none-eabi/lib/thumb/v7e-m+dp/hard/libm.a(lib_a-sinf.o)
                0x0000000008011040                sinf
 .text.with_errnof
                0x000000000801124c       0x18 /home/pi/Developer/gcc-arm-none-eabi-10-2020-q4-major/bin/../lib/gcc/arm-none-eabi/10.2.1/../../../../arm-none-eabi/lib/thumb/v7e-m+dp/hard/libm.a(lib_a-math_errf.o)
 .text.__math_invalidf
                0x0000000008011264       0x20 /home/pi/Developer/gcc-arm-none-eabi-10-2020-q4-major/bin/../lib/gcc/arm-none-eabi/10.2.1/../../../../arm-none-eabi/lib/thumb/v7e-m+dp/hard/libm.a(lib_a-math_errf.o)
                0x0000000008011264                __math_invalidf
 .text.__cxa_atexit